../Core/Src/main.c:102:5:main	8	static
../Core/Src/main.c:159:6:SystemClock_Config	88	static
../Core/Src/main.c:199:6:plotter_move	40	static
../Core/Src/main.c:231:6:plotter_handle_state_transition	8	static
../Core/Src/main.c:326:6:plotter_process_jog_mode	32	static
../Core/Src/main.c:503:6:plotter_process_writing_state	8	static
../Core/Src/main.c:512:6:plotter_process_moving_mode	16	static
../Core/Src/main.c:553:6:plotter_process_return_to_home	8	static
../Core/Src/main.c:602:6:plotter_process_emergency	8	static
../Core/Src/main.c:614:6:plotter_process_trajectory_control	32	static
../Core/Src/main.c:642:6:plotter_update_trajectories	24	static
../Core/Src/main.c:683:10:getPointRegisterR	16	static
../Core/Src/main.c:710:10:getPointRegisterT	16	static
../Core/Src/main.c:737:9:getNumberOfSetPoints	4	static
../Core/Src/main.c:767:6:HAL_GPIO_EXTI_Callback	16	static
../Core/Src/main.c:774:6:HAL_UART_RxCpltCallback	16	static
../Core/Src/main.c:780:6:HAL_TIM_PeriodElapsedCallback	16	static
../Core/Src/main.c:888:6:Error_Handler	4	static,ignoring_inline_asm
