../Core/Src/main.c:119:5:main	32	static
../Core/Src/main.c:179:6:SystemClock_Config	88	static
../Core/Src/main.c:219:6:check_prismatic_limit	4	static
../Core/Src/main.c:233:6:check_revolute_limit	4	static
../Core/Src/main.c:244:6:is_valid_target	16	static
../Core/Src/main.c:257:6:plotter_move	40	static
../Core/Src/main.c:320:6:plotter_joymove	8	static
../Core/Src/main.c:359:6:plotter_handle_state_transition	8	static
../Core/Src/main.c:456:6:plotter_process_jog_mode	32	static
../Core/Src/main.c:637:6:plotter_process_writing_state	8	static
../Core/Src/main.c:648:6:plotter_process_moving_mode	16	static
../Core/Src/main.c:690:6:plotter_process_return_to_home	8	static
../Core/Src/main.c:748:6:plotter_process_emergency	8	static
../Core/Src/main.c:760:6:plotter_process_trajectory_control	32	static
../Core/Src/main.c:795:6:plotter_update_trajectories	24	static
../Core/Src/main.c:838:10:getPointRegisterR	16	static
../Core/Src/main.c:865:10:getPointRegisterT	16	static
../Core/Src/main.c:892:9:getNumberOfSetPoints	4	static
../Core/Src/main.c:922:6:HAL_GPIO_EXTI_Callback	16	static
../Core/Src/main.c:929:6:HAL_UART_RxCpltCallback	16	static
../Core/Src/main.c:935:6:HAL_TIM_PeriodElapsedCallback	16	static
../Core/Src/main.c:1061:6:Error_Handler	4	static,ignoring_inline_asm
