../Core/Src/main.c:113:5:main	8	static
../Core/Src/main.c:170:6:SystemClock_Config	88	static
../Core/Src/main.c:210:6:check_prismatic_limit	4	static
../Core/Src/main.c:224:6:check_revolute_limit	4	static
../Core/Src/main.c:235:6:is_valid_target	16	static
../Core/Src/main.c:248:6:plotter_move	40	static
../Core/Src/main.c:311:6:plotter_joymove	8	static
../Core/Src/main.c:350:6:plotter_handle_state_transition	8	static
../Core/Src/main.c:447:6:plotter_process_jog_mode	32	static
../Core/Src/main.c:628:6:plotter_process_writing_state	8	static
../Core/Src/main.c:639:6:plotter_process_moving_mode	16	static
../Core/Src/main.c:681:6:plotter_process_return_to_home	8	static
../Core/Src/main.c:739:6:plotter_process_emergency	8	static
../Core/Src/main.c:751:6:plotter_process_trajectory_control	32	static
../Core/Src/main.c:786:6:plotter_update_trajectories	24	static
../Core/Src/main.c:829:10:getPointRegisterR	16	static
../Core/Src/main.c:856:10:getPointRegisterT	16	static
../Core/Src/main.c:883:9:getNumberOfSetPoints	4	static
../Core/Src/main.c:913:6:HAL_GPIO_EXTI_Callback	16	static
../Core/Src/main.c:920:6:HAL_UART_RxCpltCallback	16	static
../Core/Src/main.c:926:6:HAL_TIM_PeriodElapsedCallback	16	static
../Core/Src/main.c:1041:6:Error_Handler	4	static,ignoring_inline_asm
