../Core/Src/main.c:112:5:main	8	static
../Core/Src/main.c:169:6:SystemClock_Config	88	static
../Core/Src/main.c:209:6:check_prismatic_limit	4	static
../Core/Src/main.c:215:6:check_revolute_limit	4	static
../Core/Src/main.c:220:6:plotter_move	40	static
../Core/Src/main.c:283:6:plotter_joymove	8	static
../Core/Src/main.c:322:6:plotter_handle_state_transition	8	static
../Core/Src/main.c:419:6:plotter_process_jog_mode	32	static
../Core/Src/main.c:600:6:plotter_process_writing_state	8	static
../Core/Src/main.c:611:6:plotter_process_moving_mode	16	static
../Core/Src/main.c:653:6:plotter_process_return_to_home	8	static
../Core/Src/main.c:705:6:plotter_process_emergency	8	static
../Core/Src/main.c:717:6:plotter_process_trajectory_control	32	static
../Core/Src/main.c:753:6:plotter_update_trajectories	24	static
../Core/Src/main.c:796:10:getPointRegisterR	16	static
../Core/Src/main.c:823:10:getPointRegisterT	16	static
../Core/Src/main.c:850:9:getNumberOfSetPoints	4	static
../Core/Src/main.c:880:6:HAL_GPIO_EXTI_Callback	16	static
../Core/Src/main.c:887:6:HAL_UART_RxCpltCallback	16	static
../Core/Src/main.c:893:6:HAL_TIM_PeriodElapsedCallback	16	static
../Core/Src/main.c:1004:6:Error_Handler	4	static,ignoring_inline_asm
