../Drivers/CMSIS/Include/core_cm4.h:1933:34:__NVIC_SystemReset	4	static,ignoring_inline_asm
../Core/Src/main.c:331:5:main	16	static
../Core/Src/main.c:419:6:SystemClock_Config	88	static
../Core/Src/main.c:459:6:start_homing_sequence	24	static
../Core/Src/main.c:541:6:update_homing_sequence	88	static
../Core/Src/main.c:776:7:normalize_angle	24	static
../Core/Src/main.c:784:7:calculate_movement_deg	24	static
../Core/Src/main.c:824:6:start_combined_trajectory	80	static
../Core/Src/main.c:932:6:update_position_control	48	static
../Core/Src/main.c:953:6:update_velocity_control	56	static
../Core/Src/main.c:1022:6:update_control_loops	40	static
../Core/Src/main.c:1222:6:check_emergency_button	16	static
../Core/Src/main.c:1251:6:check_safety_conditions	8	static
../Core/Src/main.c:1266:6:trigger_software_emergency	8	static
../Core/Src/main.c:1283:6:trigger_hardware_emergency	8	static
../Core/Src/main.c:1301:6:clear_emergency_state	8	static
../Core/Src/main.c:1311:6:emergency_stop_all_motors	8	static
../Core/Src/main.c:1328:6:update_safety_system	8	static
../Core/Src/main.c:1363:6:is_emergency_active	4	static
../Core/Src/main.c:1367:6:enter_joy_mode	8	static
../Core/Src/main.c:1406:6:exit_joy_mode	8	static
../Core/Src/main.c:1451:6:save_current_position	40	static
../Core/Src/main.c:1495:6:start_position_playback	24	static
../Core/Src/main.c:1515:6:reset_joy_mode_data	16	static
../Core/Src/main.c:1540:6:update_joy_mode_velocity_control	96	static
../Core/Src/main.c:1706:6:update_joy_mode_pilot_light	8	static
../Core/Src/main.c:1718:6:update_joy_mode	40	static
../Core/Src/main.c:1873:6:handle_b2_button_polling	16	static
../Core/Src/main.c:1932:6:HAL_GPIO_EXTI_Callback	24	static
../Core/Src/main.c:2025:6:HAL_TIM_PeriodElapsedCallback	16	static
../Core/Src/main.c:2117:6:modbus_working	32	static
../Core/Src/main.c:2185:6:start_character_drawing	24	static
../Core/Src/main.c:2207:6:execute_next_drawing_point	24	static
../Core/Src/main.c:2238:6:update_character_drawing	8	static
../Core/Src/main.c:2246:6:draw_letter_F	8	static
../Core/Src/main.c:2251:6:draw_letter_I	8	static
../Core/Src/main.c:2256:6:draw_letter_B	8	static
../Core/Src/main.c:2261:6:draw_letter_O	8	static
../Core/Src/main.c:2266:6:draw_underscore	8	static
../Core/Src/main.c:2271:6:draw_letter_G	8	static
../Core/Src/main.c:2276:6:draw_number_0	8	static
../Core/Src/main.c:2281:6:draw_number_1	8	static
../Core/Src/main.c:2286:6:stop_character_drawing	8	static
../Core/Src/main.c:2294:6:is_drawing_active	4	static
../Core/Src/main.c:2298:6:start_word_FIBO_G01	8	static
../Core/Src/main.c:2311:6:draw_word_FIBO_G01	16	static
../Core/Src/main.c:2373:6:Error_Handler	4	static,ignoring_inline_asm
