../Drivers/CMSIS/Include/core_cm4.h:1933:34:__NVIC_SystemReset	4	static,ignoring_inline_asm
../Core/Src/main.c:149:5:main	8	static
../Core/Src/main.c:239:6:SystemClock_Config	88	static
../Core/Src/main.c:283:7:normalize_angle	24	static
../Core/Src/main.c:297:7:calculate_movement_deg	24	static
../Core/Src/main.c:342:6:start_combined_trajectory	72	static
../Core/Src/main.c:404:6:start_homing	8	static
../Core/Src/main.c:415:6:update_control_loops	80	static
../Core/Src/main.c:612:7:revolute_backlash_compensator	32	static
../Core/Src/main.c:651:7:prismatic_backlash_compensator	32	static
../Core/Src/main.c:689:6:manual_control_mode	16	static
../Core/Src/main.c:744:6:HAL_GPIO_EXTI_Callback	16	static
../Core/Src/main.c:755:6:HAL_UART_RxCpltCallback	16	static
../Core/Src/main.c:763:6:HAL_TIM_PeriodElapsedCallback	16	static
../Core/Src/main.c:976:6:Error_Handler	4	static,ignoring_inline_asm
