../Core/Src/main.c:119:5:main	8	static
../Core/Src/main.c:195:6:SystemClock_Config	88	static
../Core/Src/main.c:235:7:normalize_angle	24	static
../Core/Src/main.c:243:7:calculate_movement_deg	24	static
../Core/Src/main.c:283:6:start_combined_trajectory	56	static
../Core/Src/main.c:331:6:update_control_loops	72	static
../Core/Src/main.c:478:6:HAL_GPIO_EXTI_Callback	16	static
../Core/Src/main.c:497:6:HAL_UART_RxCpltCallback	16	static
../Core/Src/main.c:501:6:HAL_TIM_PeriodElapsedCallback	16	static
../Core/Src/main.c:544:6:Error_Handler	4	static,ignoring_inline_asm
