../Core/Src/main.c:118:5:main	8	static
../Core/Src/main.c:194:6:SystemClock_Config	88	static
../Core/Src/main.c:234:7:normalize_angle	24	static
../Core/Src/main.c:242:7:calculate_movement_deg	24	static
../Core/Src/main.c:282:6:start_combined_trajectory	56	static
../Core/Src/main.c:330:6:update_control_loops	72	static
../Core/Src/main.c:478:6:HAL_GPIO_EXTI_Callback	16	static
../Core/Src/main.c:497:6:HAL_UART_RxCpltCallback	16	static
../Core/Src/main.c:501:6:HAL_TIM_PeriodElapsedCallback	16	static
../Core/Src/main.c:545:6:Error_Handler	4	static,ignoring_inline_asm
