../Core/Src/main.c:112:5:main	8	static
../Core/Src/main.c:169:6:SystemClock_Config	88	static
../Core/Src/main.c:209:6:check_prismatic_limit	4	static
../Core/Src/main.c:223:6:check_revolute_limit	4	static
../Core/Src/main.c:233:6:plotter_move	40	static
../Core/Src/main.c:296:6:plotter_joymove	8	static
../Core/Src/main.c:335:6:plotter_handle_state_transition	8	static
../Core/Src/main.c:432:6:plotter_process_jog_mode	32	static
../Core/Src/main.c:613:6:plotter_process_writing_state	8	static
../Core/Src/main.c:624:6:plotter_process_moving_mode	16	static
../Core/Src/main.c:666:6:plotter_process_return_to_home	8	static
../Core/Src/main.c:724:6:plotter_process_emergency	8	static
../Core/Src/main.c:736:6:plotter_process_trajectory_control	32	static
../Core/Src/main.c:772:6:plotter_update_trajectories	24	static
../Core/Src/main.c:815:10:getPointRegisterR	16	static
../Core/Src/main.c:842:10:getPointRegisterT	16	static
../Core/Src/main.c:869:9:getNumberOfSetPoints	4	static
../Core/Src/main.c:899:6:HAL_GPIO_EXTI_Callback	16	static
../Core/Src/main.c:906:6:HAL_UART_RxCpltCallback	16	static
../Core/Src/main.c:912:6:HAL_TIM_PeriodElapsedCallback	16	static
../Core/Src/main.c:1023:6:Error_Handler	4	static,ignoring_inline_asm
