../Drivers/CMSIS/Include/core_cm4.h:1933:34:__NVIC_SystemReset	4	static,ignoring_inline_asm
../Core/Src/main.c:223:5:main	16	static
../Core/Src/main.c:312:6:SystemClock_Config	88	static
../Core/Src/main.c:355:6:start_homing_sequence	24	static
../Core/Src/main.c:437:6:update_homing_sequence	88	static
../Core/Src/main.c:667:7:normalize_angle	24	static
../Core/Src/main.c:675:7:calculate_movement_deg	24	static
../Core/Src/main.c:715:6:start_combined_trajectory	64	static
../Core/Src/main.c:791:6:update_position_control	48	static
../Core/Src/main.c:812:6:update_velocity_control	56	static
../Core/Src/main.c:880:6:update_control_loops	24	static
../Core/Src/main.c:1012:6:check_emergency_button	16	static
../Core/Src/main.c:1041:6:check_safety_conditions	8	static
../Core/Src/main.c:1056:6:trigger_software_emergency	8	static
../Core/Src/main.c:1073:6:trigger_hardware_emergency	8	static
../Core/Src/main.c:1091:6:clear_emergency_state	8	static
../Core/Src/main.c:1101:6:emergency_stop_all_motors	8	static
../Core/Src/main.c:1117:6:update_safety_system	8	static
../Core/Src/main.c:1152:6:is_emergency_active	4	static
../Core/Src/main.c:1156:6:enter_joy_mode	8	static
../Core/Src/main.c:1195:6:exit_joy_mode	8	static
../Core/Src/main.c:1240:6:save_current_position	16	static
../Core/Src/main.c:1267:6:start_position_playback	24	static
../Core/Src/main.c:1287:6:reset_joy_mode_data	16	static
../Core/Src/main.c:1312:6:update_joy_mode_velocity_control	96	static
../Core/Src/main.c:1478:6:update_joy_mode_pilot_light	8	static
../Core/Src/main.c:1490:6:update_joy_mode	40	static
../Core/Src/main.c:1641:6:handle_b2_button_polling	16	static
../Core/Src/main.c:1683:6:HAL_GPIO_EXTI_Callback	16	static
../Core/Src/main.c:1739:6:HAL_TIM_PeriodElapsedCallback	16	static
../Core/Src/main.c:1826:6:modbus_working	32	static
../Core/Src/main.c:1892:6:Error_Handler	4	static,ignoring_inline_asm
