../Drivers/CMSIS/Include/core_cm4.h:1933:34:__NVIC_SystemReset	4	static,ignoring_inline_asm
../Core/Src/main.c:221:5:main	16	static
../Core/Src/main.c:309:6:SystemClock_Config	88	static
../Core/Src/main.c:349:6:start_homing_sequence	24	static
../Core/Src/main.c:429:6:update_homing_sequence	88	static
../Core/Src/main.c:665:7:normalize_angle	24	static
../Core/Src/main.c:673:7:calculate_movement_deg	24	static
../Core/Src/main.c:713:6:start_combined_trajectory	64	static
../Core/Src/main.c:781:6:update_position_control	48	static
../Core/Src/main.c:802:6:update_velocity_control	56	static
../Core/Src/main.c:870:6:update_control_loops	24	static
../Core/Src/main.c:1002:6:check_emergency_button	16	static
../Core/Src/main.c:1031:6:check_safety_conditions	8	static
../Core/Src/main.c:1046:6:trigger_software_emergency	8	static
../Core/Src/main.c:1063:6:trigger_hardware_emergency	8	static
../Core/Src/main.c:1081:6:clear_emergency_state	8	static
../Core/Src/main.c:1091:6:emergency_stop_all_motors	8	static
../Core/Src/main.c:1107:6:update_safety_system	8	static
../Core/Src/main.c:1142:6:is_emergency_active	4	static
../Core/Src/main.c:1146:6:enter_joy_mode	8	static
../Core/Src/main.c:1185:6:exit_joy_mode	8	static
../Core/Src/main.c:1226:6:save_current_position	4	static
../Core/Src/main.c:1242:6:start_position_playback	24	static
../Core/Src/main.c:1261:6:reset_joy_mode_data	16	static
../Core/Src/main.c:1286:6:update_joy_mode_velocity_control	112	static
../Core/Src/main.c:1467:6:update_joy_mode_pilot_light	8	static
../Core/Src/main.c:1479:6:update_joy_mode	40	static
../Core/Src/main.c:1630:6:handle_b2_button_polling	16	static
../Core/Src/main.c:1672:6:HAL_GPIO_EXTI_Callback	16	static
../Core/Src/main.c:1728:6:HAL_TIM_PeriodElapsedCallback	16	static
../Core/Src/main.c:1814:6:Error_Handler	4	static,ignoring_inline_asm
