../Drivers/CMSIS/Include/core_cm4.h:1933:34:__NVIC_SystemReset	4	static,ignoring_inline_asm
../Core/Src/main.c:125:5:main	40	static
../Core/Src/main.c:210:6:SystemClock_Config	88	static
../Core/Src/main.c:250:6:check_prismatic_limit	4	static
../Core/Src/main.c:264:6:check_revolute_limit	4	static
../Core/Src/main.c:275:6:is_valid_target	16	static
../Core/Src/main.c:288:6:plotter_move	40	static
../Core/Src/main.c:351:6:plotter_joymove	8	static
../Core/Src/main.c:390:6:plotter_handle_state_transition	8	static
../Core/Src/main.c:487:6:plotter_process_jog_mode	32	static
../Core/Src/main.c:671:6:plotter_process_writing_state	8	static
../Core/Src/main.c:682:6:plotter_process_moving_mode	16	static
../Core/Src/main.c:724:6:plotter_process_return_to_home	8	static
../Core/Src/main.c:782:6:plotter_process_emergency	8	static
../Core/Src/main.c:794:6:plotter_process_trajectory_control	32	static
../Core/Src/main.c:829:6:plotter_update_trajectories	24	static
../Core/Src/main.c:872:10:getPointRegisterR	16	static
../Core/Src/main.c:899:10:getPointRegisterT	16	static
../Core/Src/main.c:926:9:getNumberOfSetPoints	4	static
../Core/Src/main.c:956:6:HAL_GPIO_EXTI_Callback	16	static
../Core/Src/main.c:963:6:HAL_UART_RxCpltCallback	16	static
../Core/Src/main.c:1024:6:HAL_TIM_PeriodElapsedCallback	16	static
../Core/Src/main.c:1139:6:Error_Handler	4	static,ignoring_inline_asm
