../Core/Src/main.c:112:5:main	8	static
../Core/Src/main.c:168:6:SystemClock_Config	88	static
../Core/Src/main.c:208:7:normalize_angle	24	static
../Core/Src/main.c:216:7:calculate_movement_deg	24	static
../Core/Src/main.c:255:6:start_revolute_trajectory	48	static
../Core/Src/main.c:281:6:update_revolute_position_control	40	static
../Core/Src/main.c:297:6:update_revolute_velocity_control	40	static
../Core/Src/main.c:336:6:update_revolute_control_loops	24	static
../Core/Src/main.c:375:6:HAL_GPIO_EXTI_Callback	16	static
../Core/Src/main.c:386:6:HAL_TIM_PeriodElapsedCallback	16	static
../Core/Src/main.c:419:6:Error_Handler	4	static,ignoring_inline_asm
