../Drivers/CMSIS/Include/core_cm4.h:1933:34:__NVIC_SystemReset	4	static,ignoring_inline_asm
../Core/Src/main.c:354:5:main	16	static
../Core/Src/main.c:446:6:SystemClock_Config	88	static
../Core/Src/main.c:486:6:start_homing_sequence	24	static
../Core/Src/main.c:568:6:update_homing_sequence	88	static
../Core/Src/main.c:811:7:normalize_angle	24	static
../Core/Src/main.c:819:7:calculate_movement_deg	24	static
../Core/Src/main.c:885:6:start_combined_trajectory	88	static
../Core/Src/main.c:1052:6:update_position_control	48	static
../Core/Src/main.c:1073:6:update_velocity_control	56	static
../Core/Src/main.c:1142:6:update_control_loops	48	static
../Core/Src/main.c:1401:6:check_emergency_button	16	static
../Core/Src/main.c:1450:6:check_safety_conditions	8	static
../Core/Src/main.c:1465:6:trigger_software_emergency	8	static
../Core/Src/main.c:1499:6:trigger_hardware_emergency	8	static
../Core/Src/main.c:1574:6:clear_emergency_state	8	static
../Core/Src/main.c:1633:6:emergency_stop_all_motors	8	static
../Core/Src/main.c:1650:6:update_safety_system	8	static
../Core/Src/main.c:1685:6:is_emergency_active	4	static
../Core/Src/main.c:1689:6:enter_joy_mode	8	static
../Core/Src/main.c:1732:6:exit_joy_mode	8	static
../Core/Src/main.c:1777:6:save_current_position	32	static
../Core/Src/main.c:1820:6:start_position_playback	24	static
../Core/Src/main.c:1840:6:reset_joy_mode_data	16	static
../Core/Src/main.c:1865:6:update_joy_mode_velocity_control	128	static
../Core/Src/main.c:2052:6:update_joy_mode_pilot_light	8	static
../Core/Src/main.c:2064:6:update_joy_mode	24	static
../Core/Src/main.c:2156:6:handle_b2_button_polling	16	static
../Core/Src/main.c:2215:6:HAL_GPIO_EXTI_Callback	24	static
../Core/Src/main.c:2302:6:HAL_TIM_PeriodElapsedCallback	16	static
../Core/Src/main.c:2392:6:modbus_working	32	static
../Core/Src/main.c:2484:6:start_character_drawing	24	static
../Core/Src/main.c:2506:6:execute_next_drawing_point	24	static
../Core/Src/main.c:2532:6:update_character_drawing	8	static
../Core/Src/main.c:2540:6:draw_letter_F	8	static
../Core/Src/main.c:2545:6:draw_letter_I	8	static
../Core/Src/main.c:2550:6:draw_letter_B	8	static
../Core/Src/main.c:2555:6:draw_letter_O	8	static
../Core/Src/main.c:2560:6:draw_underscore	8	static
../Core/Src/main.c:2565:6:draw_letter_G	8	static
../Core/Src/main.c:2570:6:draw_number_0	8	static
../Core/Src/main.c:2575:6:draw_number_1	8	static
../Core/Src/main.c:2580:6:stop_character_drawing	8	static
../Core/Src/main.c:2589:6:is_drawing_active	4	static
../Core/Src/main.c:2593:6:start_word_FIBO_G01	8	static
../Core/Src/main.c:2606:6:draw_word_FIBO_G01	16	static
../Core/Src/main.c:2662:6:ensure_motion_idle	4	static
../Core/Src/main.c:2682:6:calculate_overshoot	32	static
../Core/Src/main.c:2743:6:reset_overshoot_data	16	static
../Core/Src/main.c:2754:6:update_overshoot_calculation	16	static
../Core/Src/main.c:2779:6:delete_last_saved_position	8	static
../Core/Src/main.c:2806:6:Error_Handler	4	static,ignoring_inline_asm
