../Drivers/CMSIS/Include/core_cm4.h:1933:34:__NVIC_SystemReset	4	static,ignoring_inline_asm
../Core/Src/main.c:372:5:main	16	static
../Core/Src/main.c:460:6:SystemClock_Config	88	static
../Core/Src/main.c:500:6:start_homing_sequence	24	static
../Core/Src/main.c:582:6:update_homing_sequence	88	static
../Core/Src/main.c:812:7:normalize_angle	24	static
../Core/Src/main.c:820:7:calculate_movement_deg	24	static
../Core/Src/main.c:860:6:start_combined_trajectory	80	static
../Core/Src/main.c:966:6:update_position_control	48	static
../Core/Src/main.c:987:6:update_velocity_control	56	static
../Core/Src/main.c:1056:6:update_control_loops	40	static
../Core/Src/main.c:1268:6:check_emergency_button	16	static
../Core/Src/main.c:1297:6:check_safety_conditions	8	static
../Core/Src/main.c:1312:6:trigger_software_emergency	8	static
../Core/Src/main.c:1329:6:trigger_hardware_emergency	8	static
../Core/Src/main.c:1347:6:clear_emergency_state	8	static
../Core/Src/main.c:1357:6:emergency_stop_all_motors	8	static
../Core/Src/main.c:1373:6:update_safety_system	8	static
../Core/Src/main.c:1408:6:is_emergency_active	4	static
../Core/Src/main.c:1412:6:enter_joy_mode	8	static
../Core/Src/main.c:1451:6:exit_joy_mode	8	static
../Core/Src/main.c:1496:6:save_current_position	40	static
../Core/Src/main.c:1540:6:start_position_playback	24	static
../Core/Src/main.c:1561:6:reset_joy_mode_data	16	static
../Core/Src/main.c:1586:6:update_joy_mode_velocity_control	96	static
../Core/Src/main.c:1752:6:update_joy_mode_pilot_light	8	static
../Core/Src/main.c:1764:6:update_joy_mode	40	static
../Core/Src/main.c:1920:6:handle_b2_button_polling	16	static
../Core/Src/main.c:1979:6:HAL_GPIO_EXTI_Callback	24	static
../Core/Src/main.c:2080:6:HAL_TIM_PeriodElapsedCallback	16	static
../Core/Src/main.c:2172:6:modbus_working	32	static
../Core/Src/main.c:2231:6:start_character_drawing	24	static
../Core/Src/main.c:2253:6:execute_next_drawing_point	24	static
../Core/Src/main.c:2284:6:update_character_drawing	8	static
../Core/Src/main.c:2292:6:draw_letter_F	8	static
../Core/Src/main.c:2297:6:draw_letter_I	8	static
../Core/Src/main.c:2302:6:draw_letter_B	8	static
../Core/Src/main.c:2307:6:draw_letter_O	8	static
../Core/Src/main.c:2312:6:draw_underscore	8	static
../Core/Src/main.c:2317:6:draw_letter_G	8	static
../Core/Src/main.c:2322:6:draw_number_0	8	static
../Core/Src/main.c:2327:6:draw_number_1	8	static
../Core/Src/main.c:2332:6:stop_character_drawing	8	static
../Core/Src/main.c:2340:6:is_drawing_active	4	static
../Core/Src/main.c:2344:6:start_word_FIBO_G01	8	static
../Core/Src/main.c:2357:6:draw_word_FIBO_G01	16	static
../Core/Src/main.c:2419:6:Error_Handler	4	static,ignoring_inline_asm
