../Core/Src/main.c:128:5:main	8	static
../Core/Src/main.c:202:6:SystemClock_Config	88	static
../Core/Src/main.c:242:7:normalize_angle	24	static
../Core/Src/main.c:250:7:calculate_movement_deg	24	static
../Core/Src/main.c:290:6:start_combined_trajectory	56	static
../Core/Src/main.c:336:6:update_control_loops	72	static
../Core/Src/main.c:517:6:HAL_GPIO_EXTI_Callback	16	static
../Core/Src/main.c:536:6:HAL_UART_RxCpltCallback	16	static
../Core/Src/main.c:540:6:HAL_TIM_PeriodElapsedCallback	16	static
../Core/Src/main.c:583:6:Error_Handler	4	static,ignoring_inline_asm
