../Drivers/CMSIS/Include/core_cm4.h:1933:34:__NVIC_SystemReset	4	static,ignoring_inline_asm
../Core/Src/main.c:124:5:main	8	static
../Core/Src/main.c:199:6:SystemClock_Config	88	static
../Core/Src/main.c:239:6:start_combined_trajectory	72	static
../Core/Src/main.c:334:6:start_homing	8	static
../Core/Src/main.c:347:6:update_control_loops	72	static
../Core/Src/main.c:491:6:HAL_GPIO_EXTI_Callback	16	static
../Core/Src/main.c:498:6:HAL_UART_RxCpltCallback	16	static
../Core/Src/main.c:504:6:HAL_TIM_PeriodElapsedCallback	16	static
../Core/Src/main.c:688:6:Error_Handler	4	static,ignoring_inline_asm
