../Drivers/CMSIS/Include/core_cm4.h:1933:34:__NVIC_SystemReset	4	static,ignoring_inline_asm
../Core/Src/main.c:336:5:main	16	static
../Core/Src/main.c:426:6:SystemClock_Config	88	static
../Core/Src/main.c:466:6:start_homing_sequence	24	static
../Core/Src/main.c:548:6:update_homing_sequence	88	static
../Core/Src/main.c:792:7:normalize_angle	24	static
../Core/Src/main.c:800:7:calculate_movement_deg	24	static
../Core/Src/main.c:866:6:start_combined_trajectory	88	static
../Core/Src/main.c:1031:6:update_position_control	48	static
../Core/Src/main.c:1052:6:update_velocity_control	56	static
../Core/Src/main.c:1121:6:update_control_loops	56	static
../Core/Src/main.c:1368:6:check_emergency_button	16	static
../Core/Src/main.c:1417:6:check_safety_conditions	8	static
../Core/Src/main.c:1432:6:trigger_software_emergency	8	static
../Core/Src/main.c:1466:6:trigger_hardware_emergency	8	static
../Core/Src/main.c:1524:6:clear_emergency_state	8	static
../Core/Src/main.c:1566:6:emergency_stop_all_motors	8	static
../Core/Src/main.c:1583:6:update_safety_system	8	static
../Core/Src/main.c:1618:6:is_emergency_active	4	static
../Core/Src/main.c:1622:6:enter_joy_mode	8	static
../Core/Src/main.c:1663:6:exit_joy_mode	8	static
../Core/Src/main.c:1708:6:save_current_position	40	static
../Core/Src/main.c:1752:6:start_position_playback	24	static
../Core/Src/main.c:1772:6:reset_joy_mode_data	16	static
../Core/Src/main.c:1797:6:update_joy_mode_velocity_control	96	static
../Core/Src/main.c:1971:6:update_joy_mode_pilot_light	8	static
../Core/Src/main.c:1983:6:update_joy_mode	24	static
../Core/Src/main.c:2046:6:handle_b2_button_polling	24	static
../Core/Src/main.c:2124:6:HAL_GPIO_EXTI_Callback	24	static
../Core/Src/main.c:2216:6:HAL_TIM_PeriodElapsedCallback	16	static
../Core/Src/main.c:2306:6:modbus_working	32	static
../Core/Src/main.c:2375:6:start_character_drawing	24	static
../Core/Src/main.c:2397:6:execute_next_drawing_point	24	static
../Core/Src/main.c:2423:6:update_character_drawing	8	static
../Core/Src/main.c:2431:6:draw_letter_F	8	static
../Core/Src/main.c:2436:6:draw_letter_I	8	static
../Core/Src/main.c:2441:6:draw_letter_B	8	static
../Core/Src/main.c:2446:6:draw_letter_O	8	static
../Core/Src/main.c:2451:6:draw_underscore	8	static
../Core/Src/main.c:2456:6:draw_letter_G	8	static
../Core/Src/main.c:2461:6:draw_number_0	8	static
../Core/Src/main.c:2466:6:draw_number_1	8	static
../Core/Src/main.c:2471:6:stop_character_drawing	8	static
../Core/Src/main.c:2480:6:is_drawing_active	4	static
../Core/Src/main.c:2484:6:start_word_FIBO_G01	8	static
../Core/Src/main.c:2497:6:draw_word_FIBO_G01	16	static
../Core/Src/main.c:2553:6:ensure_motion_idle	4	static
../Core/Src/main.c:2580:6:Error_Handler	4	static,ignoring_inline_asm
