../Core/Src/main.c:190:5:main	8	static
../Core/Src/main.c:266:6:SystemClock_Config	88	static
../Core/Src/main.c:306:6:start_homing_sequence	16	static
../Core/Src/main.c:335:6:update_homing_sequence	152	static
../Core/Src/main.c:707:7:normalize_angle	24	static
../Core/Src/main.c:715:7:calculate_movement_deg	24	static
../Core/Src/main.c:755:6:start_combined_trajectory	56	static
../Core/Src/main.c:804:6:update_control_loops	72	static
../Core/Src/main.c:1029:6:check_safety_conditions	8	static
../Core/Src/main.c:1057:6:trigger_software_emergency	8	static
../Core/Src/main.c:1073:6:trigger_hardware_emergency	8	static
../Core/Src/main.c:1092:6:clear_emergency_state	8	static
../Core/Src/main.c:1106:6:emergency_stop_all_motors	8	static
../Core/Src/main.c:1126:6:update_safety_system	8	static
../Core/Src/main.c:1164:6:is_emergency_active	4	static
../Core/Src/main.c:1168:6:HAL_GPIO_EXTI_Callback	16	static
../Core/Src/main.c:1231:6:HAL_TIM_PeriodElapsedCallback	16	static
../Core/Src/main.c:1283:6:Error_Handler	4	static,ignoring_inline_asm
