../Core/Src/ModBusRTU.c:24:6:modbus_1t5_Timeout	4	static
../Core/Src/ModBusRTU.c:33:6:modbus_3t5_Timeout	16	static
../Core/Src/ModBusRTU.c:40:6:modbus_ErrorTimeout	16	static
../Core/Src/ModBusRTU.c:51:6:Modbus_init	24	static
../Core/Src/ModBusRTU.c:128:16:CRC16	24	static
../Core/Src/ModBusRTU.c:146:6:Modbus_Protocal_Worker	16	static
../Core/Src/ModBusRTU.c:252:6:modbusWrite1Register	16	static
../Core/Src/ModBusRTU.c:281:6:modbusRead1Register	24	static
../Core/Src/ModBusRTU.c:317:6:ModbusErrorReply	16	static
../Core/Src/ModBusRTU.c:324:6:Modbus_frame_response	8	static
../Core/Src/ModBusRTU.c:341:6:Modbus_Emission	16	static
