../Core/Src/stm32g4xx_it.c:80:6:NMI_Handler	4	static
../Core/Src/stm32g4xx_it.c:95:6:HardFault_Handler	4	static
../Core/Src/stm32g4xx_it.c:110:6:MemManage_Handler	4	static
../Core/Src/stm32g4xx_it.c:125:6:BusFault_Handler	4	static
../Core/Src/stm32g4xx_it.c:140:6:UsageFault_Handler	4	static
../Core/Src/stm32g4xx_it.c:155:6:SVC_Handler	4	static
../Core/Src/stm32g4xx_it.c:168:6:DebugMon_Handler	4	static
../Core/Src/stm32g4xx_it.c:181:6:PendSV_Handler	4	static
../Core/Src/stm32g4xx_it.c:194:6:SysTick_Handler	8	static
../Core/Src/stm32g4xx_it.c:215:6:EXTI4_IRQHandler	8	static
../Core/Src/stm32g4xx_it.c:229:6:DMA1_Channel1_IRQHandler	8	static
../Core/Src/stm32g4xx_it.c:243:6:DMA1_Channel2_IRQHandler	8	static
../Core/Src/stm32g4xx_it.c:257:6:DMA1_Channel3_IRQHandler	8	static
../Core/Src/stm32g4xx_it.c:271:6:DMA1_Channel4_IRQHandler	8	static
../Core/Src/stm32g4xx_it.c:285:6:DMA1_Channel5_IRQHandler	8	static
../Core/Src/stm32g4xx_it.c:299:6:EXTI9_5_IRQHandler	8	static
../Core/Src/stm32g4xx_it.c:313:6:TIM1_UP_TIM16_IRQHandler	8	static
../Core/Src/stm32g4xx_it.c:328:6:TIM2_IRQHandler	8	static
../Core/Src/stm32g4xx_it.c:342:6:TIM3_IRQHandler	8	static
../Core/Src/stm32g4xx_it.c:356:6:TIM4_IRQHandler	8	static
../Core/Src/stm32g4xx_it.c:370:6:USART2_IRQHandler	8	static
../Core/Src/stm32g4xx_it.c:384:6:EXTI15_10_IRQHandler	8	static
../Core/Src/stm32g4xx_it.c:398:6:LPUART1_IRQHandler	8	static
