../Core/Src/tim.c:35:6:MX_TIM2_Init	40	static
../Core/Src/tim.c:75:6:MX_TIM3_Init	56	static
../Core/Src/tim.c:119:6:MX_TIM4_Init	56	static
../Core/Src/tim.c:163:6:MX_TIM5_Init	40	static
../Core/Src/tim.c:203:6:MX_TIM8_Init	120	static
../Core/Src/tim.c:293:6:MX_TIM16_Init	8	static
../Core/Src/tim.c:324:6:HAL_TIM_Base_MspInit	32	static
../Core/Src/tim.c:381:6:HAL_TIM_Encoder_MspInit	56	static
../Core/Src/tim.c:434:6:HAL_TIM_MspPostInit	48	static
../Core/Src/tim.c:472:6:HAL_TIM_Base_MspDeInit	16	static
../Core/Src/tim.c:527:6:HAL_TIM_Encoder_MspDeInit	16	static
