../Core/Src/UnitConverter.c:61:14:temperature_to_base	16	static
../Core/Src/UnitConverter.c:74:14:temperature_from_base	16	static
../Core/Src/UnitConverter.c:88:13:init_length_converter	24	static
../Core/Src/UnitConverter.c:111:13:init_mass_converter	24	static
../Core/Src/UnitConverter.c:132:13:init_angle_converter	24	static
../Core/Src/UnitConverter.c:150:13:init_time_converter	24	static
../Core/Src/UnitConverter.c:172:13:init_temperature_converter	24	static
../Core/Src/UnitConverter.c:187:6:UnitConverter_init	16	static
../Core/Src/UnitConverter.c:197:10:UnitConverter_get_unit_type	16	static
../Core/Src/UnitConverter.c:205:7:UnitConverter_convert	40	static
../Core/Src/UnitConverter.c:239:7:UnitConverter_length	24	static
../Core/Src/UnitConverter.c:247:7:UnitConverter_mass	24	static
../Core/Src/UnitConverter.c:255:7:UnitConverter_angle	24	static
../Core/Src/UnitConverter.c:263:7:UnitConverter_time	24	static
../Core/Src/UnitConverter.c:271:7:UnitConverter_temperature	24	static
../Core/Src/UnitConverter.c:280:13:UnitConverter_unit_to_string	16	static
../Core/Src/UnitConverter.c:287:6:UnitConverter_string_to_unit	24	static
