Archive member included to satisfy reference by file (symbol)

C:/ST/STM32CubeIDE_1.16.0/STM32CubeIDE/plugins/com.st.stm32cube.ide.mcu.externaltools.gnu-tools-for-stm32.13.3.rel1.win32_1.0.0.202411081344/tools/bin/../lib/gcc/arm-none-eabi/13.3.1/../../../../arm-none-eabi/lib/thumb/v7e-m+fp/hard\libc_nano.a(libc_a-exit.o)
                              C:/ST/STM32CubeIDE_1.16.0/STM32CubeIDE/plugins/com.st.stm32cube.ide.mcu.externaltools.gnu-tools-for-stm32.13.3.rel1.win32_1.0.0.202411081344/tools/bin/../lib/gcc/arm-none-eabi/13.3.1/../../../../arm-none-eabi/lib/thumb/v7e-m+fp/hard/crt0.o (exit)
C:/ST/STM32CubeIDE_1.16.0/STM32CubeIDE/plugins/com.st.stm32cube.ide.mcu.externaltools.gnu-tools-for-stm32.13.3.rel1.win32_1.0.0.202411081344/tools/bin/../lib/gcc/arm-none-eabi/13.3.1/../../../../arm-none-eabi/lib/thumb/v7e-m+fp/hard\libc_nano.a(libc_a-findfp.o)
                              C:/ST/STM32CubeIDE_1.16.0/STM32CubeIDE/plugins/com.st.stm32cube.ide.mcu.externaltools.gnu-tools-for-stm32.13.3.rel1.win32_1.0.0.202411081344/tools/bin/../lib/gcc/arm-none-eabi/13.3.1/../../../../arm-none-eabi/lib/thumb/v7e-m+fp/hard\libc_nano.a(libc_a-exit.o) (__stdio_exit_handler)
C:/ST/STM32CubeIDE_1.16.0/STM32CubeIDE/plugins/com.st.stm32cube.ide.mcu.externaltools.gnu-tools-for-stm32.13.3.rel1.win32_1.0.0.202411081344/tools/bin/../lib/gcc/arm-none-eabi/13.3.1/../../../../arm-none-eabi/lib/thumb/v7e-m+fp/hard\libc_nano.a(libc_a-fwalk.o)
                              C:/ST/STM32CubeIDE_1.16.0/STM32CubeIDE/plugins/com.st.stm32cube.ide.mcu.externaltools.gnu-tools-for-stm32.13.3.rel1.win32_1.0.0.202411081344/tools/bin/../lib/gcc/arm-none-eabi/13.3.1/../../../../arm-none-eabi/lib/thumb/v7e-m+fp/hard\libc_nano.a(libc_a-findfp.o) (_fwalk_sglue)
C:/ST/STM32CubeIDE_1.16.0/STM32CubeIDE/plugins/com.st.stm32cube.ide.mcu.externaltools.gnu-tools-for-stm32.13.3.rel1.win32_1.0.0.202411081344/tools/bin/../lib/gcc/arm-none-eabi/13.3.1/../../../../arm-none-eabi/lib/thumb/v7e-m+fp/hard\libc_nano.a(libc_a-stdio.o)
                              C:/ST/STM32CubeIDE_1.16.0/STM32CubeIDE/plugins/com.st.stm32cube.ide.mcu.externaltools.gnu-tools-for-stm32.13.3.rel1.win32_1.0.0.202411081344/tools/bin/../lib/gcc/arm-none-eabi/13.3.1/../../../../arm-none-eabi/lib/thumb/v7e-m+fp/hard\libc_nano.a(libc_a-findfp.o) (__sread)
C:/ST/STM32CubeIDE_1.16.0/STM32CubeIDE/plugins/com.st.stm32cube.ide.mcu.externaltools.gnu-tools-for-stm32.13.3.rel1.win32_1.0.0.202411081344/tools/bin/../lib/gcc/arm-none-eabi/13.3.1/../../../../arm-none-eabi/lib/thumb/v7e-m+fp/hard\libc_nano.a(libc_a-memset.o)
                              C:/ST/STM32CubeIDE_1.16.0/STM32CubeIDE/plugins/com.st.stm32cube.ide.mcu.externaltools.gnu-tools-for-stm32.13.3.rel1.win32_1.0.0.202411081344/tools/bin/../lib/gcc/arm-none-eabi/13.3.1/../../../../arm-none-eabi/lib/thumb/v7e-m+fp/hard/crt0.o (memset)
C:/ST/STM32CubeIDE_1.16.0/STM32CubeIDE/plugins/com.st.stm32cube.ide.mcu.externaltools.gnu-tools-for-stm32.13.3.rel1.win32_1.0.0.202411081344/tools/bin/../lib/gcc/arm-none-eabi/13.3.1/../../../../arm-none-eabi/lib/thumb/v7e-m+fp/hard\libc_nano.a(libc_a-closer.o)
                              C:/ST/STM32CubeIDE_1.16.0/STM32CubeIDE/plugins/com.st.stm32cube.ide.mcu.externaltools.gnu-tools-for-stm32.13.3.rel1.win32_1.0.0.202411081344/tools/bin/../lib/gcc/arm-none-eabi/13.3.1/../../../../arm-none-eabi/lib/thumb/v7e-m+fp/hard\libc_nano.a(libc_a-stdio.o) (_close_r)
C:/ST/STM32CubeIDE_1.16.0/STM32CubeIDE/plugins/com.st.stm32cube.ide.mcu.externaltools.gnu-tools-for-stm32.13.3.rel1.win32_1.0.0.202411081344/tools/bin/../lib/gcc/arm-none-eabi/13.3.1/../../../../arm-none-eabi/lib/thumb/v7e-m+fp/hard\libc_nano.a(libc_a-reent.o)
                              C:/ST/STM32CubeIDE_1.16.0/STM32CubeIDE/plugins/com.st.stm32cube.ide.mcu.externaltools.gnu-tools-for-stm32.13.3.rel1.win32_1.0.0.202411081344/tools/bin/../lib/gcc/arm-none-eabi/13.3.1/../../../../arm-none-eabi/lib/thumb/v7e-m+fp/hard\libc_nano.a(libc_a-closer.o) (errno)
C:/ST/STM32CubeIDE_1.16.0/STM32CubeIDE/plugins/com.st.stm32cube.ide.mcu.externaltools.gnu-tools-for-stm32.13.3.rel1.win32_1.0.0.202411081344/tools/bin/../lib/gcc/arm-none-eabi/13.3.1/../../../../arm-none-eabi/lib/thumb/v7e-m+fp/hard\libc_nano.a(libc_a-impure.o)
                              C:/ST/STM32CubeIDE_1.16.0/STM32CubeIDE/plugins/com.st.stm32cube.ide.mcu.externaltools.gnu-tools-for-stm32.13.3.rel1.win32_1.0.0.202411081344/tools/bin/../lib/gcc/arm-none-eabi/13.3.1/../../../../arm-none-eabi/lib/thumb/v7e-m+fp/hard\libc_nano.a(libc_a-reent.o) (_impure_ptr)
C:/ST/STM32CubeIDE_1.16.0/STM32CubeIDE/plugins/com.st.stm32cube.ide.mcu.externaltools.gnu-tools-for-stm32.13.3.rel1.win32_1.0.0.202411081344/tools/bin/../lib/gcc/arm-none-eabi/13.3.1/../../../../arm-none-eabi/lib/thumb/v7e-m+fp/hard\libc_nano.a(libc_a-lseekr.o)
[...]
Memory Configuration

Name             Origin             Length             Attributes
RAM              0x20000000         0x00020000         xrw
FLASH            0x08000000         0x00080000         xr
*default*        0x00000000         0xffffffff

Linker script and memory map

LOAD C:/ST/STM32CubeIDE_1.16.0/STM32CubeIDE/plugins/com.st.stm32cube.ide.mcu.externaltools.gnu-tools-for-stm32.13.3.rel1.win32_1.0.0.202411081344/tools/bin/../lib/gcc/arm-none-eabi/13.3.1/thumb/v7e-m+fp/hard/crti.o
LOAD C:/ST/STM32CubeIDE_1.16.0/STM32CubeIDE/plugins/com.st.stm32cube.ide.mcu.externaltools.gnu-tools-for-stm32.13.3.rel1.win32_1.0.0.202411081344/tools/bin/../lib/gcc/arm-none-eabi/13.3.1/thumb/v7e-m+fp/hard/crtbegin.o
LOAD C:/ST/STM32CubeIDE_1.16.0/STM32CubeIDE/plugins/com.st.stm32cube.ide.mcu.externaltools.gnu-tools-for-stm32.13.3.rel1.win32_1.0.0.202411081344/tools/bin/../lib/gcc/arm-none-eabi/13.3.1/../../../../arm-none-eabi/lib/thumb/v7e-m+fp/hard/crt0.o
LOAD ./Core/Src/dma.o
LOAD ./Core/Src/gpio.o
LOAD ./Core/Src/main.o
LOAD ./Core/Src/serial_frame.o
LOAD ./Core/Src/stm32g4xx_hal_msp.o
LOAD ./Core/Src/stm32g4xx_it.o
LOAD ./Core/Src/syscalls.o
LOAD ./Core/Src/sysmem.o
LOAD ./Core/Src/system_stm32g4xx.o
LOAD ./Core/Src/tim.o
LOAD ./Core/Src/usart.o
LOAD ./Core/Startup/startup_stm32g474retx.o
LOAD ./Drivers/STM32G4xx_HAL_Driver/Src/stm32g4xx_hal.o
LOAD ./Drivers/STM32G4xx_HAL_Driver/Src/stm32g4xx_hal_cortex.o
LOAD ./Drivers/STM32G4xx_HAL_Driver/Src/stm32g4xx_hal_dma.o
LOAD ./Drivers/STM32G4xx_HAL_Driver/Src/stm32g4xx_hal_dma_ex.o
LOAD ./Drivers/STM32G4xx_HAL_Driver/Src/stm32g4xx_hal_exti.o
LOAD ./Drivers/STM32G4xx_HAL_Driver/Src/stm32g4xx_hal_flash.o
LOAD ./Drivers/STM32G4xx_HAL_Driver/Src/stm32g4xx_hal_flash_ex.o
LOAD ./Drivers/STM32G4xx_HAL_Driver/Src/stm32g4xx_hal_flash_ramfunc.o
LOAD ./Drivers/STM32G4xx_HAL_Driver/Src/stm32g4xx_hal_gpio.o
LOAD ./Drivers/STM32G4xx_HAL_Driver/Src/stm32g4xx_hal_pwr.o
LOAD ./Drivers/STM32G4xx_HAL_Driver/Src/stm32g4xx_hal_pwr_ex.o
LOAD ./Drivers/STM32G4xx_HAL_Driver/Src/stm32g4xx_hal_rcc.o
LOAD ./Drivers/STM32G4xx_HAL_Driver/Src/stm32g4xx_hal_rcc_ex.o
LOAD ./Drivers/STM32G4xx_HAL_Driver/Src/stm32g4xx_hal_tim.o
LOAD ./Drivers/STM32G4xx_HAL_Driver/Src/stm32g4xx_hal_tim_ex.o
LOAD ./Drivers/STM32G4xx_HAL_Driver/Src/stm32g4xx_hal_uart.o
LOAD ./Drivers/STM32G4xx_HAL_Driver/Src/stm32g4xx_hal_uart_ex.o
START GROUP
LOAD C:/ST/STM32CubeIDE_1.16.0/STM32CubeIDE/plugins/com.st.stm32cube.ide.mcu.externaltools.gnu-tools-for-stm32.13.3.rel1.win32_1.0.0.202411081344/tools/bin/../lib/gcc/arm-none-eabi/13.3.1/../../../../arm-none-eabi/lib/thumb/v7e-m+fp/hard\libc_nano.a
LOAD C:/ST/STM32CubeIDE_1.16.0/STM32CubeIDE/plugins/com.st.stm32cube.ide.mcu.externaltools.gnu-tools-for-stm32.13.3.rel1.win32_1.0.0.202411081344/tools/bin/../lib/gcc/arm-none-eabi/13.3.1/../../../../arm-none-eabi/lib/thumb/v7e-m+fp/hard\libm.a
END GROUP
START GROUP
LOAD C:/ST/STM32CubeIDE_1.16.0/STM32CubeIDE/plugins/com.st.stm32cube.ide.mcu.externaltools.gnu-tools-for-stm32.13.3.rel1.win32_1.0.0.202411081344/tools/bin/../lib/gcc/arm-none-eabi/13.3.1/thumb/v7e-m+fp/hard\libgcc.a
LOAD C:/ST/STM32CubeIDE_1.16.0/STM32CubeIDE/plugins/com.st.stm32cube.ide.mcu.externaltools.gnu-tools-for-stm32.13.3.rel1.win32_1.0.0.202411081344/tools/bin/../lib/gcc/arm-none-eabi/13.3.1/../../../../arm-none-eabi/lib/thumb/v7e-m+fp/hard\libc_nano.a
END GROUP
START GROUP
LOAD C:/ST/STM32CubeIDE_1.16.0/STM32CubeIDE/plugins/com.st.stm32cube.ide.mcu.externaltools.gnu-tools-for-stm32.13.3.rel1.win32_1.0.0.202411081344/tools/bin/../lib/gcc/arm-none-eabi/13.3.1/thumb/v7e-m+fp/hard\libgcc.a
LOAD C:/ST/STM32CubeIDE_1.16.0/STM32CubeIDE/plugins/com.st.stm32cube.ide.mcu.externaltools.gnu-tools-for-stm32.13.3.rel1.win32_1.0.0.202411081344/tools/bin/../lib/gcc/arm-none-eabi/13.3.1/../../../../arm-none-eabi/lib/thumb/v7e-m+fp/hard\libc_nano.a
LOAD C:/ST/STM32CubeIDE_1.16.0/STM32CubeIDE/plugins/com.st.stm32cube.ide.mcu.externaltools.gnu-tools-for-stm32.13.3.rel1.win32_1.0.0.202411081344/tools/bin/../lib/gcc/arm-none-eabi/13.3.1/../../../../arm-none-eabi/lib/thumb/v7e-m+fp/hard\libnosys.a
END GROUP
START GROUP
LOAD C:/ST/STM32CubeIDE_1.16.0/STM32CubeIDE/plugins/com.st.stm32cube.ide.mcu.externaltools.gnu-tools-for-stm32.13.3.rel1.win32_1.0.0.202411081344/tools/bin/../lib/gcc/arm-none-eabi/13.3.1/thumb/v7e-m+fp/hard\libgcc.a
LOAD C:/ST/STM32CubeIDE_1.16.0/STM32CubeIDE/plugins/com.st.stm32cube.ide.mcu.externaltools.gnu-tools-for-stm32.13.3.rel1.win32_1.0.0.202411081344/tools/bin/../lib/gcc/arm-none-eabi/13.3.1/../../../../arm-none-eabi/lib/thumb/v7e-m+fp/hard\libc_nano.a
LOAD C:/ST/STM32CubeIDE_1.16.0/STM32CubeIDE/plugins/com.st.stm32cube.ide.mcu.externaltools.gnu-tools-for-stm32.13.3.rel1.win32_1.0.0.202411081344/tools/bin/../lib/gcc/arm-none-eabi/13.3.1/../../../../arm-none-eabi/lib/thumb/v7e-m+fp/hard\libnosys.a
END GROUP
LOAD C:/ST/STM32CubeIDE_1.16.0/STM32CubeIDE/plugins/com.st.stm32cube.ide.mcu.externaltools.gnu-tools-for-stm32.13.3.rel1.win32_1.0.0.202411081344/tools/bin/../lib/gcc/arm-none-eabi/13.3.1/thumb/v7e-m+fp/hard/crtend.o
LOAD C:/ST/STM32CubeIDE_1.16.0/STM32CubeIDE/plugins/com.st.stm32cube.ide.mcu.externaltools.gnu-tools-for-stm32.13.3.rel1.win32_1.0.0.202411081344/tools/bin/../lib/gcc/arm-none-eabi/13.3.1/thumb/v7e-m+fp/hard/crtn.o
                0x20020000                        _estack = (ORIGIN (RAM) + LENGTH (RAM))
                0x00000200                        _Min_Heap_Size = 0x200
                0x00000400                        _Min_Stack_Size = 0x400

.isr_vector     0x08000000      0x1d8
                0x08000000                        . = ALIGN (0x4)
 *(.isr_vector)
 .isr_vector    0x08000000      0x1d8 ./Core/Startup/startup_stm32g474retx.o
                0x08000000                g_pfnVectors
                0x080001d8                        . = ALIGN (0x4)

.text           0x080001d8     0x5294
                0x080001d8                        . = ALIGN (0x4)
 *(.text)
 .text          0x080001d8       0x40 C:/ST/STM32CubeIDE_1.16.0/STM32CubeIDE/plugins/com.st.stm32cube.ide.mcu.externaltools.gnu-tools-for-stm32.13.3.rel1.win32_1.0.0.202411081344/tools/bin/../lib/gcc/arm-none-eabi/13.3.1/thumb/v7e-m+fp/hard/crtbegin.o
 .text          0x08000218       0x30 C:/ST/STM32CubeIDE_1.16.0/STM32CubeIDE/plugins/com.st.stm32cube.ide.mcu.externaltools.gnu-tools-for-stm32.13.3.rel1.win32_1.0.0.202411081344/tools/bin/../lib/gcc/arm-none-eabi/13.3.1/thumb/v7e-m+fp/hard\libgcc.a(_aeabi_uldivmod.o)
                0x08000218                __aeabi_uldivmod
 .text          0x08000248      0x2f8 C:/ST/STM32CubeIDE_1.16.0/STM32CubeIDE/plugins/com.st.stm32cube.ide.mcu.externaltools.gnu-tools-for-stm32.13.3.rel1.win32_1.0.0.202411081344/tools/bin/../lib/gcc/arm-none-eabi/13.3.1/thumb/v7e-m+fp/hard\libgcc.a(_udivmoddi4.o)
                0x08000248                __udivmoddi4
 .text          0x08000540        0x4 C:/ST/STM32CubeIDE_1.16.0/STM32CubeIDE/plugins/com.st.stm32cube.ide.mcu.externaltools.gnu-tools-for-stm32.13.3.rel1.win32_1.0.0.202411081344/tools/bin/../lib/gcc/arm-none-eabi/13.3.1/thumb/v7e-m+fp/hard\libgcc.a(_dvmd_tls.o)
                0x08000540                __aeabi_idiv0
                0x08000540                __aeabi_ldiv0
 *(.text*)
 .text.MX_DMA_Init
                0x08000544       0x64 ./Core/Src/dma.o
                0x08000544                MX_DMA_Init
 .text.MX_GPIO_Init
                0x080005a8       0xdc ./Core/Src/gpio.o
                0x080005a8                MX_GPIO_Init
 .text.main     0x08000684      0x134 ./Core/Src/main.o
                0x08000684                main
 .text.SystemClock_Config
                0x080007b8       0x96 ./Core/Src/main.o
                0x080007b8                SystemClock_Config
 *fill*         0x0800084e        0x2 
 .text.HAL_TIM_PeriodElapsedCallback
                0x08000850       0x2c ./Core/Src/main.o
                0x08000850                HAL_TIM_PeriodElapsedCallback
 .text.HAL_UART_RxCpltCallback
                0x0800087c       0x2c ./Core/Src/main.o
                0x0800087c                HAL_UART_RxCpltCallback
 .text.Error_Handler
                0x080008a8        0xc ./Core/Src/main.o
                0x080008a8                Error_Handler
 .text.SerialFrame_Init
                0x080008b4       0x76 ./Core/Src/serial_frame.o
                0x080008b4                SerialFrame_Init
 *fill*         0x0800092a        0x2 
 .text.SerialFrame_GetDataSize
                0x0800092c       0x58 ./Core/Src/serial_frame.o
                0x0800092c                SerialFrame_GetDataSize
 .text.SerialFrame_AddTxField
                0x08000984       0xf0 ./Core/Src/serial_frame.o
                0x08000984                SerialFrame_AddTxField
 .text.SerialFrame_AddRxField
                0x08000a74       0xf8 ./Core/Src/serial_frame.o
                0x08000a74                SerialFrame_AddRxField
 .text.SerialFrame_BuildTxFrame
                0x08000b6c       0x74 ./Core/Src/serial_frame.o
                0x08000b6c                SerialFrame_BuildTxFrame
 .text.SerialFrame_ParseRxFrame
                0x08000be0       0x64 ./Core/Src/serial_frame.o
                0x08000be0                SerialFrame_ParseRxFrame
 .text.SerialFrame_Transmit
                0x08000c44       0x28 ./Core/Src/serial_frame.o
                0x08000c44                SerialFrame_Transmit
 .text.SerialFrame_StartReceive
                0x08000c6c       0x28 ./Core/Src/serial_frame.o
                0x08000c6c                SerialFrame_StartReceive
 .text.HAL_MspInit
                0x08000c94       0x48 ./Core/Src/stm32g4xx_hal_msp.o
                0x08000c94                HAL_MspInit
 .text.NMI_Handler
                0x08000cdc        0x8 ./Core/Src/stm32g4xx_it.o
                0x08000cdc                NMI_Handler
 .text.HardFault_Handler
                0x08000ce4        0x8 ./Core/Src/stm32g4xx_it.o
                0x08000ce4                HardFault_Handler
 .text.MemManage_Handler
                0x08000cec        0x8 ./Core/Src/stm32g4xx_it.o
                0x08000cec                MemManage_Handler
 .text.BusFault_Handler
                0x08000cf4        0x8 ./Core/Src/stm32g4xx_it.o
                0x08000cf4                BusFault_Handler
 .text.UsageFault_Handler
                0x08000cfc        0x8 ./Core/Src/stm32g4xx_it.o
                0x08000cfc                UsageFault_Handler
 .text.SVC_Handler
                0x08000d04        0xe ./Core/Src/stm32g4xx_it.o
                0x08000d04                SVC_Handler
 .text.DebugMon_Handler
                0x08000d12        0xe ./Core/Src/stm32g4xx_it.o
                0x08000d12                DebugMon_Handler
 .text.PendSV_Handler
                0x08000d20        0xe ./Core/Src/stm32g4xx_it.o
                0x08000d20                PendSV_Handler
 .text.SysTick_Handler
                0x08000d2e        0xc ./Core/Src/stm32g4xx_it.o
                0x08000d2e                SysTick_Handler
 *fill*         0x08000d3a        0x2 
 .text.DMA1_Channel1_IRQHandler
                0x08000d3c       0x14 ./Core/Src/stm32g4xx_it.o
                0x08000d3c                DMA1_Channel1_IRQHandler
 .text.DMA1_Channel2_IRQHandler
                0x08000d50       0x14 ./Core/Src/stm32g4xx_it.o
                0x08000d50                DMA1_Channel2_IRQHandler
 .text.TIM2_IRQHandler
                0x08000d64       0x14 ./Core/Src/stm32g4xx_it.o
                0x08000d64                TIM2_IRQHandler
 .text.EXTI15_10_IRQHandler
                0x08000d78       0x10 ./Core/Src/stm32g4xx_it.o
                0x08000d78                EXTI15_10_IRQHandler
 .text.LPUART1_IRQHandler
                0x08000d88       0x14 ./Core/Src/stm32g4xx_it.o
                0x08000d88                LPUART1_IRQHandler
 .text.SystemInit
                0x08000d9c       0x24 ./Core/Src/system_stm32g4xx.o
                0x08000d9c                SystemInit
 .text.MX_TIM2_Init
                0x08000dc0       0x9c ./Core/Src/tim.o
                0x08000dc0                MX_TIM2_Init
 .text.HAL_TIM_Base_MspInit
                0x08000e5c       0x48 ./Core/Src/tim.o
                0x08000e5c                HAL_TIM_Base_MspInit
 .text.MX_LPUART1_UART_Init
                0x08000ea4       0x94 ./Core/Src/usart.o
                0x08000ea4                MX_LPUART1_UART_Init
 .text.HAL_UART_MspInit
                0x08000f38      0x178 ./Core/Src/usart.o
                0x08000f38                HAL_UART_MspInit
 .text.Reset_Handler
                0x080010b0       0x50 ./Core/Startup/startup_stm32g474retx.o
                0x080010b0                Reset_Handler
 .text.Default_Handler
                0x08001100        0x2 ./Core/Startup/startup_stm32g474retx.o
                0x08001100                RTC_Alarm_IRQHandler
                0x08001100                EXTI2_IRQHandler
                0x08001100                TIM8_TRG_COM_IRQHandler
                0x08001100                TIM8_CC_IRQHandler
                0x08001100                HRTIM1_Master_IRQHandler
                0x08001100                SPI4_IRQHandler
                0x08001100                FDCAN3_IT0_IRQHandler
                0x08001100                TIM1_CC_IRQHandler
                0x08001100                HRTIM1_FLT_IRQHandler
                0x08001100                HRTIM1_TIMF_IRQHandler
                0x08001100                USB_HP_IRQHandler
                0x08001100                CORDIC_IRQHandler
                0x08001100                HRTIM1_TIMD_IRQHandler
                0x08001100                DMA2_Channel8_IRQHandler
                0x08001100                EXTI3_IRQHandler
                0x08001100                I2C3_ER_IRQHandler
                0x08001100                EXTI0_IRQHandler
                0x08001100                I2C2_EV_IRQHandler
                0x08001100                FPU_IRQHandler
                0x08001100                FDCAN1_IT1_IRQHandler
                0x08001100                TIM1_UP_TIM16_IRQHandler
                0x08001100                ADC1_2_IRQHandler
                0x08001100                HRTIM1_TIME_IRQHandler
                0x08001100                SPI1_IRQHandler
                0x08001100                TIM6_DAC_IRQHandler
                0x08001100                HRTIM1_TIMC_IRQHandler
                0x08001100                TIM8_UP_IRQHandler
                0x08001100                DMA2_Channel2_IRQHandler
                0x08001100                DMA1_Channel4_IRQHandler
                0x08001100                TIM20_TRG_COM_IRQHandler
                0x08001100                USART3_IRQHandler
                0x08001100                DMA1_Channel7_IRQHandler
                0x08001100                UART5_IRQHandler
                0x08001100                ADC3_IRQHandler
                0x08001100                TIM4_IRQHandler
                0x08001100                DMA2_Channel1_IRQHandler
                0x08001100                QUADSPI_IRQHandler
                0x08001100                I2C1_EV_IRQHandler
                0x08001100                DMA1_Channel6_IRQHandler
                0x08001100                UART4_IRQHandler
                0x08001100                DMA2_Channel4_IRQHandler
                0x08001100                TIM3_IRQHandler
                0x08001100                RCC_IRQHandler
                0x08001100                TIM20_UP_IRQHandler
                0x08001100                Default_Handler
                0x08001100                DMA2_Channel7_IRQHandler
                0x08001100                RTC_TAMP_LSECSS_IRQHandler
                0x08001100                FMAC_IRQHandler
                0x08001100                DMA1_Channel8_IRQHandler
                0x08001100                HRTIM1_TIMA_IRQHandler
                0x08001100                TIM7_DAC_IRQHandler
                0x08001100                FDCAN3_IT1_IRQHandler
                0x08001100                TIM5_IRQHandler
                0x08001100                UCPD1_IRQHandler
                0x08001100                I2C3_EV_IRQHandler
                0x08001100                EXTI9_5_IRQHandler
                0x08001100                RTC_WKUP_IRQHandler
                0x08001100                PVD_PVM_IRQHandler
                0x08001100                SPI2_IRQHandler
                0x08001100                ADC5_IRQHandler
                0x08001100                DMA2_Channel5_IRQHandler
                0x08001100                CRS_IRQHandler
                0x08001100                DMA1_Channel5_IRQHandler
                0x08001100                USB_LP_IRQHandler
                0x08001100                EXTI4_IRQHandler
                0x08001100                RNG_IRQHandler
                0x08001100                HRTIM1_TIMB_IRQHandler
                0x08001100                TIM1_TRG_COM_TIM17_IRQHandler
                0x08001100                FDCAN2_IT1_IRQHandler
                0x08001100                DMA1_Channel3_IRQHandler
                0x08001100                ADC4_IRQHandler
                0x08001100                WWDG_IRQHandler
                0x08001100                I2C4_EV_IRQHandler
                0x08001100                FDCAN2_IT0_IRQHandler
                0x08001100                DMA2_Channel6_IRQHandler
                0x08001100                FDCAN1_IT0_IRQHandler
                0x08001100                COMP7_IRQHandler
                0x08001100                COMP1_2_3_IRQHandler
                0x08001100                EXTI1_IRQHandler
                0x08001100                USART2_IRQHandler
                0x08001100                COMP4_5_6_IRQHandler
                0x08001100                TIM20_BRK_IRQHandler
                0x08001100                I2C2_ER_IRQHandler
                0x08001100                TIM8_BRK_IRQHandler
                0x08001100                FLASH_IRQHandler
                0x08001100                TIM20_CC_IRQHandler
                0x08001100                USART1_IRQHandler
                0x08001100                SPI3_IRQHandler
                0x08001100                I2C1_ER_IRQHandler
                0x08001100                FMC_IRQHandler
                0x08001100                LPTIM1_IRQHandler
                0x08001100                DMAMUX_OVR_IRQHandler
                0x08001100                I2C4_ER_IRQHandler
                0x08001100                USBWakeUp_IRQHandler
                0x08001100                SAI1_IRQHandler
                0x08001100                DMA2_Channel3_IRQHandler
                0x08001100                TIM1_BRK_TIM15_IRQHandler
 .text.HAL_Init
                0x08001102       0x30 ./Drivers/STM32G4xx_HAL_Driver/Src/stm32g4xx_hal.o
                0x08001102                HAL_Init
 *fill*         0x08001132        0x2 
 .text.HAL_InitTick
                0x08001134       0x74 ./Drivers/STM32G4xx_HAL_Driver/Src/stm32g4xx_hal.o
                0x08001134                HAL_InitTick
 .text.HAL_IncTick
                0x080011a8       0x24 ./Drivers/STM32G4xx_HAL_Driver/Src/stm32g4xx_hal.o
                0x080011a8                HAL_IncTick
 .text.HAL_GetTick
                0x080011cc       0x18 ./Drivers/STM32G4xx_HAL_Driver/Src/stm32g4xx_hal.o
                0x080011cc                HAL_GetTick
 .text.__NVIC_SetPriorityGrouping
                0x080011e4       0x48 ./Drivers/STM32G4xx_HAL_Driver/Src/stm32g4xx_hal_cortex.o
 .text.__NVIC_GetPriorityGrouping
                0x0800122c       0x1c ./Drivers/STM32G4xx_HAL_Driver/Src/stm32g4xx_hal_cortex.o
 .text.__NVIC_EnableIRQ
                0x08001248       0x3c ./Drivers/STM32G4xx_HAL_Driver/Src/stm32g4xx_hal_cortex.o
 .text.__NVIC_SetPriority
                0x08001284       0x54 ./Drivers/STM32G4xx_HAL_Driver/Src/stm32g4xx_hal_cortex.o
 .text.NVIC_EncodePriority
                0x080012d8       0x66 ./Drivers/STM32G4xx_HAL_Driver/Src/stm32g4xx_hal_cortex.o
 *fill*         0x0800133e        0x2 
 .text.SysTick_Config
                0x08001340       0x44 ./Drivers/STM32G4xx_HAL_Driver/Src/stm32g4xx_hal_cortex.o
 .text.HAL_NVIC_SetPriorityGrouping
                0x08001384       0x16 ./Drivers/STM32G4xx_HAL_Driver/Src/stm32g4xx_hal_cortex.o
                0x08001384                HAL_NVIC_SetPriorityGrouping
 .text.HAL_NVIC_SetPriority
                0x0800139a       0x34 ./Drivers/STM32G4xx_HAL_Driver/Src/stm32g4xx_hal_cortex.o
                0x0800139a                HAL_NVIC_SetPriority
 .text.HAL_NVIC_EnableIRQ
                0x080013ce       0x1c ./Drivers/STM32G4xx_HAL_Driver/Src/stm32g4xx_hal_cortex.o
                0x080013ce                HAL_NVIC_EnableIRQ
 .text.HAL_SYSTICK_Config
                0x080013ea       0x18 ./Drivers/STM32G4xx_HAL_Driver/Src/stm32g4xx_hal_cortex.o
                0x080013ea                HAL_SYSTICK_Config
 *fill*         0x08001402        0x2 
 .text.HAL_DMA_Init
                0x08001404      0x150 ./Drivers/STM32G4xx_HAL_Driver/Src/stm32g4xx_hal_dma.o
                0x08001404                HAL_DMA_Init
 .text.HAL_DMA_Start_IT
                0x08001554       0xf6 ./Drivers/STM32G4xx_HAL_Driver/Src/stm32g4xx_hal_dma.o
                0x08001554                HAL_DMA_Start_IT
 .text.HAL_DMA_Abort
                0x0800164a       0xb2 ./Drivers/STM32G4xx_HAL_Driver/Src/stm32g4xx_hal_dma.o
                0x0800164a                HAL_DMA_Abort
 .text.HAL_DMA_Abort_IT
                0x080016fc       0xce ./Drivers/STM32G4xx_HAL_Driver/Src/stm32g4xx_hal_dma.o
                0x080016fc                HAL_DMA_Abort_IT
 .text.HAL_DMA_IRQHandler
                0x080017ca      0x15e ./Drivers/STM32G4xx_HAL_Driver/Src/stm32g4xx_hal_dma.o
                0x080017ca                HAL_DMA_IRQHandler
 .text.DMA_SetConfig
                0x08001928       0x7c ./Drivers/STM32G4xx_HAL_Driver/Src/stm32g4xx_hal_dma.o
 .text.DMA_CalcDMAMUXChannelBaseAndMask
                0x080019a4       0x7c ./Drivers/STM32G4xx_HAL_Driver/Src/stm32g4xx_hal_dma.o
 .text.DMA_CalcDMAMUXRequestGenBaseAndMask
                0x08001a20       0x48 ./Drivers/STM32G4xx_HAL_Driver/Src/stm32g4xx_hal_dma.o
 .text.HAL_GPIO_Init
                0x08001a68      0x304 ./Drivers/STM32G4xx_HAL_Driver/Src/stm32g4xx_hal_gpio.o
                0x08001a68                HAL_GPIO_Init
 .text.HAL_GPIO_WritePin
                0x08001d6c       0x30 ./Drivers/STM32G4xx_HAL_Driver/Src/stm32g4xx_hal_gpio.o
                0x08001d6c                HAL_GPIO_WritePin
 .text.HAL_GPIO_EXTI_IRQHandler
                0x08001d9c       0x30 ./Drivers/STM32G4xx_HAL_Driver/Src/stm32g4xx_hal_gpio.o
                0x08001d9c                HAL_GPIO_EXTI_IRQHandler
 .text.HAL_GPIO_EXTI_Callback
                0x08001dcc       0x16 ./Drivers/STM32G4xx_HAL_Driver/Src/stm32g4xx_hal_gpio.o
                0x08001dcc                HAL_GPIO_EXTI_Callback
 *fill*         0x08001de2        0x2 
 .text.HAL_PWREx_ControlVoltageScaling
                0x08001de4      0x148 ./Drivers/STM32G4xx_HAL_Driver/Src/stm32g4xx_hal_pwr_ex.o
                0x08001de4                HAL_PWREx_ControlVoltageScaling
 .text.HAL_PWREx_DisableUCPDDeadBattery
                0x08001f2c       0x20 ./Drivers/STM32G4xx_HAL_Driver/Src/stm32g4xx_hal_pwr_ex.o
                0x08001f2c                HAL_PWREx_DisableUCPDDeadBattery
 .text.HAL_RCC_OscConfig
                0x08001f4c      0x624 ./Drivers/STM32G4xx_HAL_Driver/Src/stm32g4xx_hal_rcc.o
                0x08001f4c                HAL_RCC_OscConfig
 .text.HAL_RCC_ClockConfig
                0x08002570      0x278 ./Drivers/STM32G4xx_HAL_Driver/Src/stm32g4xx_hal_rcc.o
                0x08002570                HAL_RCC_ClockConfig
 .text.HAL_RCC_GetSysClockFreq
                0x080027e8       0xc4 ./Drivers/STM32G4xx_HAL_Driver/Src/stm32g4xx_hal_rcc.o
                0x080027e8                HAL_RCC_GetSysClockFreq
 .text.HAL_RCC_GetHCLKFreq
                0x080028ac       0x18 ./Drivers/STM32G4xx_HAL_Driver/Src/stm32g4xx_hal_rcc.o
                0x080028ac                HAL_RCC_GetHCLKFreq
 .text.HAL_RCC_GetPCLK1Freq
                0x080028c4       0x2c ./Drivers/STM32G4xx_HAL_Driver/Src/stm32g4xx_hal_rcc.o
                0x080028c4                HAL_RCC_GetPCLK1Freq
 .text.HAL_RCC_GetPCLK2Freq
                0x080028f0       0x2c ./Drivers/STM32G4xx_HAL_Driver/Src/stm32g4xx_hal_rcc.o
                0x080028f0                HAL_RCC_GetPCLK2Freq
 .text.RCC_GetSysClockFreqFromPLLSource
                0x0800291c       0x8c ./Drivers/STM32G4xx_HAL_Driver/Src/stm32g4xx_hal_rcc.o
 .text.HAL_RCCEx_PeriphCLKConfig
                0x080029a8      0x49c ./Drivers/STM32G4xx_HAL_Driver/Src/stm32g4xx_hal_rcc_ex.o
                0x080029a8                HAL_RCCEx_PeriphCLKConfig
 .text.HAL_TIM_Base_Init
                0x08002e44       0xae ./Drivers/STM32G4xx_HAL_Driver/Src/stm32g4xx_hal_tim.o
                0x08002e44                HAL_TIM_Base_Init
 *fill*         0x08002ef2        0x2 
 .text.HAL_TIM_Base_Start_IT
                0x08002ef4       0xf0 ./Drivers/STM32G4xx_HAL_Driver/Src/stm32g4xx_hal_tim.o
                0x08002ef4                HAL_TIM_Base_Start_IT
 .text.HAL_TIM_IRQHandler
                0x08002fe4      0x29e ./Drivers/STM32G4xx_HAL_Driver/Src/stm32g4xx_hal_tim.o
                0x08002fe4                HAL_TIM_IRQHandler
 *fill*         0x08003282        0x2 
 .text.HAL_TIM_ConfigClockSource
                0x08003284      0x22c ./Drivers/STM32G4xx_HAL_Driver/Src/stm32g4xx_hal_tim.o
                0x08003284                HAL_TIM_ConfigClockSource
 .text.HAL_TIM_OC_DelayElapsedCallback
                0x080034b0       0x14 ./Drivers/STM32G4xx_HAL_Driver/Src/stm32g4xx_hal_tim.o
                0x080034b0                HAL_TIM_OC_DelayElapsedCallback
 .text.HAL_TIM_IC_CaptureCallback
                0x080034c4       0x14 ./Drivers/STM32G4xx_HAL_Driver/Src/stm32g4xx_hal_tim.o
                0x080034c4                HAL_TIM_IC_CaptureCallback
 .text.HAL_TIM_PWM_PulseFinishedCallback
                0x080034d8       0x14 ./Drivers/STM32G4xx_HAL_Driver/Src/stm32g4xx_hal_tim.o
                0x080034d8                HAL_TIM_PWM_PulseFinishedCallback
 .text.HAL_TIM_TriggerCallback
                0x080034ec       0x14 ./Drivers/STM32G4xx_HAL_Driver/Src/stm32g4xx_hal_tim.o
                0x080034ec                HAL_TIM_TriggerCallback
 .text.TIM_Base_SetConfig
                0x08003500      0x168 ./Drivers/STM32G4xx_HAL_Driver/Src/stm32g4xx_hal_tim.o
                0x08003500                TIM_Base_SetConfig
 .text.TIM_TI1_ConfigInputStage
                0x08003668       0x5e ./Drivers/STM32G4xx_HAL_Driver/Src/stm32g4xx_hal_tim.o
 .text.TIM_TI2_ConfigInputStage
                0x080036c6       0x60 ./Drivers/STM32G4xx_HAL_Driver/Src/stm32g4xx_hal_tim.o
 .text.TIM_ITRx_SetConfig
                0x08003726       0x3a ./Drivers/STM32G4xx_HAL_Driver/Src/stm32g4xx_hal_tim.o
 .text.TIM_ETR_SetConfig
                0x08003760       0x40 ./Drivers/STM32G4xx_HAL_Driver/Src/stm32g4xx_hal_tim.o
                0x08003760                TIM_ETR_SetConfig
 .text.HAL_TIMEx_MasterConfigSynchronization
                0x080037a0      0x12c ./Drivers/STM32G4xx_HAL_Driver/Src/stm32g4xx_hal_tim_ex.o
                0x080037a0                HAL_TIMEx_MasterConfigSynchronization
 .text.HAL_TIMEx_CommutCallback
                0x080038cc       0x14 ./Drivers/STM32G4xx_HAL_Driver/Src/stm32g4xx_hal_tim_ex.o
                0x080038cc                HAL_TIMEx_CommutCallback
 .text.HAL_TIMEx_BreakCallback
                0x080038e0       0x14 ./Drivers/STM32G4xx_HAL_Driver/Src/stm32g4xx_hal_tim_ex.o
                0x080038e0                HAL_TIMEx_BreakCallback
 .text.HAL_TIMEx_Break2Callback
                0x080038f4       0x14 ./Drivers/STM32G4xx_HAL_Driver/Src/stm32g4xx_hal_tim_ex.o
                0x080038f4                HAL_TIMEx_Break2Callback
 .text.HAL_TIMEx_EncoderIndexCallback
                0x08003908       0x14 ./Drivers/STM32G4xx_HAL_Driver/Src/stm32g4xx_hal_tim_ex.o
                0x08003908                HAL_TIMEx_EncoderIndexCallback
 .text.HAL_TIMEx_DirectionChangeCallback
                0x0800391c       0x14 ./Drivers/STM32G4xx_HAL_Driver/Src/stm32g4xx_hal_tim_ex.o
                0x0800391c                HAL_TIMEx_DirectionChangeCallback
 .text.HAL_TIMEx_IndexErrorCallback
                0x08003930       0x14 ./Drivers/STM32G4xx_HAL_Driver/Src/stm32g4xx_hal_tim_ex.o
                0x08003930                HAL_TIMEx_IndexErrorCallback
 .text.HAL_TIMEx_TransitionErrorCallback
                0x08003944       0x14 ./Drivers/STM32G4xx_HAL_Driver/Src/stm32g4xx_hal_tim_ex.o
                0x08003944                HAL_TIMEx_TransitionErrorCallback
 .text.HAL_UART_Init
                0x08003958       0xa0 ./Drivers/STM32G4xx_HAL_Driver/Src/stm32g4xx_hal_uart.o
                0x08003958                HAL_UART_Init
 .text.HAL_UART_Transmit_DMA
                0x080039f8      0x100 ./Drivers/STM32G4xx_HAL_Driver/Src/stm32g4xx_hal_uart.o
                0x080039f8                HAL_UART_Transmit_DMA
 .text.HAL_UART_Receive_DMA
                0x08003af8       0x98 ./Drivers/STM32G4xx_HAL_Driver/Src/stm32g4xx_hal_uart.o
                0x08003af8                HAL_UART_Receive_DMA
 .text.HAL_UART_IRQHandler
                0x08003b90      0x684 ./Drivers/STM32G4xx_HAL_Driver/Src/stm32g4xx_hal_uart.o
                0x08003b90                HAL_UART_IRQHandler
 .text.HAL_UART_TxCpltCallback
                0x08004214       0x14 ./Drivers/STM32G4xx_HAL_Driver/Src/stm32g4xx_hal_uart.o
                0x08004214                HAL_UART_TxCpltCallback
 .text.HAL_UART_TxHalfCpltCallback
                0x08004228       0x14 ./Drivers/STM32G4xx_HAL_Driver/Src/stm32g4xx_hal_uart.o
                0x08004228                HAL_UART_TxHalfCpltCallback
 .text.HAL_UART_RxHalfCpltCallback
                0x0800423c       0x14 ./Drivers/STM32G4xx_HAL_Driver/Src/stm32g4xx_hal_uart.o
                0x0800423c                HAL_UART_RxHalfCpltCallback
 .text.HAL_UART_ErrorCallback
                0x08004250       0x14 ./Drivers/STM32G4xx_HAL_Driver/Src/stm32g4xx_hal_uart.o
                0x08004250                HAL_UART_ErrorCallback
 .text.HAL_UARTEx_RxEventCallback
                0x08004264       0x18 ./Drivers/STM32G4xx_HAL_Driver/Src/stm32g4xx_hal_uart.o
                0x08004264                HAL_UARTEx_RxEventCallback
 .text.UART_SetConfig
                0x0800427c      0x5f8 ./Drivers/STM32G4xx_HAL_Driver/Src/stm32g4xx_hal_uart.o
                0x0800427c                UART_SetConfig
 .text.UART_AdvFeatureConfig
                0x08004874      0x144 ./Drivers/STM32G4xx_HAL_Driver/Src/stm32g4xx_hal_uart.o
                0x08004874                UART_AdvFeatureConfig
 .text.UART_CheckIdleState
                0x080049b8      0x154 ./Drivers/STM32G4xx_HAL_Driver/Src/stm32g4xx_hal_uart.o
                0x080049b8                UART_CheckIdleState
 .text.UART_WaitOnFlagUntilTimeout
                0x08004b0c       0xda ./Drivers/STM32G4xx_HAL_Driver/Src/stm32g4xx_hal_uart.o
                0x08004b0c                UART_WaitOnFlagUntilTimeout
 *fill*         0x08004be6        0x2 
 .text.UART_Start_Receive_DMA
                0x08004be8      0x14c ./Drivers/STM32G4xx_HAL_Driver/Src/stm32g4xx_hal_uart.o
                0x08004be8                UART_Start_Receive_DMA
 .text.UART_EndTxTransfer
                0x08004d34       0x82 ./Drivers/STM32G4xx_HAL_Driver/Src/stm32g4xx_hal_uart.o
 .text.UART_EndRxTransfer
                0x08004db6       0xcc ./Drivers/STM32G4xx_HAL_Driver/Src/stm32g4xx_hal_uart.o
 .text.UART_DMATransmitCplt
                0x08004e82       0x9a ./Drivers/STM32G4xx_HAL_Driver/Src/stm32g4xx_hal_uart.o
 .text.UART_DMATxHalfCplt
                0x08004f1c       0x1c ./Drivers/STM32G4xx_HAL_Driver/Src/stm32g4xx_hal_uart.o
 .text.UART_DMAReceiveCplt
                0x08004f38      0x12c ./Drivers/STM32G4xx_HAL_Driver/Src/stm32g4xx_hal_uart.o
 .text.UART_DMARxHalfCplt
                0x08005064       0x3e ./Drivers/STM32G4xx_HAL_Driver/Src/stm32g4xx_hal_uart.o
 .text.UART_DMAError
                0x080050a2       0x80 ./Drivers/STM32G4xx_HAL_Driver/Src/stm32g4xx_hal_uart.o
 .text.UART_DMAAbortOnError
                0x08005122       0x24 ./Drivers/STM32G4xx_HAL_Driver/Src/stm32g4xx_hal_uart.o
 .text.UART_EndTransmit_IT
                0x08005146       0x56 ./Drivers/STM32G4xx_HAL_Driver/Src/stm32g4xx_hal_uart.o
 .text.HAL_UARTEx_WakeupCallback
                0x0800519c       0x14 ./Drivers/STM32G4xx_HAL_Driver/Src/stm32g4xx_hal_uart_ex.o
                0x0800519c                HAL_UARTEx_WakeupCallback
 .text.HAL_UARTEx_RxFifoFullCallback
                0x080051b0       0x14 ./Drivers/STM32G4xx_HAL_Driver/Src/stm32g4xx_hal_uart_ex.o
                0x080051b0                HAL_UARTEx_RxFifoFullCallback
 .text.HAL_UARTEx_TxFifoEmptyCallback
                0x080051c4       0x14 ./Drivers/STM32G4xx_HAL_Driver/Src/stm32g4xx_hal_uart_ex.o
                0x080051c4                HAL_UARTEx_TxFifoEmptyCallback
 .text.HAL_UARTEx_DisableFifoMode
                0x080051d8       0x72 ./Drivers/STM32G4xx_HAL_Driver/Src/stm32g4xx_hal_uart_ex.o
                0x080051d8                HAL_UARTEx_DisableFifoMode
 .text.HAL_UARTEx_SetTxFifoThreshold
                0x0800524a       0x7c ./Drivers/STM32G4xx_HAL_Driver/Src/stm32g4xx_hal_uart_ex.o
                0x0800524a                HAL_UARTEx_SetTxFifoThreshold
 .text.HAL_UARTEx_SetRxFifoThreshold
                0x080052c6       0x7c ./Drivers/STM32G4xx_HAL_Driver/Src/stm32g4xx_hal_uart_ex.o
                0x080052c6                HAL_UARTEx_SetRxFifoThreshold
 *fill*         0x08005342        0x2 
 .text.UARTEx_SetNbDataToProcess
                0x08005344       0x9c ./Drivers/STM32G4xx_HAL_Driver/Src/stm32g4xx_hal_uart_ex.o
 .text.memset   0x080053e0       0x10 C:/ST/STM32CubeIDE_1.16.0/STM32CubeIDE/plugins/com.st.stm32cube.ide.mcu.externaltools.gnu-tools-for-stm32.13.3.rel1.win32_1.0.0.202411081344/tools/bin/../lib/gcc/arm-none-eabi/13.3.1/../../../../arm-none-eabi/lib/thumb/v7e-m+fp/hard\libc_nano.a(libc_a-memset.o)
                0x080053e0                memset
 .text.__libc_init_array
                0x080053f0       0x48 C:/ST/STM32CubeIDE_1.16.0/STM32CubeIDE/plugins/com.st.stm32cube.ide.mcu.externaltools.gnu-tools-for-stm32.13.3.rel1.win32_1.0.0.202411081344/tools/bin/../lib/gcc/arm-none-eabi/13.3.1/../../../../arm-none-eabi/lib/thumb/v7e-m+fp/hard\libc_nano.a(libc_a-init.o)
                0x080053f0                __libc_init_array
 .text.memcpy   0x08005438       0x1c C:/ST/STM32CubeIDE_1.16.0/STM32CubeIDE/plugins/com.st.stm32cube.ide.mcu.externaltools.gnu-tools-for-stm32.13.3.rel1.win32_1.0.0.202411081344/tools/bin/../lib/gcc/arm-none-eabi/13.3.1/../../../../arm-none-eabi/lib/thumb/v7e-m+fp/hard\libc_nano.a(libc_a-memcpy-stub.o)
                0x08005438                memcpy
 *(.glue_7)
 .glue_7        0x08005454        0x0 linker stubs
 *(.glue_7t)
 .glue_7t       0x08005454        0x0 linker stubs
 *(.eh_frame)
 .eh_frame      0x08005454        0x0 C:/ST/STM32CubeIDE_1.16.0/STM32CubeIDE/plugins/com.st.stm32cube.ide.mcu.externaltools.gnu-tools-for-stm32.13.3.rel1.win32_1.0.0.202411081344/tools/bin/../lib/gcc/arm-none-eabi/13.3.1/thumb/v7e-m+fp/hard/crtbegin.o
 *(.init)
 .init          0x08005454        0x4 C:/ST/STM32CubeIDE_1.16.0/STM32CubeIDE/plugins/com.st.stm32cube.ide.mcu.externaltools.gnu-tools-for-stm32.13.3.rel1.win32_1.0.0.202411081344/tools/bin/../lib/gcc/arm-none-eabi/13.3.1/thumb/v7e-m+fp/hard/crti.o
                0x08005454                _init
 .init          0x08005458        0x8 C:/ST/STM32CubeIDE_1.16.0/STM32CubeIDE/plugins/com.st.stm32cube.ide.mcu.externaltools.gnu-tools-for-stm32.13.3.rel1.win32_1.0.0.202411081344/tools/bin/../lib/gcc/arm-none-eabi/13.3.1/thumb/v7e-m+fp/hard/crtn.o
 *(.fini)
 .fini          0x08005460        0x4 C:/ST/STM32CubeIDE_1.16.0/STM32CubeIDE/plugins/com.st.stm32cube.ide.mcu.externaltools.gnu-tools-for-stm32.13.3.rel1.win32_1.0.0.202411081344/tools/bin/../lib/gcc/arm-none-eabi/13.3.1/thumb/v7e-m+fp/hard/crti.o
                0x08005460                _fini
 .fini          0x08005464        0x8 C:/ST/STM32CubeIDE_1.16.0/STM32CubeIDE/plugins/com.st.stm32cube.ide.mcu.externaltools.gnu-tools-for-stm32.13.3.rel1.win32_1.0.0.202411081344/tools/bin/../lib/gcc/arm-none-eabi/13.3.1/thumb/v7e-m+fp/hard/crtn.o
                0x0800546c                        . = ALIGN (0x4)
                0x0800546c                        _etext = .

.vfp11_veneer   0x0800546c        0x0
 .vfp11_veneer  0x0800546c        0x0 linker stubs

.v4_bx          0x0800546c        0x0
 .v4_bx         0x0800546c        0x0 linker stubs

.iplt           0x0800546c        0x0
 .iplt          0x0800546c        0x0 C:/ST/STM32CubeIDE_1.16.0/STM32CubeIDE/plugins/com.st.stm32cube.ide.mcu.externaltools.gnu-tools-for-stm32.13.3.rel1.win32_1.0.0.202411081344/tools/bin/../lib/gcc/arm-none-eabi/13.3.1/thumb/v7e-m+fp/hard/crtbegin.o

.rodata         0x0800546c       0xac
                0x0800546c                        . = ALIGN (0x4)
 *(.rodata)
 .rodata        0x0800546c       0x6c ./Core/Src/main.o
 *(.rodata*)
 .rodata.AHBPrescTable
                0x080054d8       0x10 ./Core/Src/system_stm32g4xx.o
                0x080054d8                AHBPrescTable
 .rodata.APBPrescTable
                0x080054e8        0x8 ./Core/Src/system_stm32g4xx.o
                0x080054e8                APBPrescTable
 .rodata.UARTPrescTable
                0x080054f0       0x18 ./Drivers/STM32G4xx_HAL_Driver/Src/stm32g4xx_hal_uart.o
                0x080054f0                UARTPrescTable
 .rodata.numerator.1
                0x08005508        0x8 ./Drivers/STM32G4xx_HAL_Driver/Src/stm32g4xx_hal_uart_ex.o
 .rodata.denominator.0
                0x08005510        0x8 ./Drivers/STM32G4xx_HAL_Driver/Src/stm32g4xx_hal_uart_ex.o
                0x08005518                        . = ALIGN (0x4)

.ARM.extab      0x08005518        0x0
                0x08005518                        . = ALIGN (0x4)
 *(.ARM.extab* .gnu.linkonce.armextab.*)
                0x08005518                        . = ALIGN (0x4)

.ARM            0x08005518        0x8
                0x08005518                        . = ALIGN (0x4)
                0x08005518                        __exidx_start = .
 *(.ARM.exidx*)
 .ARM.exidx     0x08005518        0x8 C:/ST/STM32CubeIDE_1.16.0/STM32CubeIDE/plugins/com.st.stm32cube.ide.mcu.externaltools.gnu-tools-for-stm32.13.3.rel1.win32_1.0.0.202411081344/tools/bin/../lib/gcc/arm-none-eabi/13.3.1/thumb/v7e-m+fp/hard\libgcc.a(_udivmoddi4.o)
                0x08005520                        __exidx_end = .
                0x08005520                        . = ALIGN (0x4)

.preinit_array  0x08005520        0x0
                0x08005520                        . = ALIGN (0x4)
                0x08005520                        PROVIDE (__preinit_array_start = .)
 *(.preinit_array*)
                0x08005520                        PROVIDE (__preinit_array_end = .)
                0x08005520                        . = ALIGN (0x4)

.init_array     0x08005520        0x4
                0x08005520                        . = ALIGN (0x4)
                0x08005520                        PROVIDE (__init_array_start = .)
 *(SORT_BY_NAME(.init_array.*))
 *(.init_array*)
 .init_array    0x08005520        0x4 C:/ST/STM32CubeIDE_1.16.0/STM32CubeIDE/plugins/com.st.stm32cube.ide.mcu.externaltools.gnu-tools-for-stm32.13.3.rel1.win32_1.0.0.202411081344/tools/bin/../lib/gcc/arm-none-eabi/13.3.1/thumb/v7e-m+fp/hard/crtbegin.o
                0x08005524                        PROVIDE (__init_array_end = .)
                0x08005524                        . = ALIGN (0x4)

.fini_array     0x08005524        0x4
                0x08005524                        . = ALIGN (0x4)
                [!provide]                        PROVIDE (__fini_array_start = .)
 *(SORT_BY_NAME(.fini_array.*))
 *(.fini_array*)
 .fini_array    0x08005524        0x4 C:/ST/STM32CubeIDE_1.16.0/STM32CubeIDE/plugins/com.st.stm32cube.ide.mcu.externaltools.gnu-tools-for-stm32.13.3.rel1.win32_1.0.0.202411081344/tools/bin/../lib/gcc/arm-none-eabi/13.3.1/thumb/v7e-m+fp/hard/crtbegin.o
                [!provide]                        PROVIDE (__fini_array_end = .)
                0x08005528                        . = ALIGN (0x4)
                0x08005528                        _sidata = LOADADDR (.data)

.rel.dyn        0x08005528        0x0
 .rel.iplt      0x08005528        0x0 C:/ST/STM32CubeIDE_1.16.0/STM32CubeIDE/plugins/com.st.stm32cube.ide.mcu.externaltools.gnu-tools-for-stm32.13.3.rel1.win32_1.0.0.202411081344/tools/bin/../lib/gcc/arm-none-eabi/13.3.1/thumb/v7e-m+fp/hard/crtbegin.o

.data           0x20000000        0xc load address 0x08005528
                0x20000000                        . = ALIGN (0x4)
                0x20000000                        _sdata = .
 *(.data)
 *(.data*)
 .data.SystemCoreClock
                0x20000000        0x4 ./Core/Src/system_stm32g4xx.o
                0x20000000                SystemCoreClock
 .data.uwTickPrio
                0x20000004        0x4 ./Drivers/STM32G4xx_HAL_Driver/Src/stm32g4xx_hal.o
                0x20000004                uwTickPrio
 .data.uwTickFreq
                0x20000008        0x4 ./Drivers/STM32G4xx_HAL_Driver/Src/stm32g4xx_hal.o
                0x20000008                uwTickFreq
 *(.RamFunc)
 *(.RamFunc*)
                0x2000000c                        . = ALIGN (0x4)
                0x2000000c                        _edata = .

.igot.plt       0x2000000c        0x0 load address 0x08005534
 .igot.plt      0x2000000c        0x0 C:/ST/STM32CubeIDE_1.16.0/STM32CubeIDE/plugins/com.st.stm32cube.ide.mcu.externaltools.gnu-tools-for-stm32.13.3.rel1.win32_1.0.0.202411081344/tools/bin/../lib/gcc/arm-none-eabi/13.3.1/thumb/v7e-m+fp/hard/crtbegin.o
                0x2000000c                        . = ALIGN (0x4)

.bss            0x2000000c      0x7f4 load address 0x08005534
                0x2000000c                        _sbss = .
                0x2000000c                        __bss_start__ = _sbss
 *(.bss)
 .bss           0x2000000c       0x1c C:/ST/STM32CubeIDE_1.16.0/STM32CubeIDE/plugins/com.st.stm32cube.ide.mcu.externaltools.gnu-tools-for-stm32.13.3.rel1.win32_1.0.0.202411081344/tools/bin/../lib/gcc/arm-none-eabi/13.3.1/thumb/v7e-m+fp/hard/crtbegin.o
 *(.bss*)
 .bss.dum_float1
                0x20000028        0x4 ./Core/Src/main.o
                0x20000028                dum_float1
 .bss.dum_float2
                0x2000002c        0x4 ./Core/Src/main.o
                0x2000002c                dum_float2
 .bss.dum_float3
                0x20000030        0x4 ./Core/Src/main.o
                0x20000030                dum_float3
 .bss.dum_int1  0x20000034        0x2 ./Core/Src/main.o
                0x20000034                dum_int1
 .bss.dum_int2  0x20000036        0x2 ./Core/Src/main.o
                0x20000036                dum_int2
 .bss.dum_int3  0x20000038        0x2 ./Core/Src/main.o
                0x20000038                dum_int3
 *fill*         0x2000003a        0x2 
 .bss.rev_float1
                0x2000003c        0x4 ./Core/Src/main.o
                0x2000003c                rev_float1
 .bss.rev_float2
                0x20000040        0x4 ./Core/Src/main.o
                0x20000040                rev_float2
 .bss.rev_float3
                0x20000044        0x4 ./Core/Src/main.o
                0x20000044                rev_float3
 .bss.rev_int1  0x20000048        0x2 ./Core/Src/main.o
                0x20000048                rev_int1
 .bss.rev_int2  0x2000004a        0x2 ./Core/Src/main.o
                0x2000004a                rev_int2
 .bss.rev_int3  0x2000004c        0x2 ./Core/Src/main.o
                0x2000004c                rev_int3
 *fill*         0x2000004e        0x2 
 .bss.serial_frame
                0x20000050      0x60c ./Core/Src/main.o
                0x20000050                serial_frame
 .bss.htim2     0x2000065c       0x4c ./Core/Src/tim.o
                0x2000065c                htim2
 .bss.hlpuart1  0x200006a8       0x94 ./Core/Src/usart.o
                0x200006a8                hlpuart1
 .bss.hdma_lpuart1_rx
                0x2000073c       0x60 ./Core/Src/usart.o
                0x2000073c                hdma_lpuart1_rx
 .bss.hdma_lpuart1_tx
                0x2000079c       0x60 ./Core/Src/usart.o
                0x2000079c                hdma_lpuart1_tx
 .bss.uwTick    0x200007fc        0x4 ./Drivers/STM32G4xx_HAL_Driver/Src/stm32g4xx_hal.o
                0x200007fc                uwTick
 *(COMMON)
                0x20000800                        . = ALIGN (0x4)
                0x20000800                        _ebss = .
                0x20000800                        __bss_end__ = _ebss

._user_heap_stack
                0x20000800      0x600 load address 0x08005534
                0x20000800                        . = ALIGN (0x8)
                [!provide]                        PROVIDE (end = .)
                0x20000800                        PROVIDE (_end = .)
                0x20000a00                        . = (. + _Min_Heap_Size)
 *fill*         0x20000800      0x200 
                0x20000e00                        . = (. + _Min_Stack_Size)
 *fill*         0x20000a00      0x400 
                0x20000e00                        . = ALIGN (0x8)

/DISCARD/
 libc.a(*)
 libm.a(*)
 libgcc.a(*)

.ARM.attributes
                0x00000000       0x30
 *(.ARM.attributes)
 .ARM.attributes
                0x00000000       0x22 C:/ST/STM32CubeIDE_1.16.0/STM32CubeIDE/plugins/com.st.stm32cube.ide.mcu.externaltools.gnu-tools-for-stm32.13.3.rel1.win32_1.0.0.202411081344/tools/bin/../lib/gcc/arm-none-eabi/13.3.1/thumb/v7e-m+fp/hard/crti.o
 .ARM.attributes
                0x00000022       0x34 C:/ST/STM32CubeIDE_1.16.0/STM32CubeIDE/plugins/com.st.stm32cube.ide.mcu.externaltools.gnu-tools-for-stm32.13.3.rel1.win32_1.0.0.202411081344/tools/bin/../lib/gcc/arm-none-eabi/13.3.1/thumb/v7e-m+fp/hard/crtbegin.o
 .ARM.attributes
                0x00000056       0x34 ./Core/Src/dma.o
 .ARM.attributes
                0x0000008a       0x34 ./Core/Src/gpio.o
 .ARM.attributes
                0x000000be       0x34 ./Core/Src/main.o
 .ARM.attributes
                0x000000f2       0x34 ./Core/Src/serial_frame.o
 .ARM.attributes
                0x00000126       0x34 ./Core/Src/stm32g4xx_hal_msp.o
 .ARM.attributes
                0x0000015a       0x34 ./Core/Src/stm32g4xx_it.o
 .ARM.attributes
                0x0000018e       0x34 ./Core/Src/system_stm32g4xx.o
 .ARM.attributes
                0x000001c2       0x34 ./Core/Src/tim.o
 .ARM.attributes
                0x000001f6       0x34 ./Core/Src/usart.o
 .ARM.attributes
                0x0000022a       0x21 ./Core/Startup/startup_stm32g474retx.o
 .ARM.attributes
                0x0000024b       0x34 ./Drivers/STM32G4xx_HAL_Driver/Src/stm32g4xx_hal.o
 .ARM.attributes
                0x0000027f       0x34 ./Drivers/STM32G4xx_HAL_Driver/Src/stm32g4xx_hal_cortex.o
 .ARM.attributes
                0x000002b3       0x34 ./Drivers/STM32G4xx_HAL_Driver/Src/stm32g4xx_hal_dma.o
 .ARM.attributes
                0x000002e7       0x34 ./Drivers/STM32G4xx_HAL_Driver/Src/stm32g4xx_hal_gpio.o
 .ARM.attributes
                0x0000031b       0x34 ./Drivers/STM32G4xx_HAL_Driver/Src/stm32g4xx_hal_pwr_ex.o
 .ARM.attributes
                0x0000034f       0x34 ./Drivers/STM32G4xx_HAL_Driver/Src/stm32g4xx_hal_rcc.o
 .ARM.attributes
                0x00000383       0x34 ./Drivers/STM32G4xx_HAL_Driver/Src/stm32g4xx_hal_rcc_ex.o
 .ARM.attributes
                0x000003b7       0x34 ./Drivers/STM32G4xx_HAL_Driver/Src/stm32g4xx_hal_tim.o
 .ARM.attributes
                0x000003eb       0x34 ./Drivers/STM32G4xx_HAL_Driver/Src/stm32g4xx_hal_tim_ex.o
 .ARM.attributes
                0x0000041f       0x34 ./Drivers/STM32G4xx_HAL_Driver/Src/stm32g4xx_hal_uart.o
 .ARM.attributes
                0x00000453       0x34 ./Drivers/STM32G4xx_HAL_Driver/Src/stm32g4xx_hal_uart_ex.o
 .ARM.attributes
                0x00000487       0x34 C:/ST/STM32CubeIDE_1.16.0/STM32CubeIDE/plugins/com.st.stm32cube.ide.mcu.externaltools.gnu-tools-for-stm32.13.3.rel1.win32_1.0.0.202411081344/tools/bin/../lib/gcc/arm-none-eabi/13.3.1/../../../../arm-none-eabi/lib/thumb/v7e-m+fp/hard\libc_nano.a(libc_a-memset.o)
 .ARM.attributes
                0x000004bb       0x34 C:/ST/STM32CubeIDE_1.16.0/STM32CubeIDE/plugins/com.st.stm32cube.ide.mcu.externaltools.gnu-tools-for-stm32.13.3.rel1.win32_1.0.0.202411081344/tools/bin/../lib/gcc/arm-none-eabi/13.3.1/../../../../arm-none-eabi/lib/thumb/v7e-m+fp/hard\libc_nano.a(libc_a-init.o)
 .ARM.attributes
                0x000004ef       0x34 C:/ST/STM32CubeIDE_1.16.0/STM32CubeIDE/plugins/com.st.stm32cube.ide.mcu.externaltools.gnu-tools-for-stm32.13.3.rel1.win32_1.0.0.202411081344/tools/bin/../lib/gcc/arm-none-eabi/13.3.1/../../../../arm-none-eabi/lib/thumb/v7e-m+fp/hard\libc_nano.a(libc_a-memcpy-stub.o)
 .ARM.attributes
                0x00000523       0x22 C:/ST/STM32CubeIDE_1.16.0/STM32CubeIDE/plugins/com.st.stm32cube.ide.mcu.externaltools.gnu-tools-for-stm32.13.3.rel1.win32_1.0.0.202411081344/tools/bin/../lib/gcc/arm-none-eabi/13.3.1/thumb/v7e-m+fp/hard\libgcc.a(_aeabi_uldivmod.o)
 .ARM.attributes
                0x00000545       0x34 C:/ST/STM32CubeIDE_1.16.0/STM32CubeIDE/plugins/com.st.stm32cube.ide.mcu.externaltools.gnu-tools-for-stm32.13.3.rel1.win32_1.0.0.202411081344/tools/bin/../lib/gcc/arm-none-eabi/13.3.1/thumb/v7e-m+fp/hard\libgcc.a(_udivmoddi4.o)
 .ARM.attributes
                0x00000579       0x22 C:/ST/STM32CubeIDE_1.16.0/STM32CubeIDE/plugins/com.st.stm32cube.ide.mcu.externaltools.gnu-tools-for-stm32.13.3.rel1.win32_1.0.0.202411081344/tools/bin/../lib/gcc/arm-none-eabi/13.3.1/thumb/v7e-m+fp/hard\libgcc.a(_dvmd_tls.o)
 .ARM.attributes
                0x0000059b       0x22 C:/ST/STM32CubeIDE_1.16.0/STM32CubeIDE/plugins/com.st.stm32cube.ide.mcu.externaltools.gnu-tools-for-stm32.13.3.rel1.win32_1.0.0.202411081344/tools/bin/../lib/gcc/arm-none-eabi/13.3.1/thumb/v7e-m+fp/hard/crtn.o
OUTPUT(waijung-matlab.elf elf32-littlearm)
LOAD linker stubs
LOAD C:/ST/STM32CubeIDE_1.16.0/STM32CubeIDE/plugins/com.st.stm32cube.ide.mcu.externaltools.gnu-tools-for-stm32.13.3.rel1.win32_1.0.0.202411081344/tools/bin/../lib/gcc/arm-none-eabi/13.3.1/../../../../arm-none-eabi/lib/thumb/v7e-m+fp/hard\libc.a
LOAD C:/ST/STM32CubeIDE_1.16.0/STM32CubeIDE/plugins/com.st.stm32cube.ide.mcu.externaltools.gnu-tools-for-stm32.13.3.rel1.win32_1.0.0.202411081344/tools/bin/../lib/gcc/arm-none-eabi/13.3.1/../../../../arm-none-eabi/lib/thumb/v7e-m+fp/hard\libm.a
LOAD C:/ST/STM32CubeIDE_1.16.0/STM32CubeIDE/plugins/com.st.stm32cube.ide.mcu.externaltools.gnu-tools-for-stm32.13.3.rel1.win32_1.0.0.202411081344/tools/bin/../lib/gcc/arm-none-eabi/13.3.1/thumb/v7e-m+fp/hard\libgcc.a

.debug_info     0x00000000    0x14c1a
 .debug_info    0x00000000      0x5ac ./Core/Src/dma.o
 .debug_info    0x000005ac      0x75e ./Core/Src/gpio.o
 .debug_info    0x00000d0a     0x115d ./Core/Src/main.o
 .debug_info    0x00001e67      0xc2a ./Core/Src/serial_frame.o
 .debug_info    0x00002a91      0x2da ./Core/Src/stm32g4xx_hal_msp.o
 .debug_info    0x00002d6b      0xccd ./Core/Src/stm32g4xx_it.o
 .debug_info    0x00003a38      0x58e ./Core/Src/system_stm32g4xx.o
 .debug_info    0x00003fc6      0xea8 ./Core/Src/tim.o
 .debug_info    0x00004e6e     0x10e6 ./Core/Src/usart.o
 .debug_info    0x00005f54       0x30 ./Core/Startup/startup_stm32g474retx.o
 .debug_info    0x00005f84      0xb95 ./Drivers/STM32G4xx_HAL_Driver/Src/stm32g4xx_hal.o
 .debug_info    0x00006b19      0xdf9 ./Drivers/STM32G4xx_HAL_Driver/Src/stm32g4xx_hal_cortex.o
 .debug_info    0x00007912      0x85f ./Drivers/STM32G4xx_HAL_Driver/Src/stm32g4xx_hal_dma.o
 .debug_info    0x00008171      0x763 ./Drivers/STM32G4xx_HAL_Driver/Src/stm32g4xx_hal_gpio.o
 .debug_info    0x000088d4      0x93f ./Drivers/STM32G4xx_HAL_Driver/Src/stm32g4xx_hal_pwr_ex.o
 .debug_info    0x00009213      0xbe0 ./Drivers/STM32G4xx_HAL_Driver/Src/stm32g4xx_hal_rcc.o
 .debug_info    0x00009df3      0xc45 ./Drivers/STM32G4xx_HAL_Driver/Src/stm32g4xx_hal_rcc_ex.o
 .debug_info    0x0000aa38     0x2c52 ./Drivers/STM32G4xx_HAL_Driver/Src/stm32g4xx_hal_tim.o
 .debug_info    0x0000d68a     0x1d95 ./Drivers/STM32G4xx_HAL_Driver/Src/stm32g4xx_hal_tim_ex.o
 .debug_info    0x0000f41f     0x481e ./Drivers/STM32G4xx_HAL_Driver/Src/stm32g4xx_hal_uart.o
 .debug_info    0x00013c3d      0xfdd ./Drivers/STM32G4xx_HAL_Driver/Src/stm32g4xx_hal_uart_ex.o

.debug_abbrev   0x00000000     0x2b4b
 .debug_abbrev  0x00000000      0x109 ./Core/Src/dma.o
 .debug_abbrev  0x00000109      0x15b ./Core/Src/gpio.o
 .debug_abbrev  0x00000264      0x2bc ./Core/Src/main.o
 .debug_abbrev  0x00000520      0x21a ./Core/Src/serial_frame.o
 .debug_abbrev  0x0000073a       0xd9 ./Core/Src/stm32g4xx_hal_msp.o
 .debug_abbrev  0x00000813      0x1e3 ./Core/Src/stm32g4xx_it.o
 .debug_abbrev  0x000009f6      0x11a ./Core/Src/system_stm32g4xx.o
 .debug_abbrev  0x00000b10      0x226 ./Core/Src/tim.o
 .debug_abbrev  0x00000d36      0x228 ./Core/Src/usart.o
 .debug_abbrev  0x00000f5e       0x24 ./Core/Startup/startup_stm32g474retx.o
 .debug_abbrev  0x00000f82      0x271 ./Drivers/STM32G4xx_HAL_Driver/Src/stm32g4xx_hal.o
 .debug_abbrev  0x000011f3      0x31c ./Drivers/STM32G4xx_HAL_Driver/Src/stm32g4xx_hal_cortex.o
 .debug_abbrev  0x0000150f      0x1e2 ./Drivers/STM32G4xx_HAL_Driver/Src/stm32g4xx_hal_dma.o
 .debug_abbrev  0x000016f1      0x1cb ./Drivers/STM32G4xx_HAL_Driver/Src/stm32g4xx_hal_gpio.o
 .debug_abbrev  0x000018bc      0x22c ./Drivers/STM32G4xx_HAL_Driver/Src/stm32g4xx_hal_pwr_ex.o
 .debug_abbrev  0x00001ae8      0x2c9 ./Drivers/STM32G4xx_HAL_Driver/Src/stm32g4xx_hal_rcc.o
 .debug_abbrev  0x00001db1      0x258 ./Drivers/STM32G4xx_HAL_Driver/Src/stm32g4xx_hal_rcc_ex.o
 .debug_abbrev  0x00002009      0x2a7 ./Drivers/STM32G4xx_HAL_Driver/Src/stm32g4xx_hal_tim.o
 .debug_abbrev  0x000022b0      0x2c5 ./Drivers/STM32G4xx_HAL_Driver/Src/stm32g4xx_hal_tim_ex.o
 .debug_abbrev  0x00002575      0x304 ./Drivers/STM32G4xx_HAL_Driver/Src/stm32g4xx_hal_uart.o
 .debug_abbrev  0x00002879      0x2d2 ./Drivers/STM32G4xx_HAL_Driver/Src/stm32g4xx_hal_uart_ex.o

.debug_aranges  0x00000000     0x1128
 .debug_aranges
                0x00000000       0x20 ./Core/Src/dma.o
 .debug_aranges
                0x00000020       0x20 ./Core/Src/gpio.o
 .debug_aranges
                0x00000040       0x40 ./Core/Src/main.o
 .debug_aranges
                0x00000080       0x60 ./Core/Src/serial_frame.o
 .debug_aranges
                0x000000e0       0x20 ./Core/Src/stm32g4xx_hal_msp.o
 .debug_aranges
                0x00000100       0x88 ./Core/Src/stm32g4xx_it.o
 .debug_aranges
                0x00000188       0x28 ./Core/Src/system_stm32g4xx.o
 .debug_aranges
                0x000001b0       0x30 ./Core/Src/tim.o
 .debug_aranges
                0x000001e0       0x30 ./Core/Src/usart.o
 .debug_aranges
                0x00000210       0x28 ./Core/Startup/startup_stm32g474retx.o
 .debug_aranges
                0x00000238      0x148 ./Drivers/STM32G4xx_HAL_Driver/Src/stm32g4xx_hal.o
 .debug_aranges
                0x00000380      0x128 ./Drivers/STM32G4xx_HAL_Driver/Src/stm32g4xx_hal_cortex.o
 .debug_aranges
                0x000004a8       0x90 ./Drivers/STM32G4xx_HAL_Driver/Src/stm32g4xx_hal_dma.o
 .debug_aranges
                0x00000538       0x58 ./Drivers/STM32G4xx_HAL_Driver/Src/stm32g4xx_hal_gpio.o
 .debug_aranges
                0x00000590      0x140 ./Drivers/STM32G4xx_HAL_Driver/Src/stm32g4xx_hal_pwr_ex.o
 .debug_aranges
                0x000006d0       0x98 ./Drivers/STM32G4xx_HAL_Driver/Src/stm32g4xx_hal_rcc.o
 .debug_aranges
                0x00000768       0xb0 ./Drivers/STM32G4xx_HAL_Driver/Src/stm32g4xx_hal_rcc_ex.o
 .debug_aranges
                0x00000818      0x3e0 ./Drivers/STM32G4xx_HAL_Driver/Src/stm32g4xx_hal_tim.o
 .debug_aranges
                0x00000bf8      0x240 ./Drivers/STM32G4xx_HAL_Driver/Src/stm32g4xx_hal_tim_ex.o
 .debug_aranges
                0x00000e38      0x248 ./Drivers/STM32G4xx_HAL_Driver/Src/stm32g4xx_hal_uart.o
 .debug_aranges
                0x00001080       0xa8 ./Drivers/STM32G4xx_HAL_Driver/Src/stm32g4xx_hal_uart_ex.o

.debug_rnglists
                0x00000000      0xd55
 .debug_rnglists
                0x00000000       0x13 ./Core/Src/dma.o
 .debug_rnglists
                0x00000013       0x14 ./Core/Src/gpio.o
 .debug_rnglists
                0x00000027       0x2d ./Core/Src/main.o
 .debug_rnglists
                0x00000054       0x45 ./Core/Src/serial_frame.o
 .debug_rnglists
                0x00000099       0x13 ./Core/Src/stm32g4xx_hal_msp.o
 .debug_rnglists
                0x000000ac       0x61 ./Core/Src/stm32g4xx_it.o
 .debug_rnglists
                0x0000010d       0x1a ./Core/Src/system_stm32g4xx.o
 .debug_rnglists
                0x00000127       0x20 ./Core/Src/tim.o
 .debug_rnglists
                0x00000147       0x21 ./Core/Src/usart.o
 .debug_rnglists
                0x00000168       0x19 ./Core/Startup/startup_stm32g474retx.o
 .debug_rnglists
                0x00000181       0xf1 ./Drivers/STM32G4xx_HAL_Driver/Src/stm32g4xx_hal.o
 .debug_rnglists
                0x00000272       0xda ./Drivers/STM32G4xx_HAL_Driver/Src/stm32g4xx_hal_cortex.o
 .debug_rnglists
                0x0000034c       0x71 ./Drivers/STM32G4xx_HAL_Driver/Src/stm32g4xx_hal_dma.o
 .debug_rnglists
                0x000003bd       0x3f ./Drivers/STM32G4xx_HAL_Driver/Src/stm32g4xx_hal_gpio.o
 .debug_rnglists
                0x000003fc       0xf1 ./Drivers/STM32G4xx_HAL_Driver/Src/stm32g4xx_hal_pwr_ex.o
 .debug_rnglists
                0x000004ed       0x74 ./Drivers/STM32G4xx_HAL_Driver/Src/stm32g4xx_hal_rcc.o
 .debug_rnglists
                0x00000561       0x87 ./Drivers/STM32G4xx_HAL_Driver/Src/stm32g4xx_hal_rcc_ex.o
 .debug_rnglists
                0x000005e8      0x328 ./Drivers/STM32G4xx_HAL_Driver/Src/stm32g4xx_hal_tim.o
 .debug_rnglists
                0x00000910      0x1cc ./Drivers/STM32G4xx_HAL_Driver/Src/stm32g4xx_hal_tim_ex.o
 .debug_rnglists
                0x00000adc      0x1fa ./Drivers/STM32G4xx_HAL_Driver/Src/stm32g4xx_hal_uart.o
 .debug_rnglists
                0x00000cd6       0x7f ./Drivers/STM32G4xx_HAL_Driver/Src/stm32g4xx_hal_uart_ex.o

.debug_macro    0x00000000    0x26d0b
 .debug_macro   0x00000000      0x1e7 ./Core/Src/dma.o
 .debug_macro   0x000001e7      0xad8 ./Core/Src/dma.o
 .debug_macro   0x00000cbf      0x15b ./Core/Src/dma.o
 .debug_macro   0x00000e1a       0x2e ./Core/Src/dma.o
 .debug_macro   0x00000e48       0x28 ./Core/Src/dma.o
 .debug_macro   0x00000e70       0x22 ./Core/Src/dma.o
 .debug_macro   0x00000e92       0x8e ./Core/Src/dma.o
 .debug_macro   0x00000f20       0x51 ./Core/Src/dma.o
 .debug_macro   0x00000f71      0x103 ./Core/Src/dma.o
 .debug_macro   0x00001074       0x6a ./Core/Src/dma.o
 .debug_macro   0x000010de      0x1df ./Core/Src/dma.o
 .debug_macro   0x000012bd       0x1c ./Core/Src/dma.o
 .debug_macro   0x000012d9       0x22 ./Core/Src/dma.o
 .debug_macro   0x000012fb       0xfb ./Core/Src/dma.o
 .debug_macro   0x000013f6     0x1011 ./Core/Src/dma.o
 .debug_macro   0x00002407      0x11f ./Core/Src/dma.o
 .debug_macro   0x00002526    0x18b8c ./Core/Src/dma.o
 .debug_macro   0x0001b0b2       0x6d ./Core/Src/dma.o
 .debug_macro   0x0001b11f     0x3558 ./Core/Src/dma.o
 .debug_macro   0x0001e677      0x190 ./Core/Src/dma.o
 .debug_macro   0x0001e807       0x5c ./Core/Src/dma.o
 .debug_macro   0x0001e863     0x171f ./Core/Src/dma.o
 .debug_macro   0x0001ff82      0x600 ./Core/Src/dma.o
 .debug_macro   0x00020582      0x1b6 ./Core/Src/dma.o
 .debug_macro   0x00020738      0x34a ./Core/Src/dma.o
 .debug_macro   0x00020a82      0x53c ./Core/Src/dma.o
 .debug_macro   0x00020fbe      0x18b ./Core/Src/dma.o
 .debug_macro   0x00021149       0x43 ./Core/Src/dma.o
 .debug_macro   0x0002118c      0x23d ./Core/Src/dma.o
 .debug_macro   0x000213c9      0x211 ./Core/Src/dma.o
 .debug_macro   0x000215da      0x45c ./Core/Src/dma.o
 .debug_macro   0x00021a36      0x11c ./Core/Src/dma.o
 .debug_macro   0x00021b52      0x122 ./Core/Src/dma.o
 .debug_macro   0x00021c74      0x3d1 ./Core/Src/dma.o
 .debug_macro   0x00022045      0xc0b ./Core/Src/dma.o
 .debug_macro   0x00022c50      0x718 ./Core/Src/dma.o
 .debug_macro   0x00023368      0x693 ./Core/Src/dma.o
 .debug_macro   0x000239fb       0xa6 ./Core/Src/dma.o
 .debug_macro   0x00023aa1      0x358 ./Core/Src/dma.o
 .debug_macro   0x00023df9       0x8e ./Core/Src/dma.o
 .debug_macro   0x00023e87      0x1e7 ./Core/Src/gpio.o
 .debug_macro   0x0002406e      0x2e6 ./Core/Src/main.o
 .debug_macro   0x00024354       0x61 ./Core/Src/main.o
 .debug_macro   0x000243b5       0x2a ./Core/Src/main.o
 .debug_macro   0x000243df       0x43 ./Core/Src/main.o
 .debug_macro   0x00024422       0x34 ./Core/Src/main.o
 .debug_macro   0x00024456      0x370 ./Core/Src/main.o
 .debug_macro   0x000247c6       0x16 ./Core/Src/main.o
 .debug_macro   0x000247dc       0x4a ./Core/Src/main.o
 .debug_macro   0x00024826       0x34 ./Core/Src/main.o
 .debug_macro   0x0002485a       0x10 ./Core/Src/main.o
 .debug_macro   0x0002486a       0x58 ./Core/Src/main.o
 .debug_macro   0x000248c2       0x8e ./Core/Src/main.o
 .debug_macro   0x00024950       0x1c ./Core/Src/main.o
 .debug_macro   0x0002496c      0x185 ./Core/Src/main.o
 .debug_macro   0x00024af1       0x10 ./Core/Src/main.o
 .debug_macro   0x00024b01       0x3c ./Core/Src/main.o
 .debug_macro   0x00024b3d       0x20 ./Core/Src/main.o
 .debug_macro   0x00024b5d       0x10 ./Core/Src/main.o
 .debug_macro   0x00024b6d      0x2df ./Core/Src/serial_frame.o
 .debug_macro   0x00024e4c       0x16 ./Core/Src/serial_frame.o
 .debug_macro   0x00024e62       0x16 ./Core/Src/serial_frame.o
 .debug_macro   0x00024e78       0x29 ./Core/Src/serial_frame.o
 .debug_macro   0x00024ea1      0x1dd ./Core/Src/stm32g4xx_hal_msp.o
 .debug_macro   0x0002507e      0x1e7 ./Core/Src/stm32g4xx_it.o
 .debug_macro   0x00025265      0x1ce ./Core/Src/system_stm32g4xx.o
 .debug_macro   0x00025433      0x1e7 ./Core/Src/tim.o
 .debug_macro   0x0002561a      0x1e7 ./Core/Src/usart.o
 .debug_macro   0x00025801      0x21c ./Drivers/STM32G4xx_HAL_Driver/Src/stm32g4xx_hal.o
 .debug_macro   0x00025a1d      0x1ce ./Drivers/STM32G4xx_HAL_Driver/Src/stm32g4xx_hal_cortex.o
 .debug_macro   0x00025beb      0x1ce ./Drivers/STM32G4xx_HAL_Driver/Src/stm32g4xx_hal_dma.o
 .debug_macro   0x00025db9      0x1d5 ./Drivers/STM32G4xx_HAL_Driver/Src/stm32g4xx_hal_gpio.o
 .debug_macro   0x00025f8e      0x1f8 ./Drivers/STM32G4xx_HAL_Driver/Src/stm32g4xx_hal_pwr_ex.o
 .debug_macro   0x00026186      0x210 ./Drivers/STM32G4xx_HAL_Driver/Src/stm32g4xx_hal_rcc.o
 .debug_macro   0x00026396      0x1f8 ./Drivers/STM32G4xx_HAL_Driver/Src/stm32g4xx_hal_rcc_ex.o
 .debug_macro   0x0002658e      0x1d6 ./Drivers/STM32G4xx_HAL_Driver/Src/stm32g4xx_hal_tim.o
 .debug_macro   0x00026764      0x1d4 ./Drivers/STM32G4xx_HAL_Driver/Src/stm32g4xx_hal_tim_ex.o
 .debug_macro   0x00026938      0x1f9 ./Drivers/STM32G4xx_HAL_Driver/Src/stm32g4xx_hal_uart.o
 .debug_macro   0x00026b31      0x1da ./Drivers/STM32G4xx_HAL_Driver/Src/stm32g4xx_hal_uart_ex.o

.debug_line     0x00000000    0x1524b
 .debug_line    0x00000000      0x760 ./Core/Src/dma.o
 .debug_line    0x00000760      0x77d ./Core/Src/gpio.o
 .debug_line    0x00000edd      0x9bc ./Core/Src/main.o
 .debug_line    0x00001899      0xb63 ./Core/Src/serial_frame.o
 .debug_line    0x000023fc      0x762 ./Core/Src/stm32g4xx_hal_msp.o
 .debug_line    0x00002b5e      0x888 ./Core/Src/stm32g4xx_it.o
 .debug_line    0x000033e6      0x7ce ./Core/Src/system_stm32g4xx.o
 .debug_line    0x00003bb4      0x7db ./Core/Src/tim.o
 .debug_line    0x0000438f      0x869 ./Core/Src/usart.o
 .debug_line    0x00004bf8       0x7b ./Core/Startup/startup_stm32g474retx.o
 .debug_line    0x00004c73      0xb9a ./Drivers/STM32G4xx_HAL_Driver/Src/stm32g4xx_hal.o
 .debug_line    0x0000580d      0xcff ./Drivers/STM32G4xx_HAL_Driver/Src/stm32g4xx_hal_cortex.o
 .debug_line    0x0000650c      0xe99 ./Drivers/STM32G4xx_HAL_Driver/Src/stm32g4xx_hal_dma.o
 .debug_line    0x000073a5      0xb73 ./Drivers/STM32G4xx_HAL_Driver/Src/stm32g4xx_hal_gpio.o
 .debug_line    0x00007f18      0xcf9 ./Drivers/STM32G4xx_HAL_Driver/Src/stm32g4xx_hal_pwr_ex.o
 .debug_line    0x00008c11     0x101d ./Drivers/STM32G4xx_HAL_Driver/Src/stm32g4xx_hal_rcc.o
 .debug_line    0x00009c2e     0x1292 ./Drivers/STM32G4xx_HAL_Driver/Src/stm32g4xx_hal_rcc_ex.o
 .debug_line    0x0000aec0     0x4033 ./Drivers/STM32G4xx_HAL_Driver/Src/stm32g4xx_hal_tim.o
 .debug_line    0x0000eef3     0x20a1 ./Drivers/STM32G4xx_HAL_Driver/Src/stm32g4xx_hal_tim_ex.o
 .debug_line    0x00010f94     0x35e8 ./Drivers/STM32G4xx_HAL_Driver/Src/stm32g4xx_hal_uart.o
 .debug_line    0x0001457c      0xccf ./Drivers/STM32G4xx_HAL_Driver/Src/stm32g4xx_hal_uart_ex.o

.debug_str      0x00000000    0xfb8cd
 .debug_str     0x00000000    0xfb8cd ./Core/Src/dma.o
                              0xf3500 (size before relaxing)
 .debug_str     0x000fb8cd    0xf35ce ./Core/Src/gpio.o
 .debug_str     0x000fb8cd    0xf6d56 ./Core/Src/main.o
 .debug_str     0x000fb8cd    0xf663a ./Core/Src/serial_frame.o
 .debug_str     0x000fb8cd    0xf2eca ./Core/Src/stm32g4xx_hal_msp.o
 .debug_str     0x000fb8cd    0xf3778 ./Core/Src/stm32g4xx_it.o
 .debug_str     0x000fb8cd    0xf2d19 ./Core/Src/system_stm32g4xx.o
 .debug_str     0x000fb8cd    0xf3cb0 ./Core/Src/tim.o
 .debug_str     0x000fb8cd    0xf3e10 ./Core/Src/usart.o
 .debug_str     0x000fb8cd       0x84 ./Core/Startup/startup_stm32g474retx.o
 .debug_str     0x000fb8cd    0xf3a2b ./Drivers/STM32G4xx_HAL_Driver/Src/stm32g4xx_hal.o
 .debug_str     0x000fb8cd    0xf36e7 ./Drivers/STM32G4xx_HAL_Driver/Src/stm32g4xx_hal_cortex.o
 .debug_str     0x000fb8cd    0xf30f3 ./Drivers/STM32G4xx_HAL_Driver/Src/stm32g4xx_hal_dma.o
 .debug_str     0x000fb8cd    0xf2ea4 ./Drivers/STM32G4xx_HAL_Driver/Src/stm32g4xx_hal_gpio.o
 .debug_str     0x000fb8cd    0xf3207 ./Drivers/STM32G4xx_HAL_Driver/Src/stm32g4xx_hal_pwr_ex.o
 .debug_str     0x000fb8cd    0xf3438 ./Drivers/STM32G4xx_HAL_Driver/Src/stm32g4xx_hal_rcc.o
 .debug_str     0x000fb8cd    0xf3462 ./Drivers/STM32G4xx_HAL_Driver/Src/stm32g4xx_hal_rcc_ex.o
 .debug_str     0x000fb8cd    0xf4217 ./Drivers/STM32G4xx_HAL_Driver/Src/stm32g4xx_hal_tim.o
 .debug_str     0x000fb8cd    0xf3e8b ./Drivers/STM32G4xx_HAL_Driver/Src/stm32g4xx_hal_tim_ex.o
 .debug_str     0x000fb8cd    0xf3cd4 ./Drivers/STM32G4xx_HAL_Driver/Src/stm32g4xx_hal_uart.o
 .debug_str     0x000fb8cd    0xf34d2 ./Drivers/STM32G4xx_HAL_Driver/Src/stm32g4xx_hal_uart_ex.o

.comment        0x00000000       0x43
 .comment       0x00000000       0x43 ./Core/Src/dma.o
                                 0x44 (size before relaxing)
 .comment       0x00000043       0x44 ./Core/Src/gpio.o
 .comment       0x00000043       0x44 ./Core/Src/main.o
 .comment       0x00000043       0x44 ./Core/Src/serial_frame.o
 .comment       0x00000043       0x44 ./Core/Src/stm32g4xx_hal_msp.o
 .comment       0x00000043       0x44 ./Core/Src/stm32g4xx_it.o
 .comment       0x00000043       0x44 ./Core/Src/system_stm32g4xx.o
 .comment       0x00000043       0x44 ./Core/Src/tim.o
 .comment       0x00000043       0x44 ./Core/Src/usart.o
 .comment       0x00000043       0x44 ./Drivers/STM32G4xx_HAL_Driver/Src/stm32g4xx_hal.o
 .comment       0x00000043       0x44 ./Drivers/STM32G4xx_HAL_Driver/Src/stm32g4xx_hal_cortex.o
 .comment       0x00000043       0x44 ./Drivers/STM32G4xx_HAL_Driver/Src/stm32g4xx_hal_dma.o
 .comment       0x00000043       0x44 ./Drivers/STM32G4xx_HAL_Driver/Src/stm32g4xx_hal_gpio.o
 .comment       0x00000043       0x44 ./Drivers/STM32G4xx_HAL_Driver/Src/stm32g4xx_hal_pwr_ex.o
 .comment       0x00000043       0x44 ./Drivers/STM32G4xx_HAL_Driver/Src/stm32g4xx_hal_rcc.o
 .comment       0x00000043       0x44 ./Drivers/STM32G4xx_HAL_Driver/Src/stm32g4xx_hal_rcc_ex.o
 .comment       0x00000043       0x44 ./Drivers/STM32G4xx_HAL_Driver/Src/stm32g4xx_hal_tim.o
 .comment       0x00000043       0x44 ./Drivers/STM32G4xx_HAL_Driver/Src/stm32g4xx_hal_tim_ex.o
 .comment       0x00000043       0x44 ./Drivers/STM32G4xx_HAL_Driver/Src/stm32g4xx_hal_uart.o
 .comment       0x00000043       0x44 ./Drivers/STM32G4xx_HAL_Driver/Src/stm32g4xx_hal_uart_ex.o

.debug_frame    0x00000000     0x479c
 .debug_frame   0x00000000       0x34 ./Core/Src/dma.o
 .debug_frame   0x00000034       0x34 ./Core/Src/gpio.o
 .debug_frame   0x00000068       0xb0 ./Core/Src/main.o
 .debug_frame   0x00000118      0x158 ./Core/Src/serial_frame.o
 .debug_frame   0x00000270       0x34 ./Core/Src/stm32g4xx_hal_msp.o
 .debug_frame   0x000002a4      0x190 ./Core/Src/stm32g4xx_it.o
 .debug_frame   0x00000434       0x58 ./Core/Src/system_stm32g4xx.o
 .debug_frame   0x0000048c       0x7c ./Core/Src/tim.o
 .debug_frame   0x00000508       0x78 ./Core/Src/usart.o
 .debug_frame   0x00000580      0x500 ./Drivers/STM32G4xx_HAL_Driver/Src/stm32g4xx_hal.o
 .debug_frame   0x00000a80      0x4e8 ./Drivers/STM32G4xx_HAL_Driver/Src/stm32g4xx_hal_cortex.o
 .debug_frame   0x00000f68      0x24c ./Drivers/STM32G4xx_HAL_Driver/Src/stm32g4xx_hal_dma.o
 .debug_frame   0x000011b4      0x14c ./Drivers/STM32G4xx_HAL_Driver/Src/stm32g4xx_hal_gpio.o
 .debug_frame   0x00001300      0x4fc ./Drivers/STM32G4xx_HAL_Driver/Src/stm32g4xx_hal_pwr_ex.o
 .debug_frame   0x000017fc      0x23c ./Drivers/STM32G4xx_HAL_Driver/Src/stm32g4xx_hal_rcc.o
 .debug_frame   0x00001a38      0x2ac ./Drivers/STM32G4xx_HAL_Driver/Src/stm32g4xx_hal_rcc_ex.o
 .debug_frame   0x00001ce4     0x1220 ./Drivers/STM32G4xx_HAL_Driver/Src/stm32g4xx_hal_tim.o
 .debug_frame   0x00002f04      0xa70 ./Drivers/STM32G4xx_HAL_Driver/Src/stm32g4xx_hal_tim_ex.o
 .debug_frame   0x00003974      0xa94 ./Drivers/STM32G4xx_HAL_Driver/Src/stm32g4xx_hal_uart.o
 .debug_frame   0x00004408      0x2c0 ./Drivers/STM32G4xx_HAL_Driver/Src/stm32g4xx_hal_uart_ex.o
 .debug_frame   0x000046c8       0x20 C:/ST/STM32CubeIDE_1.16.0/STM32CubeIDE/plugins/com.st.stm32cube.ide.mcu.externaltools.gnu-tools-for-stm32.13.3.rel1.win32_1.0.0.202411081344/tools/bin/../lib/gcc/arm-none-eabi/13.3.1/../../../../arm-none-eabi/lib/thumb/v7e-m+fp/hard\libc_nano.a(libc_a-memset.o)
 .debug_frame   0x000046e8       0x2c C:/ST/STM32CubeIDE_1.16.0/STM32CubeIDE/plugins/com.st.stm32cube.ide.mcu.externaltools.gnu-tools-for-stm32.13.3.rel1.win32_1.0.0.202411081344/tools/bin/../lib/gcc/arm-none-eabi/13.3.1/../../../../arm-none-eabi/lib/thumb/v7e-m+fp/hard\libc_nano.a(libc_a-init.o)
 .debug_frame   0x00004714       0x28 C:/ST/STM32CubeIDE_1.16.0/STM32CubeIDE/plugins/com.st.stm32cube.ide.mcu.externaltools.gnu-tools-for-stm32.13.3.rel1.win32_1.0.0.202411081344/tools/bin/../lib/gcc/arm-none-eabi/13.3.1/../../../../arm-none-eabi/lib/thumb/v7e-m+fp/hard\libc_nano.a(libc_a-memcpy-stub.o)
 .debug_frame   0x0000473c       0x2c C:/ST/STM32CubeIDE_1.16.0/STM32CubeIDE/plugins/com.st.stm32cube.ide.mcu.externaltools.gnu-tools-for-stm32.13.3.rel1.win32_1.0.0.202411081344/tools/bin/../lib/gcc/arm-none-eabi/13.3.1/thumb/v7e-m+fp/hard\libgcc.a(_aeabi_uldivmod.o)
 .debug_frame   0x00004768       0x34 C:/ST/STM32CubeIDE_1.16.0/STM32CubeIDE/plugins/com.st.stm32cube.ide.mcu.externaltools.gnu-tools-for-stm32.13.3.rel1.win32_1.0.0.202411081344/tools/bin/../lib/gcc/arm-none-eabi/13.3.1/thumb/v7e-m+fp/hard\libgcc.a(_udivmoddi4.o)

.debug_line_str
                0x00000000       0x68
 .debug_line_str
                0x00000000       0x68 ./Core/Startup/startup_stm32g474retx.o
