Archive member included to satisfy reference by file (symbol)

C:/ST/STM32CubeIDE_1.17.0/STM32CubeIDE/plugins/com.st.stm32cube.ide.mcu.externaltools.gnu-tools-for-stm32.13.3.rel1.win32_1.0.0.202411081344/tools/bin/../lib/gcc/arm-none-eabi/13.3.1/../../../../arm-none-eabi/lib/thumb/v7e-m+fp/hard\libc_nano.a(libc_a-exit.o)
                              C:/ST/STM32CubeIDE_1.17.0/STM32CubeIDE/plugins/com.st.stm32cube.ide.mcu.externaltools.gnu-tools-for-stm32.13.3.rel1.win32_1.0.0.202411081344/tools/bin/../lib/gcc/arm-none-eabi/13.3.1/../../../../arm-none-eabi/lib/thumb/v7e-m+fp/hard/crt0.o (exit)
C:/ST/STM32CubeIDE_1.17.0/STM32CubeIDE/plugins/com.st.stm32cube.ide.mcu.externaltools.gnu-tools-for-stm32.13.3.rel1.win32_1.0.0.202411081344/tools/bin/../lib/gcc/arm-none-eabi/13.3.1/../../../../arm-none-eabi/lib/thumb/v7e-m+fp/hard\libc_nano.a(libc_a-findfp.o)
                              C:/ST/STM32CubeIDE_1.17.0/STM32CubeIDE/plugins/com.st.stm32cube.ide.mcu.externaltools.gnu-tools-for-stm32.13.3.rel1.win32_1.0.0.202411081344/tools/bin/../lib/gcc/arm-none-eabi/13.3.1/../../../../arm-none-eabi/lib/thumb/v7e-m+fp/hard\libc_nano.a(libc_a-exit.o) (__stdio_exit_handler)
C:/ST/STM32CubeIDE_1.17.0/STM32CubeIDE/plugins/com.st.stm32cube.ide.mcu.externaltools.gnu-tools-for-stm32.13.3.rel1.win32_1.0.0.202411081344/tools/bin/../lib/gcc/arm-none-eabi/13.3.1/../../../../arm-none-eabi/lib/thumb/v7e-m+fp/hard\libc_nano.a(libc_a-fwalk.o)
                              C:/ST/STM32CubeIDE_1.17.0/STM32CubeIDE/plugins/com.st.stm32cube.ide.mcu.externaltools.gnu-tools-for-stm32.13.3.rel1.win32_1.0.0.202411081344/tools/bin/../lib/gcc/arm-none-eabi/13.3.1/../../../../arm-none-eabi/lib/thumb/v7e-m+fp/hard\libc_nano.a(libc_a-findfp.o) (_fwalk_sglue)
C:/ST/STM32CubeIDE_1.17.0/STM32CubeIDE/plugins/com.st.stm32cube.ide.mcu.externaltools.gnu-tools-for-stm32.13.3.rel1.win32_1.0.0.202411081344/tools/bin/../lib/gcc/arm-none-eabi/13.3.1/../../../../arm-none-eabi/lib/thumb/v7e-m+fp/hard\libc_nano.a(libc_a-stdio.o)
                              C:/ST/STM32CubeIDE_1.17.0/STM32CubeIDE/plugins/com.st.stm32cube.ide.mcu.externaltools.gnu-tools-for-stm32.13.3.rel1.win32_1.0.0.202411081344/tools/bin/../lib/gcc/arm-none-eabi/13.3.1/../../../../arm-none-eabi/lib/thumb/v7e-m+fp/hard\libc_nano.a(libc_a-findfp.o) (__sread)
C:/ST/STM32CubeIDE_1.17.0/STM32CubeIDE/plugins/com.st.stm32cube.ide.mcu.externaltools.gnu-tools-for-stm32.13.3.rel1.win32_1.0.0.202411081344/tools/bin/../lib/gcc/arm-none-eabi/13.3.1/../../../../arm-none-eabi/lib/thumb/v7e-m+fp/hard\libc_nano.a(libc_a-memset.o)
                              C:/ST/STM32CubeIDE_1.17.0/STM32CubeIDE/plugins/com.st.stm32cube.ide.mcu.externaltools.gnu-tools-for-stm32.13.3.rel1.win32_1.0.0.202411081344/tools/bin/../lib/gcc/arm-none-eabi/13.3.1/../../../../arm-none-eabi/lib/thumb/v7e-m+fp/hard/crt0.o (memset)
C:/ST/STM32CubeIDE_1.17.0/STM32CubeIDE/plugins/com.st.stm32cube.ide.mcu.externaltools.gnu-tools-for-stm32.13.3.rel1.win32_1.0.0.202411081344/tools/bin/../lib/gcc/arm-none-eabi/13.3.1/../../../../arm-none-eabi/lib/thumb/v7e-m+fp/hard\libc_nano.a(libc_a-closer.o)
                              C:/ST/STM32CubeIDE_1.17.0/STM32CubeIDE/plugins/com.st.stm32cube.ide.mcu.externaltools.gnu-tools-for-stm32.13.3.rel1.win32_1.0.0.202411081344/tools/bin/../lib/gcc/arm-none-eabi/13.3.1/../../../../arm-none-eabi/lib/thumb/v7e-m+fp/hard\libc_nano.a(libc_a-stdio.o) (_close_r)
C:/ST/STM32CubeIDE_1.17.0/STM32CubeIDE/plugins/com.st.stm32cube.ide.mcu.externaltools.gnu-tools-for-stm32.13.3.rel1.win32_1.0.0.202411081344/tools/bin/../lib/gcc/arm-none-eabi/13.3.1/../../../../arm-none-eabi/lib/thumb/v7e-m+fp/hard\libc_nano.a(libc_a-reent.o)
                              C:/ST/STM32CubeIDE_1.17.0/STM32CubeIDE/plugins/com.st.stm32cube.ide.mcu.externaltools.gnu-tools-for-stm32.13.3.rel1.win32_1.0.0.202411081344/tools/bin/../lib/gcc/arm-none-eabi/13.3.1/../../../../arm-none-eabi/lib/thumb/v7e-m+fp/hard\libc_nano.a(libc_a-closer.o) (errno)
C:/ST/STM32CubeIDE_1.17.0/STM32CubeIDE/plugins/com.st.stm32cube.ide.mcu.externaltools.gnu-tools-for-stm32.13.3.rel1.win32_1.0.0.202411081344/tools/bin/../lib/gcc/arm-none-eabi/13.3.1/../../../../arm-none-eabi/lib/thumb/v7e-m+fp/hard\libc_nano.a(libc_a-impure.o)
                              C:/ST/STM32CubeIDE_1.17.0/STM32CubeIDE/plugins/com.st.stm32cube.ide.mcu.externaltools.gnu-tools-for-stm32.13.3.rel1.win32_1.0.0.202411081344/tools/bin/../lib/gcc/arm-none-eabi/13.3.1/../../../../arm-none-eabi/lib/thumb/v7e-m+fp/hard\libc_nano.a(libc_a-reent.o) (_impure_ptr)
C:/ST/STM32CubeIDE_1.17.0/STM32CubeIDE/plugins/com.st.stm32cube.ide.mcu.externaltools.gnu-tools-for-stm32.13.3.rel1.win32_1.0.0.202411081344/tools/bin/../lib/gcc/arm-none-eabi/13.3.1/../../../../arm-none-eabi/lib/thumb/v7e-m+fp/hard\libc_nano.a(libc_a-lseekr.o)
[...]
Memory Configuration

Name             Origin             Length             Attributes
RAM              0x20000000         0x00020000         xrw
FLASH            0x08000000         0x00080000         xr
*default*        0x00000000         0xffffffff

Linker script and memory map

LOAD C:/ST/STM32CubeIDE_1.17.0/STM32CubeIDE/plugins/com.st.stm32cube.ide.mcu.externaltools.gnu-tools-for-stm32.13.3.rel1.win32_1.0.0.202411081344/tools/bin/../lib/gcc/arm-none-eabi/13.3.1/thumb/v7e-m+fp/hard/crti.o
LOAD C:/ST/STM32CubeIDE_1.17.0/STM32CubeIDE/plugins/com.st.stm32cube.ide.mcu.externaltools.gnu-tools-for-stm32.13.3.rel1.win32_1.0.0.202411081344/tools/bin/../lib/gcc/arm-none-eabi/13.3.1/thumb/v7e-m+fp/hard/crtbegin.o
LOAD C:/ST/STM32CubeIDE_1.17.0/STM32CubeIDE/plugins/com.st.stm32cube.ide.mcu.externaltools.gnu-tools-for-stm32.13.3.rel1.win32_1.0.0.202411081344/tools/bin/../lib/gcc/arm-none-eabi/13.3.1/../../../../arm-none-eabi/lib/thumb/v7e-m+fp/hard/crt0.o
LOAD ./Core/Src/adc.o
LOAD ./Core/Src/dma.o
LOAD ./Core/Src/gpio.o
LOAD ./Core/Src/main.o
LOAD ./Core/Src/stm32g4xx_hal_msp.o
LOAD ./Core/Src/stm32g4xx_it.o
LOAD ./Core/Src/syscalls.o
LOAD ./Core/Src/sysmem.o
LOAD ./Core/Src/system_stm32g4xx.o
LOAD ./Core/Src/tim.o
LOAD ./Core/Src/usart.o
LOAD ./Core/Startup/startup_stm32g474retx.o
LOAD ./Drivers/STM32G4xx_HAL_Driver/Src/stm32g4xx_hal.o
LOAD ./Drivers/STM32G4xx_HAL_Driver/Src/stm32g4xx_hal_adc.o
LOAD ./Drivers/STM32G4xx_HAL_Driver/Src/stm32g4xx_hal_adc_ex.o
LOAD ./Drivers/STM32G4xx_HAL_Driver/Src/stm32g4xx_hal_cortex.o
LOAD ./Drivers/STM32G4xx_HAL_Driver/Src/stm32g4xx_hal_dma.o
LOAD ./Drivers/STM32G4xx_HAL_Driver/Src/stm32g4xx_hal_dma_ex.o
LOAD ./Drivers/STM32G4xx_HAL_Driver/Src/stm32g4xx_hal_exti.o
LOAD ./Drivers/STM32G4xx_HAL_Driver/Src/stm32g4xx_hal_flash.o
LOAD ./Drivers/STM32G4xx_HAL_Driver/Src/stm32g4xx_hal_flash_ex.o
LOAD ./Drivers/STM32G4xx_HAL_Driver/Src/stm32g4xx_hal_flash_ramfunc.o
LOAD ./Drivers/STM32G4xx_HAL_Driver/Src/stm32g4xx_hal_gpio.o
LOAD ./Drivers/STM32G4xx_HAL_Driver/Src/stm32g4xx_hal_pwr.o
LOAD ./Drivers/STM32G4xx_HAL_Driver/Src/stm32g4xx_hal_pwr_ex.o
LOAD ./Drivers/STM32G4xx_HAL_Driver/Src/stm32g4xx_hal_rcc.o
LOAD ./Drivers/STM32G4xx_HAL_Driver/Src/stm32g4xx_hal_rcc_ex.o
LOAD ./Drivers/STM32G4xx_HAL_Driver/Src/stm32g4xx_hal_tim.o
LOAD ./Drivers/STM32G4xx_HAL_Driver/Src/stm32g4xx_hal_tim_ex.o
LOAD ./Drivers/STM32G4xx_HAL_Driver/Src/stm32g4xx_hal_uart.o
LOAD ./Drivers/STM32G4xx_HAL_Driver/Src/stm32g4xx_hal_uart_ex.o
LOAD ./Drivers/STM32G4xx_HAL_Driver/Src/stm32g4xx_ll_adc.o
START GROUP
LOAD C:/ST/STM32CubeIDE_1.17.0/STM32CubeIDE/plugins/com.st.stm32cube.ide.mcu.externaltools.gnu-tools-for-stm32.13.3.rel1.win32_1.0.0.202411081344/tools/bin/../lib/gcc/arm-none-eabi/13.3.1/../../../../arm-none-eabi/lib/thumb/v7e-m+fp/hard\libc_nano.a
LOAD C:/ST/STM32CubeIDE_1.17.0/STM32CubeIDE/plugins/com.st.stm32cube.ide.mcu.externaltools.gnu-tools-for-stm32.13.3.rel1.win32_1.0.0.202411081344/tools/bin/../lib/gcc/arm-none-eabi/13.3.1/../../../../arm-none-eabi/lib/thumb/v7e-m+fp/hard\libm.a
END GROUP
START GROUP
LOAD C:/ST/STM32CubeIDE_1.17.0/STM32CubeIDE/plugins/com.st.stm32cube.ide.mcu.externaltools.gnu-tools-for-stm32.13.3.rel1.win32_1.0.0.202411081344/tools/bin/../lib/gcc/arm-none-eabi/13.3.1/thumb/v7e-m+fp/hard\libgcc.a
LOAD C:/ST/STM32CubeIDE_1.17.0/STM32CubeIDE/plugins/com.st.stm32cube.ide.mcu.externaltools.gnu-tools-for-stm32.13.3.rel1.win32_1.0.0.202411081344/tools/bin/../lib/gcc/arm-none-eabi/13.3.1/../../../../arm-none-eabi/lib/thumb/v7e-m+fp/hard\libc_nano.a
END GROUP
START GROUP
LOAD C:/ST/STM32CubeIDE_1.17.0/STM32CubeIDE/plugins/com.st.stm32cube.ide.mcu.externaltools.gnu-tools-for-stm32.13.3.rel1.win32_1.0.0.202411081344/tools/bin/../lib/gcc/arm-none-eabi/13.3.1/thumb/v7e-m+fp/hard\libgcc.a
LOAD C:/ST/STM32CubeIDE_1.17.0/STM32CubeIDE/plugins/com.st.stm32cube.ide.mcu.externaltools.gnu-tools-for-stm32.13.3.rel1.win32_1.0.0.202411081344/tools/bin/../lib/gcc/arm-none-eabi/13.3.1/../../../../arm-none-eabi/lib/thumb/v7e-m+fp/hard\libc_nano.a
LOAD C:/ST/STM32CubeIDE_1.17.0/STM32CubeIDE/plugins/com.st.stm32cube.ide.mcu.externaltools.gnu-tools-for-stm32.13.3.rel1.win32_1.0.0.202411081344/tools/bin/../lib/gcc/arm-none-eabi/13.3.1/../../../../arm-none-eabi/lib/thumb/v7e-m+fp/hard\libnosys.a
END GROUP
START GROUP
LOAD C:/ST/STM32CubeIDE_1.17.0/STM32CubeIDE/plugins/com.st.stm32cube.ide.mcu.externaltools.gnu-tools-for-stm32.13.3.rel1.win32_1.0.0.202411081344/tools/bin/../lib/gcc/arm-none-eabi/13.3.1/thumb/v7e-m+fp/hard\libgcc.a
LOAD C:/ST/STM32CubeIDE_1.17.0/STM32CubeIDE/plugins/com.st.stm32cube.ide.mcu.externaltools.gnu-tools-for-stm32.13.3.rel1.win32_1.0.0.202411081344/tools/bin/../lib/gcc/arm-none-eabi/13.3.1/../../../../arm-none-eabi/lib/thumb/v7e-m+fp/hard\libc_nano.a
LOAD C:/ST/STM32CubeIDE_1.17.0/STM32CubeIDE/plugins/com.st.stm32cube.ide.mcu.externaltools.gnu-tools-for-stm32.13.3.rel1.win32_1.0.0.202411081344/tools/bin/../lib/gcc/arm-none-eabi/13.3.1/../../../../arm-none-eabi/lib/thumb/v7e-m+fp/hard\libnosys.a
END GROUP
LOAD C:/ST/STM32CubeIDE_1.17.0/STM32CubeIDE/plugins/com.st.stm32cube.ide.mcu.externaltools.gnu-tools-for-stm32.13.3.rel1.win32_1.0.0.202411081344/tools/bin/../lib/gcc/arm-none-eabi/13.3.1/thumb/v7e-m+fp/hard/crtend.o
LOAD C:/ST/STM32CubeIDE_1.17.0/STM32CubeIDE/plugins/com.st.stm32cube.ide.mcu.externaltools.gnu-tools-for-stm32.13.3.rel1.win32_1.0.0.202411081344/tools/bin/../lib/gcc/arm-none-eabi/13.3.1/thumb/v7e-m+fp/hard/crtn.o
                0x20020000                        _estack = (ORIGIN (RAM) + LENGTH (RAM))
                0x00000200                        _Min_Heap_Size = 0x200
                0x00000400                        _Min_Stack_Size = 0x400

.isr_vector     0x08000000      0x1d8
                0x08000000                        . = ALIGN (0x4)
 *(.isr_vector)
 .isr_vector    0x08000000      0x1d8 ./Core/Startup/startup_stm32g474retx.o
                0x08000000                g_pfnVectors
                0x080001d8                        . = ALIGN (0x4)

.text           0x080001d8     0x7da4
                0x080001d8                        . = ALIGN (0x4)
 *(.text)
 .text          0x080001d8       0x40 C:/ST/STM32CubeIDE_1.17.0/STM32CubeIDE/plugins/com.st.stm32cube.ide.mcu.externaltools.gnu-tools-for-stm32.13.3.rel1.win32_1.0.0.202411081344/tools/bin/../lib/gcc/arm-none-eabi/13.3.1/thumb/v7e-m+fp/hard/crtbegin.o
 .text          0x08000218       0x30 C:/ST/STM32CubeIDE_1.17.0/STM32CubeIDE/plugins/com.st.stm32cube.ide.mcu.externaltools.gnu-tools-for-stm32.13.3.rel1.win32_1.0.0.202411081344/tools/bin/../lib/gcc/arm-none-eabi/13.3.1/thumb/v7e-m+fp/hard\libgcc.a(_aeabi_uldivmod.o)
                0x08000218                __aeabi_uldivmod
 .text          0x08000248      0x2f8 C:/ST/STM32CubeIDE_1.17.0/STM32CubeIDE/plugins/com.st.stm32cube.ide.mcu.externaltools.gnu-tools-for-stm32.13.3.rel1.win32_1.0.0.202411081344/tools/bin/../lib/gcc/arm-none-eabi/13.3.1/thumb/v7e-m+fp/hard\libgcc.a(_udivmoddi4.o)
                0x08000248                __udivmoddi4
 .text          0x08000540        0x4 C:/ST/STM32CubeIDE_1.17.0/STM32CubeIDE/plugins/com.st.stm32cube.ide.mcu.externaltools.gnu-tools-for-stm32.13.3.rel1.win32_1.0.0.202411081344/tools/bin/../lib/gcc/arm-none-eabi/13.3.1/thumb/v7e-m+fp/hard\libgcc.a(_dvmd_tls.o)
                0x08000540                __aeabi_idiv0
                0x08000540                __aeabi_ldiv0
 *(.text*)
 .text.MX_ADC1_Init
                0x08000544      0x110 ./Core/Src/adc.o
                0x08000544                MX_ADC1_Init
 .text.HAL_ADC_MspInit
                0x08000654      0x108 ./Core/Src/adc.o
                0x08000654                HAL_ADC_MspInit
 .text.MX_DMA_Init
                0x0800075c       0x94 ./Core/Src/dma.o
                0x0800075c                MX_DMA_Init
 .text.MX_GPIO_Init
                0x080007f0      0x1f8 ./Core/Src/gpio.o
                0x080007f0                MX_GPIO_Init
 .text.main     0x080009e8      0x16c ./Core/Src/main.o
                0x080009e8                main
 .text.SystemClock_Config
                0x08000b54       0x96 ./Core/Src/main.o
                0x08000b54                SystemClock_Config
 .text.Error_Handler
                0x08000bea        0xc ./Core/Src/main.o
                0x08000bea                Error_Handler
 *fill*         0x08000bf6        0x2 
 .text.HAL_MspInit
                0x08000bf8       0x48 ./Core/Src/stm32g4xx_hal_msp.o
                0x08000bf8                HAL_MspInit
 .text.NMI_Handler
                0x08000c40        0x8 ./Core/Src/stm32g4xx_it.o
                0x08000c40                NMI_Handler
 .text.HardFault_Handler
                0x08000c48        0x8 ./Core/Src/stm32g4xx_it.o
                0x08000c48                HardFault_Handler
 .text.MemManage_Handler
                0x08000c50        0x8 ./Core/Src/stm32g4xx_it.o
                0x08000c50                MemManage_Handler
 .text.BusFault_Handler
                0x08000c58        0x8 ./Core/Src/stm32g4xx_it.o
                0x08000c58                BusFault_Handler
 .text.UsageFault_Handler
                0x08000c60        0x8 ./Core/Src/stm32g4xx_it.o
                0x08000c60                UsageFault_Handler
 .text.SVC_Handler
                0x08000c68        0xe ./Core/Src/stm32g4xx_it.o
                0x08000c68                SVC_Handler
 .text.DebugMon_Handler
                0x08000c76        0xe ./Core/Src/stm32g4xx_it.o
                0x08000c76                DebugMon_Handler
 .text.PendSV_Handler
                0x08000c84        0xe ./Core/Src/stm32g4xx_it.o
                0x08000c84                PendSV_Handler
 .text.SysTick_Handler
                0x08000c92        0xc ./Core/Src/stm32g4xx_it.o
                0x08000c92                SysTick_Handler
 .text.EXTI0_IRQHandler
                0x08000c9e        0xe ./Core/Src/stm32g4xx_it.o
                0x08000c9e                EXTI0_IRQHandler
 .text.EXTI4_IRQHandler
                0x08000cac        0xe ./Core/Src/stm32g4xx_it.o
                0x08000cac                EXTI4_IRQHandler
 *fill*         0x08000cba        0x2 
 .text.DMA1_Channel1_IRQHandler
                0x08000cbc       0x14 ./Core/Src/stm32g4xx_it.o
                0x08000cbc                DMA1_Channel1_IRQHandler
 .text.DMA1_Channel2_IRQHandler
                0x08000cd0       0x14 ./Core/Src/stm32g4xx_it.o
                0x08000cd0                DMA1_Channel2_IRQHandler
 .text.DMA1_Channel3_IRQHandler
                0x08000ce4       0x14 ./Core/Src/stm32g4xx_it.o
                0x08000ce4                DMA1_Channel3_IRQHandler
 .text.DMA1_Channel4_IRQHandler
                0x08000cf8       0x14 ./Core/Src/stm32g4xx_it.o
                0x08000cf8                DMA1_Channel4_IRQHandler
 .text.DMA1_Channel5_IRQHandler
                0x08000d0c       0x14 ./Core/Src/stm32g4xx_it.o
                0x08000d0c                DMA1_Channel5_IRQHandler
 .text.EXTI9_5_IRQHandler
                0x08000d20       0x14 ./Core/Src/stm32g4xx_it.o
                0x08000d20                EXTI9_5_IRQHandler
 .text.TIM1_UP_TIM16_IRQHandler
                0x08000d34       0x1c ./Core/Src/stm32g4xx_it.o
                0x08000d34                TIM1_UP_TIM16_IRQHandler
 .text.TIM2_IRQHandler
                0x08000d50       0x14 ./Core/Src/stm32g4xx_it.o
                0x08000d50                TIM2_IRQHandler
 .text.TIM3_IRQHandler
                0x08000d64       0x14 ./Core/Src/stm32g4xx_it.o
                0x08000d64                TIM3_IRQHandler
 .text.TIM4_IRQHandler
                0x08000d78       0x14 ./Core/Src/stm32g4xx_it.o
                0x08000d78                TIM4_IRQHandler
 .text.USART2_IRQHandler
                0x08000d8c       0x14 ./Core/Src/stm32g4xx_it.o
                0x08000d8c                USART2_IRQHandler
 .text.EXTI15_10_IRQHandler
                0x08000da0       0x28 ./Core/Src/stm32g4xx_it.o
                0x08000da0                EXTI15_10_IRQHandler
 .text.LPUART1_IRQHandler
                0x08000dc8       0x14 ./Core/Src/stm32g4xx_it.o
                0x08000dc8                LPUART1_IRQHandler
 .text.SystemInit
                0x08000ddc       0x24 ./Core/Src/system_stm32g4xx.o
                0x08000ddc                SystemInit
 .text.MX_TIM1_Init
                0x08000e00      0x128 ./Core/Src/tim.o
                0x08000e00                MX_TIM1_Init
 .text.MX_TIM2_Init
                0x08000f28       0x9c ./Core/Src/tim.o
                0x08000f28                MX_TIM2_Init
 .text.MX_TIM3_Init
                0x08000fc4       0xac ./Core/Src/tim.o
                0x08000fc4                MX_TIM3_Init
 .text.MX_TIM4_Init
                0x08001070       0xac ./Core/Src/tim.o
                0x08001070                MX_TIM4_Init
 .text.MX_TIM5_Init
                0x0800111c       0xac ./Core/Src/tim.o
                0x0800111c                MX_TIM5_Init
 .text.MX_TIM8_Init
                0x080011c8      0x17c ./Core/Src/tim.o
                0x080011c8                MX_TIM8_Init
 .text.MX_TIM16_Init
                0x08001344       0x60 ./Core/Src/tim.o
                0x08001344                MX_TIM16_Init
 .text.HAL_TIM_PWM_MspInit
                0x080013a4       0x4c ./Core/Src/tim.o
                0x080013a4                HAL_TIM_PWM_MspInit
 .text.HAL_TIM_Base_MspInit
                0x080013f0       0xa8 ./Core/Src/tim.o
                0x080013f0                HAL_TIM_Base_MspInit
 .text.HAL_TIM_Encoder_MspInit
                0x08001498      0x16c ./Core/Src/tim.o
                0x08001498                HAL_TIM_Encoder_MspInit
 .text.HAL_TIM_MspPostInit
                0x08001604       0xb8 ./Core/Src/tim.o
                0x08001604                HAL_TIM_MspPostInit
 .text.MX_LPUART1_UART_Init
                0x080016bc       0x94 ./Core/Src/usart.o
                0x080016bc                MX_LPUART1_UART_Init
 .text.MX_USART2_UART_Init
                0x08001750       0x9c ./Core/Src/usart.o
                0x08001750                MX_USART2_UART_Init
 .text.HAL_UART_MspInit
                0x080017ec      0x2c0 ./Core/Src/usart.o
                0x080017ec                HAL_UART_MspInit
 .text.Reset_Handler
                0x08001aac       0x50 ./Core/Startup/startup_stm32g474retx.o
                0x08001aac                Reset_Handler
 .text.Default_Handler
                0x08001afc        0x2 ./Core/Startup/startup_stm32g474retx.o
                0x08001afc                RTC_Alarm_IRQHandler
                0x08001afc                EXTI2_IRQHandler
                0x08001afc                TIM8_TRG_COM_IRQHandler
                0x08001afc                TIM8_CC_IRQHandler
                0x08001afc                HRTIM1_Master_IRQHandler
                0x08001afc                SPI4_IRQHandler
                0x08001afc                FDCAN3_IT0_IRQHandler
                0x08001afc                TIM1_CC_IRQHandler
                0x08001afc                HRTIM1_FLT_IRQHandler
                0x08001afc                HRTIM1_TIMF_IRQHandler
                0x08001afc                USB_HP_IRQHandler
                0x08001afc                CORDIC_IRQHandler
                0x08001afc                HRTIM1_TIMD_IRQHandler
                0x08001afc                DMA2_Channel8_IRQHandler
                0x08001afc                EXTI3_IRQHandler
                0x08001afc                I2C3_ER_IRQHandler
                0x08001afc                I2C2_EV_IRQHandler
                0x08001afc                FPU_IRQHandler
                0x08001afc                FDCAN1_IT1_IRQHandler
                0x08001afc                ADC1_2_IRQHandler
                0x08001afc                HRTIM1_TIME_IRQHandler
                0x08001afc                SPI1_IRQHandler
                0x08001afc                TIM6_DAC_IRQHandler
                0x08001afc                HRTIM1_TIMC_IRQHandler
                0x08001afc                TIM8_UP_IRQHandler
                0x08001afc                DMA2_Channel2_IRQHandler
                0x08001afc                TIM20_TRG_COM_IRQHandler
                0x08001afc                USART3_IRQHandler
                0x08001afc                DMA1_Channel7_IRQHandler
                0x08001afc                UART5_IRQHandler
                0x08001afc                ADC3_IRQHandler
                0x08001afc                DMA2_Channel1_IRQHandler
                0x08001afc                QUADSPI_IRQHandler
                0x08001afc                I2C1_EV_IRQHandler
                0x08001afc                DMA1_Channel6_IRQHandler
                0x08001afc                UART4_IRQHandler
                0x08001afc                DMA2_Channel4_IRQHandler
                0x08001afc                RCC_IRQHandler
                0x08001afc                TIM20_UP_IRQHandler
                0x08001afc                Default_Handler
                0x08001afc                DMA2_Channel7_IRQHandler
                0x08001afc                RTC_TAMP_LSECSS_IRQHandler
                0x08001afc                FMAC_IRQHandler
                0x08001afc                DMA1_Channel8_IRQHandler
                0x08001afc                HRTIM1_TIMA_IRQHandler
                0x08001afc                TIM7_DAC_IRQHandler
                0x08001afc                FDCAN3_IT1_IRQHandler
                0x08001afc                TIM5_IRQHandler
                0x08001afc                UCPD1_IRQHandler
                0x08001afc                I2C3_EV_IRQHandler
                0x08001afc                RTC_WKUP_IRQHandler
                0x08001afc                PVD_PVM_IRQHandler
                0x08001afc                SPI2_IRQHandler
                0x08001afc                ADC5_IRQHandler
                0x08001afc                DMA2_Channel5_IRQHandler
                0x08001afc                CRS_IRQHandler
                0x08001afc                USB_LP_IRQHandler
                0x08001afc                RNG_IRQHandler
                0x08001afc                HRTIM1_TIMB_IRQHandler
                0x08001afc                TIM1_TRG_COM_TIM17_IRQHandler
                0x08001afc                FDCAN2_IT1_IRQHandler
                0x08001afc                ADC4_IRQHandler
                0x08001afc                WWDG_IRQHandler
                0x08001afc                I2C4_EV_IRQHandler
                0x08001afc                FDCAN2_IT0_IRQHandler
                0x08001afc                DMA2_Channel6_IRQHandler
                0x08001afc                FDCAN1_IT0_IRQHandler
                0x08001afc                COMP7_IRQHandler
                0x08001afc                COMP1_2_3_IRQHandler
                0x08001afc                EXTI1_IRQHandler
                0x08001afc                COMP4_5_6_IRQHandler
                0x08001afc                TIM20_BRK_IRQHandler
                0x08001afc                I2C2_ER_IRQHandler
                0x08001afc                TIM8_BRK_IRQHandler
                0x08001afc                FLASH_IRQHandler
                0x08001afc                TIM20_CC_IRQHandler
                0x08001afc                USART1_IRQHandler
                0x08001afc                SPI3_IRQHandler
                0x08001afc                I2C1_ER_IRQHandler
                0x08001afc                FMC_IRQHandler
                0x08001afc                LPTIM1_IRQHandler
                0x08001afc                DMAMUX_OVR_IRQHandler
                0x08001afc                I2C4_ER_IRQHandler
                0x08001afc                USBWakeUp_IRQHandler
                0x08001afc                SAI1_IRQHandler
                0x08001afc                DMA2_Channel3_IRQHandler
                0x08001afc                TIM1_BRK_TIM15_IRQHandler
 .text.HAL_Init
                0x08001afe       0x30 ./Drivers/STM32G4xx_HAL_Driver/Src/stm32g4xx_hal.o
                0x08001afe                HAL_Init
 *fill*         0x08001b2e        0x2 
 .text.HAL_InitTick
                0x08001b30       0x74 ./Drivers/STM32G4xx_HAL_Driver/Src/stm32g4xx_hal.o
                0x08001b30                HAL_InitTick
 .text.HAL_IncTick
                0x08001ba4       0x24 ./Drivers/STM32G4xx_HAL_Driver/Src/stm32g4xx_hal.o
                0x08001ba4                HAL_IncTick
 .text.HAL_GetTick
                0x08001bc8       0x18 ./Drivers/STM32G4xx_HAL_Driver/Src/stm32g4xx_hal.o
                0x08001bc8                HAL_GetTick
 .text.LL_ADC_SetCommonClock
                0x08001be0       0x26 ./Drivers/STM32G4xx_HAL_Driver/Src/stm32g4xx_hal_adc.o
 .text.LL_ADC_SetCommonPathInternalCh
                0x08001c06       0x26 ./Drivers/STM32G4xx_HAL_Driver/Src/stm32g4xx_hal_adc.o
 .text.LL_ADC_GetCommonPathInternalCh
                0x08001c2c       0x1c ./Drivers/STM32G4xx_HAL_Driver/Src/stm32g4xx_hal_adc.o
 .text.LL_ADC_SetOffset
                0x08001c48       0x48 ./Drivers/STM32G4xx_HAL_Driver/Src/stm32g4xx_hal_adc.o
 .text.LL_ADC_GetOffsetChannel
                0x08001c90       0x2c ./Drivers/STM32G4xx_HAL_Driver/Src/stm32g4xx_hal_adc.o
 .text.LL_ADC_SetOffsetState
                0x08001cbc       0x36 ./Drivers/STM32G4xx_HAL_Driver/Src/stm32g4xx_hal_adc.o
 .text.LL_ADC_SetOffsetSign
                0x08001cf2       0x36 ./Drivers/STM32G4xx_HAL_Driver/Src/stm32g4xx_hal_adc.o
 .text.LL_ADC_SetOffsetSaturation
                0x08001d28       0x36 ./Drivers/STM32G4xx_HAL_Driver/Src/stm32g4xx_hal_adc.o
 .text.LL_ADC_SetSamplingTimeCommonConfig
                0x08001d5e       0x26 ./Drivers/STM32G4xx_HAL_Driver/Src/stm32g4xx_hal_adc.o
 .text.LL_ADC_REG_IsTriggerSourceSWStart
                0x08001d84       0x26 ./Drivers/STM32G4xx_HAL_Driver/Src/stm32g4xx_hal_adc.o
 .text.LL_ADC_REG_SetSequencerRanks
                0x08001daa       0x58 ./Drivers/STM32G4xx_HAL_Driver/Src/stm32g4xx_hal_adc.o
 .text.LL_ADC_SetChannelSamplingTime
                0x08001e02       0x56 ./Drivers/STM32G4xx_HAL_Driver/Src/stm32g4xx_hal_adc.o
 .text.LL_ADC_SetChannelSingleDiff
                0x08001e58       0x48 ./Drivers/STM32G4xx_HAL_Driver/Src/stm32g4xx_hal_adc.o
 .text.LL_ADC_GetMultimode
                0x08001ea0       0x1c ./Drivers/STM32G4xx_HAL_Driver/Src/stm32g4xx_hal_adc.o
 .text.LL_ADC_DisableDeepPowerDown
                0x08001ebc       0x24 ./Drivers/STM32G4xx_HAL_Driver/Src/stm32g4xx_hal_adc.o
 .text.LL_ADC_IsDeepPowerDownEnabled
                0x08001ee0       0x28 ./Drivers/STM32G4xx_HAL_Driver/Src/stm32g4xx_hal_adc.o
 .text.LL_ADC_EnableInternalRegulator
                0x08001f08       0x28 ./Drivers/STM32G4xx_HAL_Driver/Src/stm32g4xx_hal_adc.o
 .text.LL_ADC_IsInternalRegulatorEnabled
                0x08001f30       0x28 ./Drivers/STM32G4xx_HAL_Driver/Src/stm32g4xx_hal_adc.o
 .text.LL_ADC_Enable
                0x08001f58       0x28 ./Drivers/STM32G4xx_HAL_Driver/Src/stm32g4xx_hal_adc.o
 .text.LL_ADC_IsEnabled
                0x08001f80       0x26 ./Drivers/STM32G4xx_HAL_Driver/Src/stm32g4xx_hal_adc.o
 .text.LL_ADC_REG_StartConversion
                0x08001fa6       0x28 ./Drivers/STM32G4xx_HAL_Driver/Src/stm32g4xx_hal_adc.o
 .text.LL_ADC_REG_IsConversionOngoing
                0x08001fce       0x26 ./Drivers/STM32G4xx_HAL_Driver/Src/stm32g4xx_hal_adc.o
 .text.LL_ADC_INJ_IsConversionOngoing
                0x08001ff4       0x26 ./Drivers/STM32G4xx_HAL_Driver/Src/stm32g4xx_hal_adc.o
 *fill*         0x0800201a        0x2 
 .text.HAL_ADC_Init
                0x0800201c      0x378 ./Drivers/STM32G4xx_HAL_Driver/Src/stm32g4xx_hal_adc.o
                0x0800201c                HAL_ADC_Init
 .text.HAL_ADC_Start_DMA
                0x08002394      0x1a8 ./Drivers/STM32G4xx_HAL_Driver/Src/stm32g4xx_hal_adc.o
                0x08002394                HAL_ADC_Start_DMA
 .text.HAL_ADC_ConvCpltCallback
                0x0800253c       0x14 ./Drivers/STM32G4xx_HAL_Driver/Src/stm32g4xx_hal_adc.o
                0x0800253c                HAL_ADC_ConvCpltCallback
 .text.HAL_ADC_ConvHalfCpltCallback
                0x08002550       0x14 ./Drivers/STM32G4xx_HAL_Driver/Src/stm32g4xx_hal_adc.o
                0x08002550                HAL_ADC_ConvHalfCpltCallback
 .text.HAL_ADC_ErrorCallback
                0x08002564       0x14 ./Drivers/STM32G4xx_HAL_Driver/Src/stm32g4xx_hal_adc.o
                0x08002564                HAL_ADC_ErrorCallback
 .text.HAL_ADC_ConfigChannel
                0x08002578      0x880 ./Drivers/STM32G4xx_HAL_Driver/Src/stm32g4xx_hal_adc.o
                0x08002578                HAL_ADC_ConfigChannel
 .text.ADC_Enable
                0x08002df8      0x12c ./Drivers/STM32G4xx_HAL_Driver/Src/stm32g4xx_hal_adc.o
                0x08002df8                ADC_Enable
 .text.ADC_DMAConvCplt
                0x08002f24       0xd8 ./Drivers/STM32G4xx_HAL_Driver/Src/stm32g4xx_hal_adc.o
                0x08002f24                ADC_DMAConvCplt
 .text.ADC_DMAHalfConvCplt
                0x08002ffc       0x1c ./Drivers/STM32G4xx_HAL_Driver/Src/stm32g4xx_hal_adc.o
                0x08002ffc                ADC_DMAHalfConvCplt
 .text.ADC_DMAError
                0x08003018       0x34 ./Drivers/STM32G4xx_HAL_Driver/Src/stm32g4xx_hal_adc.o
                0x08003018                ADC_DMAError
 .text.LL_ADC_IsEnabled
                0x0800304c       0x26 ./Drivers/STM32G4xx_HAL_Driver/Src/stm32g4xx_hal_adc_ex.o
 .text.LL_ADC_REG_IsConversionOngoing
                0x08003072       0x26 ./Drivers/STM32G4xx_HAL_Driver/Src/stm32g4xx_hal_adc_ex.o
 .text.HAL_ADCEx_MultiModeConfigChannel
                0x08003098      0x210 ./Drivers/STM32G4xx_HAL_Driver/Src/stm32g4xx_hal_adc_ex.o
                0x08003098                HAL_ADCEx_MultiModeConfigChannel
 .text.__NVIC_SetPriorityGrouping
                0x080032a8       0x48 ./Drivers/STM32G4xx_HAL_Driver/Src/stm32g4xx_hal_cortex.o
 .text.__NVIC_GetPriorityGrouping
                0x080032f0       0x1c ./Drivers/STM32G4xx_HAL_Driver/Src/stm32g4xx_hal_cortex.o
 .text.__NVIC_EnableIRQ
                0x0800330c       0x3c ./Drivers/STM32G4xx_HAL_Driver/Src/stm32g4xx_hal_cortex.o
 .text.__NVIC_SetPriority
                0x08003348       0x54 ./Drivers/STM32G4xx_HAL_Driver/Src/stm32g4xx_hal_cortex.o
 .text.NVIC_EncodePriority
                0x0800339c       0x66 ./Drivers/STM32G4xx_HAL_Driver/Src/stm32g4xx_hal_cortex.o
 *fill*         0x08003402        0x2 
 .text.SysTick_Config
                0x08003404       0x44 ./Drivers/STM32G4xx_HAL_Driver/Src/stm32g4xx_hal_cortex.o
 .text.HAL_NVIC_SetPriorityGrouping
                0x08003448       0x16 ./Drivers/STM32G4xx_HAL_Driver/Src/stm32g4xx_hal_cortex.o
                0x08003448                HAL_NVIC_SetPriorityGrouping
 .text.HAL_NVIC_SetPriority
                0x0800345e       0x34 ./Drivers/STM32G4xx_HAL_Driver/Src/stm32g4xx_hal_cortex.o
                0x0800345e                HAL_NVIC_SetPriority
 .text.HAL_NVIC_EnableIRQ
                0x08003492       0x1c ./Drivers/STM32G4xx_HAL_Driver/Src/stm32g4xx_hal_cortex.o
                0x08003492                HAL_NVIC_EnableIRQ
 .text.HAL_SYSTICK_Config
                0x080034ae       0x18 ./Drivers/STM32G4xx_HAL_Driver/Src/stm32g4xx_hal_cortex.o
                0x080034ae                HAL_SYSTICK_Config
 *fill*         0x080034c6        0x2 
 .text.HAL_DMA_Init
                0x080034c8      0x150 ./Drivers/STM32G4xx_HAL_Driver/Src/stm32g4xx_hal_dma.o
                0x080034c8                HAL_DMA_Init
 .text.HAL_DMA_Start_IT
                0x08003618       0xf6 ./Drivers/STM32G4xx_HAL_Driver/Src/stm32g4xx_hal_dma.o
                0x08003618                HAL_DMA_Start_IT
 .text.HAL_DMA_Abort
                0x0800370e       0xb2 ./Drivers/STM32G4xx_HAL_Driver/Src/stm32g4xx_hal_dma.o
                0x0800370e                HAL_DMA_Abort
 .text.HAL_DMA_Abort_IT
                0x080037c0       0xce ./Drivers/STM32G4xx_HAL_Driver/Src/stm32g4xx_hal_dma.o
                0x080037c0                HAL_DMA_Abort_IT
 .text.HAL_DMA_IRQHandler
                0x0800388e      0x15e ./Drivers/STM32G4xx_HAL_Driver/Src/stm32g4xx_hal_dma.o
                0x0800388e                HAL_DMA_IRQHandler
 .text.DMA_SetConfig
                0x080039ec       0x7c ./Drivers/STM32G4xx_HAL_Driver/Src/stm32g4xx_hal_dma.o
 .text.DMA_CalcDMAMUXChannelBaseAndMask
                0x08003a68       0x7c ./Drivers/STM32G4xx_HAL_Driver/Src/stm32g4xx_hal_dma.o
 .text.DMA_CalcDMAMUXRequestGenBaseAndMask
                0x08003ae4       0x48 ./Drivers/STM32G4xx_HAL_Driver/Src/stm32g4xx_hal_dma.o
 .text.HAL_GPIO_Init
                0x08003b2c      0x304 ./Drivers/STM32G4xx_HAL_Driver/Src/stm32g4xx_hal_gpio.o
                0x08003b2c                HAL_GPIO_Init
 .text.HAL_GPIO_ReadPin
                0x08003e30       0x30 ./Drivers/STM32G4xx_HAL_Driver/Src/stm32g4xx_hal_gpio.o
                0x08003e30                HAL_GPIO_ReadPin
 .text.HAL_GPIO_WritePin
                0x08003e60       0x30 ./Drivers/STM32G4xx_HAL_Driver/Src/stm32g4xx_hal_gpio.o
                0x08003e60                HAL_GPIO_WritePin
 .text.HAL_GPIO_EXTI_IRQHandler
                0x08003e90       0x30 ./Drivers/STM32G4xx_HAL_Driver/Src/stm32g4xx_hal_gpio.o
                0x08003e90                HAL_GPIO_EXTI_IRQHandler
 .text.HAL_GPIO_EXTI_Callback
                0x08003ec0       0x16 ./Drivers/STM32G4xx_HAL_Driver/Src/stm32g4xx_hal_gpio.o
                0x08003ec0                HAL_GPIO_EXTI_Callback
 *fill*         0x08003ed6        0x2 
 .text.HAL_PWREx_ControlVoltageScaling
                0x08003ed8      0x148 ./Drivers/STM32G4xx_HAL_Driver/Src/stm32g4xx_hal_pwr_ex.o
                0x08003ed8                HAL_PWREx_ControlVoltageScaling
 .text.HAL_PWREx_DisableUCPDDeadBattery
                0x08004020       0x20 ./Drivers/STM32G4xx_HAL_Driver/Src/stm32g4xx_hal_pwr_ex.o
                0x08004020                HAL_PWREx_DisableUCPDDeadBattery
 .text.HAL_RCC_OscConfig
                0x08004040      0x624 ./Drivers/STM32G4xx_HAL_Driver/Src/stm32g4xx_hal_rcc.o
                0x08004040                HAL_RCC_OscConfig
 .text.HAL_RCC_ClockConfig
                0x08004664      0x278 ./Drivers/STM32G4xx_HAL_Driver/Src/stm32g4xx_hal_rcc.o
                0x08004664                HAL_RCC_ClockConfig
 .text.HAL_RCC_GetSysClockFreq
                0x080048dc       0xc4 ./Drivers/STM32G4xx_HAL_Driver/Src/stm32g4xx_hal_rcc.o
                0x080048dc                HAL_RCC_GetSysClockFreq
 .text.HAL_RCC_GetHCLKFreq
                0x080049a0       0x18 ./Drivers/STM32G4xx_HAL_Driver/Src/stm32g4xx_hal_rcc.o
                0x080049a0                HAL_RCC_GetHCLKFreq
 .text.HAL_RCC_GetPCLK1Freq
                0x080049b8       0x2c ./Drivers/STM32G4xx_HAL_Driver/Src/stm32g4xx_hal_rcc.o
                0x080049b8                HAL_RCC_GetPCLK1Freq
 .text.HAL_RCC_GetPCLK2Freq
                0x080049e4       0x2c ./Drivers/STM32G4xx_HAL_Driver/Src/stm32g4xx_hal_rcc.o
                0x080049e4                HAL_RCC_GetPCLK2Freq
 .text.RCC_GetSysClockFreqFromPLLSource
                0x08004a10       0x8c ./Drivers/STM32G4xx_HAL_Driver/Src/stm32g4xx_hal_rcc.o
 .text.HAL_RCCEx_PeriphCLKConfig
                0x08004a9c      0x49c ./Drivers/STM32G4xx_HAL_Driver/Src/stm32g4xx_hal_rcc_ex.o
                0x08004a9c                HAL_RCCEx_PeriphCLKConfig
 .text.HAL_TIM_Base_Init
                0x08004f38       0xc8 ./Drivers/STM32G4xx_HAL_Driver/Src/stm32g4xx_hal_tim.o
                0x08004f38                HAL_TIM_Base_Init
 .text.HAL_TIM_PWM_Init
                0x08005000       0xc8 ./Drivers/STM32G4xx_HAL_Driver/Src/stm32g4xx_hal_tim.o
                0x08005000                HAL_TIM_PWM_Init
 .text.HAL_TIM_OnePulse_Init
                0x080050c8       0xbc ./Drivers/STM32G4xx_HAL_Driver/Src/stm32g4xx_hal_tim.o
                0x080050c8                HAL_TIM_OnePulse_Init
 .text.HAL_TIM_OnePulse_MspInit
                0x08005184       0x14 ./Drivers/STM32G4xx_HAL_Driver/Src/stm32g4xx_hal_tim.o
                0x08005184                HAL_TIM_OnePulse_MspInit
 .text.HAL_TIM_Encoder_Init
                0x08005198      0x168 ./Drivers/STM32G4xx_HAL_Driver/Src/stm32g4xx_hal_tim.o
                0x08005198                HAL_TIM_Encoder_Init
 .text.HAL_TIM_Encoder_Start
                0x08005300      0x11c ./Drivers/STM32G4xx_HAL_Driver/Src/stm32g4xx_hal_tim.o
                0x08005300                HAL_TIM_Encoder_Start
 .text.HAL_TIM_IRQHandler
                0x0800541c      0x2f2 ./Drivers/STM32G4xx_HAL_Driver/Src/stm32g4xx_hal_tim.o
                0x0800541c                HAL_TIM_IRQHandler
 *fill*         0x0800570e        0x2 
 .text.HAL_TIM_PWM_ConfigChannel
                0x08005710      0x228 ./Drivers/STM32G4xx_HAL_Driver/Src/stm32g4xx_hal_tim.o
                0x08005710                HAL_TIM_PWM_ConfigChannel
 .text.HAL_TIM_ConfigClockSource
                0x08005938      0x22c ./Drivers/STM32G4xx_HAL_Driver/Src/stm32g4xx_hal_tim.o
                0x08005938                HAL_TIM_ConfigClockSource
 .text.HAL_TIM_PeriodElapsedCallback
                0x08005b64       0x14 ./Drivers/STM32G4xx_HAL_Driver/Src/stm32g4xx_hal_tim.o
                0x08005b64                HAL_TIM_PeriodElapsedCallback
 .text.HAL_TIM_PeriodElapsedHalfCpltCallback
                0x08005b78       0x14 ./Drivers/STM32G4xx_HAL_Driver/Src/stm32g4xx_hal_tim.o
                0x08005b78                HAL_TIM_PeriodElapsedHalfCpltCallback
 .text.HAL_TIM_OC_DelayElapsedCallback
                0x08005b8c       0x14 ./Drivers/STM32G4xx_HAL_Driver/Src/stm32g4xx_hal_tim.o
                0x08005b8c                HAL_TIM_OC_DelayElapsedCallback
 .text.HAL_TIM_IC_CaptureCallback
                0x08005ba0       0x14 ./Drivers/STM32G4xx_HAL_Driver/Src/stm32g4xx_hal_tim.o
                0x08005ba0                HAL_TIM_IC_CaptureCallback
 .text.HAL_TIM_IC_CaptureHalfCpltCallback
                0x08005bb4       0x14 ./Drivers/STM32G4xx_HAL_Driver/Src/stm32g4xx_hal_tim.o
                0x08005bb4                HAL_TIM_IC_CaptureHalfCpltCallback
 .text.HAL_TIM_PWM_PulseFinishedCallback
                0x08005bc8       0x14 ./Drivers/STM32G4xx_HAL_Driver/Src/stm32g4xx_hal_tim.o
                0x08005bc8                HAL_TIM_PWM_PulseFinishedCallback
 .text.HAL_TIM_PWM_PulseFinishedHalfCpltCallback
                0x08005bdc       0x14 ./Drivers/STM32G4xx_HAL_Driver/Src/stm32g4xx_hal_tim.o
                0x08005bdc                HAL_TIM_PWM_PulseFinishedHalfCpltCallback
 .text.HAL_TIM_TriggerCallback
                0x08005bf0       0x14 ./Drivers/STM32G4xx_HAL_Driver/Src/stm32g4xx_hal_tim.o
                0x08005bf0                HAL_TIM_TriggerCallback
 .text.HAL_TIM_TriggerHalfCpltCallback
                0x08005c04       0x14 ./Drivers/STM32G4xx_HAL_Driver/Src/stm32g4xx_hal_tim.o
                0x08005c04                HAL_TIM_TriggerHalfCpltCallback
 .text.HAL_TIM_ErrorCallback
                0x08005c18       0x14 ./Drivers/STM32G4xx_HAL_Driver/Src/stm32g4xx_hal_tim.o
                0x08005c18                HAL_TIM_ErrorCallback
 .text.TIM_Base_SetConfig
                0x08005c2c      0x168 ./Drivers/STM32G4xx_HAL_Driver/Src/stm32g4xx_hal_tim.o
                0x08005c2c                TIM_Base_SetConfig
 .text.TIM_OC1_SetConfig
                0x08005d94      0x134 ./Drivers/STM32G4xx_HAL_Driver/Src/stm32g4xx_hal_tim.o
 .text.TIM_OC2_SetConfig
                0x08005ec8      0x128 ./Drivers/STM32G4xx_HAL_Driver/Src/stm32g4xx_hal_tim.o
                0x08005ec8                TIM_OC2_SetConfig
 .text.TIM_OC3_SetConfig
                0x08005ff0      0x124 ./Drivers/STM32G4xx_HAL_Driver/Src/stm32g4xx_hal_tim.o
 .text.TIM_OC4_SetConfig
                0x08006114      0x128 ./Drivers/STM32G4xx_HAL_Driver/Src/stm32g4xx_hal_tim.o
 .text.TIM_OC5_SetConfig
                0x0800623c       0xd4 ./Drivers/STM32G4xx_HAL_Driver/Src/stm32g4xx_hal_tim.o
 .text.TIM_OC6_SetConfig
                0x08006310       0xd8 ./Drivers/STM32G4xx_HAL_Driver/Src/stm32g4xx_hal_tim.o
 .text.TIM_TI1_ConfigInputStage
                0x080063e8       0x5e ./Drivers/STM32G4xx_HAL_Driver/Src/stm32g4xx_hal_tim.o
 .text.TIM_TI2_ConfigInputStage
                0x08006446       0x60 ./Drivers/STM32G4xx_HAL_Driver/Src/stm32g4xx_hal_tim.o
 .text.TIM_ITRx_SetConfig
                0x080064a6       0x3a ./Drivers/STM32G4xx_HAL_Driver/Src/stm32g4xx_hal_tim.o
 .text.TIM_ETR_SetConfig
                0x080064e0       0x40 ./Drivers/STM32G4xx_HAL_Driver/Src/stm32g4xx_hal_tim.o
                0x080064e0                TIM_ETR_SetConfig
 .text.TIM_CCxChannelCmd
                0x08006520       0x4a ./Drivers/STM32G4xx_HAL_Driver/Src/stm32g4xx_hal_tim.o
                0x08006520                TIM_CCxChannelCmd
 *fill*         0x0800656a        0x2 
 .text.TIM_ResetCallback
                0x0800656c       0xec ./Drivers/STM32G4xx_HAL_Driver/Src/stm32g4xx_hal_tim.o
                0x0800656c                TIM_ResetCallback
 .text.HAL_TIMEx_MasterConfigSynchronization
                0x08006658      0x12c ./Drivers/STM32G4xx_HAL_Driver/Src/stm32g4xx_hal_tim_ex.o
                0x08006658                HAL_TIMEx_MasterConfigSynchronization
 .text.HAL_TIMEx_ConfigBreakDeadTime
                0x08006784      0x128 ./Drivers/STM32G4xx_HAL_Driver/Src/stm32g4xx_hal_tim_ex.o
                0x08006784                HAL_TIMEx_ConfigBreakDeadTime
 .text.HAL_TIMEx_CommutCallback
                0x080068ac       0x14 ./Drivers/STM32G4xx_HAL_Driver/Src/stm32g4xx_hal_tim_ex.o
                0x080068ac                HAL_TIMEx_CommutCallback
 .text.HAL_TIMEx_CommutHalfCpltCallback
                0x080068c0       0x14 ./Drivers/STM32G4xx_HAL_Driver/Src/stm32g4xx_hal_tim_ex.o
                0x080068c0                HAL_TIMEx_CommutHalfCpltCallback
 .text.HAL_TIMEx_BreakCallback
                0x080068d4       0x14 ./Drivers/STM32G4xx_HAL_Driver/Src/stm32g4xx_hal_tim_ex.o
                0x080068d4                HAL_TIMEx_BreakCallback
 .text.HAL_TIMEx_Break2Callback
                0x080068e8       0x14 ./Drivers/STM32G4xx_HAL_Driver/Src/stm32g4xx_hal_tim_ex.o
                0x080068e8                HAL_TIMEx_Break2Callback
 .text.HAL_TIMEx_EncoderIndexCallback
                0x080068fc       0x14 ./Drivers/STM32G4xx_HAL_Driver/Src/stm32g4xx_hal_tim_ex.o
                0x080068fc                HAL_TIMEx_EncoderIndexCallback
 .text.HAL_TIMEx_DirectionChangeCallback
                0x08006910       0x14 ./Drivers/STM32G4xx_HAL_Driver/Src/stm32g4xx_hal_tim_ex.o
                0x08006910                HAL_TIMEx_DirectionChangeCallback
 .text.HAL_TIMEx_IndexErrorCallback
                0x08006924       0x14 ./Drivers/STM32G4xx_HAL_Driver/Src/stm32g4xx_hal_tim_ex.o
                0x08006924                HAL_TIMEx_IndexErrorCallback
 .text.HAL_TIMEx_TransitionErrorCallback
                0x08006938       0x14 ./Drivers/STM32G4xx_HAL_Driver/Src/stm32g4xx_hal_tim_ex.o
                0x08006938                HAL_TIMEx_TransitionErrorCallback
 .text.HAL_UART_Init
                0x0800694c       0xc0 ./Drivers/STM32G4xx_HAL_Driver/Src/stm32g4xx_hal_uart.o
                0x0800694c                HAL_UART_Init
 .text.HAL_UART_IRQHandler
                0x08006a0c      0x6a8 ./Drivers/STM32G4xx_HAL_Driver/Src/stm32g4xx_hal_uart.o
                0x08006a0c                HAL_UART_IRQHandler
 .text.HAL_UART_TxCpltCallback
                0x080070b4       0x14 ./Drivers/STM32G4xx_HAL_Driver/Src/stm32g4xx_hal_uart.o
                0x080070b4                HAL_UART_TxCpltCallback
 .text.HAL_UART_TxHalfCpltCallback
                0x080070c8       0x14 ./Drivers/STM32G4xx_HAL_Driver/Src/stm32g4xx_hal_uart.o
                0x080070c8                HAL_UART_TxHalfCpltCallback
 .text.HAL_UART_RxCpltCallback
                0x080070dc       0x14 ./Drivers/STM32G4xx_HAL_Driver/Src/stm32g4xx_hal_uart.o
                0x080070dc                HAL_UART_RxCpltCallback
 .text.HAL_UART_RxHalfCpltCallback
                0x080070f0       0x14 ./Drivers/STM32G4xx_HAL_Driver/Src/stm32g4xx_hal_uart.o
                0x080070f0                HAL_UART_RxHalfCpltCallback
 .text.HAL_UART_ErrorCallback
                0x08007104       0x14 ./Drivers/STM32G4xx_HAL_Driver/Src/stm32g4xx_hal_uart.o
                0x08007104                HAL_UART_ErrorCallback
 .text.HAL_UART_AbortCpltCallback
                0x08007118       0x14 ./Drivers/STM32G4xx_HAL_Driver/Src/stm32g4xx_hal_uart.o
                0x08007118                HAL_UART_AbortCpltCallback
 .text.HAL_UART_AbortTransmitCpltCallback
                0x0800712c       0x14 ./Drivers/STM32G4xx_HAL_Driver/Src/stm32g4xx_hal_uart.o
                0x0800712c                HAL_UART_AbortTransmitCpltCallback
 .text.HAL_UART_AbortReceiveCpltCallback
                0x08007140       0x14 ./Drivers/STM32G4xx_HAL_Driver/Src/stm32g4xx_hal_uart.o
                0x08007140                HAL_UART_AbortReceiveCpltCallback
 .text.HAL_UARTEx_RxEventCallback
                0x08007154       0x18 ./Drivers/STM32G4xx_HAL_Driver/Src/stm32g4xx_hal_uart.o
                0x08007154                HAL_UARTEx_RxEventCallback
 .text.UART_InitCallbacksToDefault
                0x0800716c       0xa4 ./Drivers/STM32G4xx_HAL_Driver/Src/stm32g4xx_hal_uart.o
                0x0800716c                UART_InitCallbacksToDefault
 .text.UART_SetConfig
                0x08007210      0x5f8 ./Drivers/STM32G4xx_HAL_Driver/Src/stm32g4xx_hal_uart.o
                0x08007210                UART_SetConfig
 .text.UART_AdvFeatureConfig
                0x08007808      0x144 ./Drivers/STM32G4xx_HAL_Driver/Src/stm32g4xx_hal_uart.o
                0x08007808                UART_AdvFeatureConfig
 .text.UART_CheckIdleState
                0x0800794c      0x154 ./Drivers/STM32G4xx_HAL_Driver/Src/stm32g4xx_hal_uart.o
                0x0800794c                UART_CheckIdleState
 .text.UART_WaitOnFlagUntilTimeout
                0x08007aa0       0xda ./Drivers/STM32G4xx_HAL_Driver/Src/stm32g4xx_hal_uart.o
                0x08007aa0                UART_WaitOnFlagUntilTimeout
 .text.UART_EndRxTransfer
                0x08007b7a       0xcc ./Drivers/STM32G4xx_HAL_Driver/Src/stm32g4xx_hal_uart.o
 .text.UART_DMAAbortOnError
                0x08007c46       0x28 ./Drivers/STM32G4xx_HAL_Driver/Src/stm32g4xx_hal_uart.o
 .text.UART_EndTransmit_IT
                0x08007c6e       0x5a ./Drivers/STM32G4xx_HAL_Driver/Src/stm32g4xx_hal_uart.o
 .text.HAL_UARTEx_WakeupCallback
                0x08007cc8       0x14 ./Drivers/STM32G4xx_HAL_Driver/Src/stm32g4xx_hal_uart_ex.o
                0x08007cc8                HAL_UARTEx_WakeupCallback
 .text.HAL_UARTEx_RxFifoFullCallback
                0x08007cdc       0x14 ./Drivers/STM32G4xx_HAL_Driver/Src/stm32g4xx_hal_uart_ex.o
                0x08007cdc                HAL_UARTEx_RxFifoFullCallback
 .text.HAL_UARTEx_TxFifoEmptyCallback
                0x08007cf0       0x14 ./Drivers/STM32G4xx_HAL_Driver/Src/stm32g4xx_hal_uart_ex.o
                0x08007cf0                HAL_UARTEx_TxFifoEmptyCallback
 .text.HAL_UARTEx_DisableFifoMode
                0x08007d04       0x72 ./Drivers/STM32G4xx_HAL_Driver/Src/stm32g4xx_hal_uart_ex.o
                0x08007d04                HAL_UARTEx_DisableFifoMode
 .text.HAL_UARTEx_SetTxFifoThreshold
                0x08007d76       0x7c ./Drivers/STM32G4xx_HAL_Driver/Src/stm32g4xx_hal_uart_ex.o
                0x08007d76                HAL_UARTEx_SetTxFifoThreshold
 .text.HAL_UARTEx_SetRxFifoThreshold
                0x08007df2       0x7c ./Drivers/STM32G4xx_HAL_Driver/Src/stm32g4xx_hal_uart_ex.o
                0x08007df2                HAL_UARTEx_SetRxFifoThreshold
 *fill*         0x08007e6e        0x2 
 .text.UARTEx_SetNbDataToProcess
                0x08007e70       0x9c ./Drivers/STM32G4xx_HAL_Driver/Src/stm32g4xx_hal_uart_ex.o
 .text.memset   0x08007f0c       0x10 C:/ST/STM32CubeIDE_1.17.0/STM32CubeIDE/plugins/com.st.stm32cube.ide.mcu.externaltools.gnu-tools-for-stm32.13.3.rel1.win32_1.0.0.202411081344/tools/bin/../lib/gcc/arm-none-eabi/13.3.1/../../../../arm-none-eabi/lib/thumb/v7e-m+fp/hard\libc_nano.a(libc_a-memset.o)
                0x08007f0c                memset
 .text.__libc_init_array
                0x08007f1c       0x48 C:/ST/STM32CubeIDE_1.17.0/STM32CubeIDE/plugins/com.st.stm32cube.ide.mcu.externaltools.gnu-tools-for-stm32.13.3.rel1.win32_1.0.0.202411081344/tools/bin/../lib/gcc/arm-none-eabi/13.3.1/../../../../arm-none-eabi/lib/thumb/v7e-m+fp/hard\libc_nano.a(libc_a-init.o)
                0x08007f1c                __libc_init_array
 *(.glue_7)
 .glue_7        0x08007f64        0x0 linker stubs
 *(.glue_7t)
 .glue_7t       0x08007f64        0x0 linker stubs
 *(.eh_frame)
 .eh_frame      0x08007f64        0x0 C:/ST/STM32CubeIDE_1.17.0/STM32CubeIDE/plugins/com.st.stm32cube.ide.mcu.externaltools.gnu-tools-for-stm32.13.3.rel1.win32_1.0.0.202411081344/tools/bin/../lib/gcc/arm-none-eabi/13.3.1/thumb/v7e-m+fp/hard/crtbegin.o
 *(.init)
 .init          0x08007f64        0x4 C:/ST/STM32CubeIDE_1.17.0/STM32CubeIDE/plugins/com.st.stm32cube.ide.mcu.externaltools.gnu-tools-for-stm32.13.3.rel1.win32_1.0.0.202411081344/tools/bin/../lib/gcc/arm-none-eabi/13.3.1/thumb/v7e-m+fp/hard/crti.o
                0x08007f64                _init
 .init          0x08007f68        0x8 C:/ST/STM32CubeIDE_1.17.0/STM32CubeIDE/plugins/com.st.stm32cube.ide.mcu.externaltools.gnu-tools-for-stm32.13.3.rel1.win32_1.0.0.202411081344/tools/bin/../lib/gcc/arm-none-eabi/13.3.1/thumb/v7e-m+fp/hard/crtn.o
 *(.fini)
 .fini          0x08007f70        0x4 C:/ST/STM32CubeIDE_1.17.0/STM32CubeIDE/plugins/com.st.stm32cube.ide.mcu.externaltools.gnu-tools-for-stm32.13.3.rel1.win32_1.0.0.202411081344/tools/bin/../lib/gcc/arm-none-eabi/13.3.1/thumb/v7e-m+fp/hard/crti.o
                0x08007f70                _fini
 .fini          0x08007f74        0x8 C:/ST/STM32CubeIDE_1.17.0/STM32CubeIDE/plugins/com.st.stm32cube.ide.mcu.externaltools.gnu-tools-for-stm32.13.3.rel1.win32_1.0.0.202411081344/tools/bin/../lib/gcc/arm-none-eabi/13.3.1/thumb/v7e-m+fp/hard/crtn.o
                0x08007f7c                        . = ALIGN (0x4)
                0x08007f7c                        _etext = .

.vfp11_veneer   0x08007f7c        0x0
 .vfp11_veneer  0x08007f7c        0x0 linker stubs

.v4_bx          0x08007f7c        0x0
 .v4_bx         0x08007f7c        0x0 linker stubs

.iplt           0x08007f7c        0x0
 .iplt          0x08007f7c        0x0 C:/ST/STM32CubeIDE_1.17.0/STM32CubeIDE/plugins/com.st.stm32cube.ide.mcu.externaltools.gnu-tools-for-stm32.13.3.rel1.win32_1.0.0.202411081344/tools/bin/../lib/gcc/arm-none-eabi/13.3.1/thumb/v7e-m+fp/hard/crtbegin.o

.rodata         0x08007f7c       0x40
                0x08007f7c                        . = ALIGN (0x4)
 *(.rodata)
 *(.rodata*)
 .rodata.AHBPrescTable
                0x08007f7c       0x10 ./Core/Src/system_stm32g4xx.o
                0x08007f7c                AHBPrescTable
 .rodata.APBPrescTable
                0x08007f8c        0x8 ./Core/Src/system_stm32g4xx.o
                0x08007f8c                APBPrescTable
 .rodata.UARTPrescTable
                0x08007f94       0x18 ./Drivers/STM32G4xx_HAL_Driver/Src/stm32g4xx_hal_uart.o
                0x08007f94                UARTPrescTable
 .rodata.numerator.1
                0x08007fac        0x8 ./Drivers/STM32G4xx_HAL_Driver/Src/stm32g4xx_hal_uart_ex.o
 .rodata.denominator.0
                0x08007fb4        0x8 ./Drivers/STM32G4xx_HAL_Driver/Src/stm32g4xx_hal_uart_ex.o
                0x08007fbc                        . = ALIGN (0x4)

.ARM.extab      0x08007fbc        0x0
                0x08007fbc                        . = ALIGN (0x4)
 *(.ARM.extab* .gnu.linkonce.armextab.*)
                0x08007fbc                        . = ALIGN (0x4)

.ARM            0x08007fbc        0x8
                0x08007fbc                        . = ALIGN (0x4)
                0x08007fbc                        __exidx_start = .
 *(.ARM.exidx*)
 .ARM.exidx     0x08007fbc        0x8 C:/ST/STM32CubeIDE_1.17.0/STM32CubeIDE/plugins/com.st.stm32cube.ide.mcu.externaltools.gnu-tools-for-stm32.13.3.rel1.win32_1.0.0.202411081344/tools/bin/../lib/gcc/arm-none-eabi/13.3.1/thumb/v7e-m+fp/hard\libgcc.a(_udivmoddi4.o)
                0x08007fc4                        __exidx_end = .
                0x08007fc4                        . = ALIGN (0x4)

.preinit_array  0x08007fc4        0x0
                0x08007fc4                        . = ALIGN (0x4)
                0x08007fc4                        PROVIDE (__preinit_array_start = .)
 *(.preinit_array*)
                0x08007fc4                        PROVIDE (__preinit_array_end = .)
                0x08007fc4                        . = ALIGN (0x4)

.init_array     0x08007fc4        0x4
                0x08007fc4                        . = ALIGN (0x4)
                0x08007fc4                        PROVIDE (__init_array_start = .)
 *(SORT_BY_NAME(.init_array.*))
 *(.init_array*)
 .init_array    0x08007fc4        0x4 C:/ST/STM32CubeIDE_1.17.0/STM32CubeIDE/plugins/com.st.stm32cube.ide.mcu.externaltools.gnu-tools-for-stm32.13.3.rel1.win32_1.0.0.202411081344/tools/bin/../lib/gcc/arm-none-eabi/13.3.1/thumb/v7e-m+fp/hard/crtbegin.o
                0x08007fc8                        PROVIDE (__init_array_end = .)
                0x08007fc8                        . = ALIGN (0x4)

.fini_array     0x08007fc8        0x4
                0x08007fc8                        . = ALIGN (0x4)
                [!provide]                        PROVIDE (__fini_array_start = .)
 *(SORT_BY_NAME(.fini_array.*))
 *(.fini_array*)
 .fini_array    0x08007fc8        0x4 C:/ST/STM32CubeIDE_1.17.0/STM32CubeIDE/plugins/com.st.stm32cube.ide.mcu.externaltools.gnu-tools-for-stm32.13.3.rel1.win32_1.0.0.202411081344/tools/bin/../lib/gcc/arm-none-eabi/13.3.1/thumb/v7e-m+fp/hard/crtbegin.o
                [!provide]                        PROVIDE (__fini_array_end = .)
                0x08007fcc                        . = ALIGN (0x4)
                0x08007fcc                        _sidata = LOADADDR (.data)

.rel.dyn        0x08007fcc        0x0
 .rel.iplt      0x08007fcc        0x0 C:/ST/STM32CubeIDE_1.17.0/STM32CubeIDE/plugins/com.st.stm32cube.ide.mcu.externaltools.gnu-tools-for-stm32.13.3.rel1.win32_1.0.0.202411081344/tools/bin/../lib/gcc/arm-none-eabi/13.3.1/thumb/v7e-m+fp/hard/crtbegin.o

.data           0x20000000        0xc load address 0x08007fcc
                0x20000000                        . = ALIGN (0x4)
                0x20000000                        _sdata = .
 *(.data)
 *(.data*)
 .data.SystemCoreClock
                0x20000000        0x4 ./Core/Src/system_stm32g4xx.o
                0x20000000                SystemCoreClock
 .data.uwTickPrio
                0x20000004        0x4 ./Drivers/STM32G4xx_HAL_Driver/Src/stm32g4xx_hal.o
                0x20000004                uwTickPrio
 .data.uwTickFreq
                0x20000008        0x4 ./Drivers/STM32G4xx_HAL_Driver/Src/stm32g4xx_hal.o
                0x20000008                uwTickFreq
 *(.RamFunc)
 *(.RamFunc*)
                0x2000000c                        . = ALIGN (0x4)
                0x2000000c                        _edata = .

.igot.plt       0x2000000c        0x0 load address 0x08007fd8
 .igot.plt      0x2000000c        0x0 C:/ST/STM32CubeIDE_1.17.0/STM32CubeIDE/plugins/com.st.stm32cube.ide.mcu.externaltools.gnu-tools-for-stm32.13.3.rel1.win32_1.0.0.202411081344/tools/bin/../lib/gcc/arm-none-eabi/13.3.1/thumb/v7e-m+fp/hard/crtbegin.o
                0x2000000c                        . = ALIGN (0x4)

.bss            0x2000000c      0xa54 load address 0x08007fd8
                0x2000000c                        _sbss = .
                0x2000000c                        __bss_start__ = _sbss
 *(.bss)
 .bss           0x2000000c       0x1c C:/ST/STM32CubeIDE_1.17.0/STM32CubeIDE/plugins/com.st.stm32cube.ide.mcu.externaltools.gnu-tools-for-stm32.13.3.rel1.win32_1.0.0.202411081344/tools/bin/../lib/gcc/arm-none-eabi/13.3.1/thumb/v7e-m+fp/hard/crtbegin.o
 *(.bss*)
 .bss.hadc1     0x20000028       0x6c ./Core/Src/adc.o
                0x20000028                hadc1
 .bss.hdma_adc1
                0x20000094       0x60 ./Core/Src/adc.o
                0x20000094                hdma_adc1
 .bss.QEIReadRawT3
                0x200000f4        0x4 ./Core/Src/main.o
                0x200000f4                QEIReadRawT3
 .bss.QEIReadRawT4
                0x200000f8        0x4 ./Core/Src/main.o
                0x200000f8                QEIReadRawT4
 .bss.b1        0x200000fc        0x2 ./Core/Src/main.o
                0x200000fc                b1
 .bss.b2        0x200000fe        0x2 ./Core/Src/main.o
                0x200000fe                b2
 .bss.b3        0x20000100        0x2 ./Core/Src/main.o
                0x20000100                b3
 .bss.b4        0x20000102        0x2 ./Core/Src/main.o
                0x20000102                b4
 .bss.mx        0x20000104       0xa0 ./Core/Src/main.o
                0x20000104                mx
 .bss.prox      0x200001a4        0x2 ./Core/Src/main.o
                0x200001a4                prox
 .bss.lphoto    0x200001a6        0x2 ./Core/Src/main.o
                0x200001a6                lphoto
 .bss.uphoto    0x200001a8        0x2 ./Core/Src/main.o
                0x200001a8                uphoto
 .bss.llim      0x200001aa        0x2 ./Core/Src/main.o
                0x200001aa                llim
 .bss.ulim      0x200001ac        0x2 ./Core/Src/main.o
                0x200001ac                ulim
 .bss.emer      0x200001ae        0x2 ./Core/Src/main.o
                0x200001ae                emer
 .bss.htim1     0x200001b0       0xcc ./Core/Src/tim.o
                0x200001b0                htim1
 .bss.htim2     0x2000027c       0xcc ./Core/Src/tim.o
                0x2000027c                htim2
 .bss.htim3     0x20000348       0xcc ./Core/Src/tim.o
                0x20000348                htim3
 .bss.htim4     0x20000414       0xcc ./Core/Src/tim.o
                0x20000414                htim4
 .bss.htim5     0x200004e0       0xcc ./Core/Src/tim.o
                0x200004e0                htim5
 .bss.htim8     0x200005ac       0xcc ./Core/Src/tim.o
                0x200005ac                htim8
 .bss.htim16    0x20000678       0xcc ./Core/Src/tim.o
                0x20000678                htim16
 .bss.hlpuart1  0x20000744       0xcc ./Core/Src/usart.o
                0x20000744                hlpuart1
 .bss.huart2    0x20000810       0xcc ./Core/Src/usart.o
                0x20000810                huart2
 .bss.hdma_lpuart1_rx
                0x200008dc       0x60 ./Core/Src/usart.o
                0x200008dc                hdma_lpuart1_rx
 .bss.hdma_lpuart1_tx
                0x2000093c       0x60 ./Core/Src/usart.o
                0x2000093c                hdma_lpuart1_tx
 .bss.hdma_usart2_rx
                0x2000099c       0x60 ./Core/Src/usart.o
                0x2000099c                hdma_usart2_rx
 .bss.hdma_usart2_tx
                0x200009fc       0x60 ./Core/Src/usart.o
                0x200009fc                hdma_usart2_tx
 .bss.uwTick    0x20000a5c        0x4 ./Drivers/STM32G4xx_HAL_Driver/Src/stm32g4xx_hal.o
                0x20000a5c                uwTick
 *(COMMON)
                0x20000a60                        . = ALIGN (0x4)
                0x20000a60                        _ebss = .
                0x20000a60                        __bss_end__ = _ebss

._user_heap_stack
                0x20000a60      0x600 load address 0x08007fd8
                0x20000a60                        . = ALIGN (0x8)
                [!provide]                        PROVIDE (end = .)
                0x20000a60                        PROVIDE (_end = .)
                0x20000c60                        . = (. + _Min_Heap_Size)
 *fill*         0x20000a60      0x200 
                0x20001060                        . = (. + _Min_Stack_Size)
 *fill*         0x20000c60      0x400 
                0x20001060                        . = ALIGN (0x8)

/DISCARD/
 libc.a(*)
 libm.a(*)
 libgcc.a(*)

.ARM.attributes
                0x00000000       0x30
 *(.ARM.attributes)
 .ARM.attributes
                0x00000000       0x22 C:/ST/STM32CubeIDE_1.17.0/STM32CubeIDE/plugins/com.st.stm32cube.ide.mcu.externaltools.gnu-tools-for-stm32.13.3.rel1.win32_1.0.0.202411081344/tools/bin/../lib/gcc/arm-none-eabi/13.3.1/thumb/v7e-m+fp/hard/crti.o
 .ARM.attributes
                0x00000022       0x34 C:/ST/STM32CubeIDE_1.17.0/STM32CubeIDE/plugins/com.st.stm32cube.ide.mcu.externaltools.gnu-tools-for-stm32.13.3.rel1.win32_1.0.0.202411081344/tools/bin/../lib/gcc/arm-none-eabi/13.3.1/thumb/v7e-m+fp/hard/crtbegin.o
 .ARM.attributes
                0x00000056       0x34 ./Core/Src/adc.o
 .ARM.attributes
                0x0000008a       0x34 ./Core/Src/dma.o
 .ARM.attributes
                0x000000be       0x34 ./Core/Src/gpio.o
 .ARM.attributes
                0x000000f2       0x34 ./Core/Src/main.o
 .ARM.attributes
                0x00000126       0x34 ./Core/Src/stm32g4xx_hal_msp.o
 .ARM.attributes
                0x0000015a       0x34 ./Core/Src/stm32g4xx_it.o
 .ARM.attributes
                0x0000018e       0x34 ./Core/Src/system_stm32g4xx.o
 .ARM.attributes
                0x000001c2       0x34 ./Core/Src/tim.o
 .ARM.attributes
                0x000001f6       0x34 ./Core/Src/usart.o
 .ARM.attributes
                0x0000022a       0x21 ./Core/Startup/startup_stm32g474retx.o
 .ARM.attributes
                0x0000024b       0x34 ./Drivers/STM32G4xx_HAL_Driver/Src/stm32g4xx_hal.o
 .ARM.attributes
                0x0000027f       0x34 ./Drivers/STM32G4xx_HAL_Driver/Src/stm32g4xx_hal_adc.o
 .ARM.attributes
                0x000002b3       0x34 ./Drivers/STM32G4xx_HAL_Driver/Src/stm32g4xx_hal_adc_ex.o
 .ARM.attributes
                0x000002e7       0x34 ./Drivers/STM32G4xx_HAL_Driver/Src/stm32g4xx_hal_cortex.o
 .ARM.attributes
                0x0000031b       0x34 ./Drivers/STM32G4xx_HAL_Driver/Src/stm32g4xx_hal_dma.o
 .ARM.attributes
                0x0000034f       0x34 ./Drivers/STM32G4xx_HAL_Driver/Src/stm32g4xx_hal_gpio.o
 .ARM.attributes
                0x00000383       0x34 ./Drivers/STM32G4xx_HAL_Driver/Src/stm32g4xx_hal_pwr_ex.o
 .ARM.attributes
                0x000003b7       0x34 ./Drivers/STM32G4xx_HAL_Driver/Src/stm32g4xx_hal_rcc.o
 .ARM.attributes
                0x000003eb       0x34 ./Drivers/STM32G4xx_HAL_Driver/Src/stm32g4xx_hal_rcc_ex.o
 .ARM.attributes
                0x0000041f       0x34 ./Drivers/STM32G4xx_HAL_Driver/Src/stm32g4xx_hal_tim.o
 .ARM.attributes
                0x00000453       0x34 ./Drivers/STM32G4xx_HAL_Driver/Src/stm32g4xx_hal_tim_ex.o
 .ARM.attributes
                0x00000487       0x34 ./Drivers/STM32G4xx_HAL_Driver/Src/stm32g4xx_hal_uart.o
 .ARM.attributes
                0x000004bb       0x34 ./Drivers/STM32G4xx_HAL_Driver/Src/stm32g4xx_hal_uart_ex.o
 .ARM.attributes
                0x000004ef       0x34 C:/ST/STM32CubeIDE_1.17.0/STM32CubeIDE/plugins/com.st.stm32cube.ide.mcu.externaltools.gnu-tools-for-stm32.13.3.rel1.win32_1.0.0.202411081344/tools/bin/../lib/gcc/arm-none-eabi/13.3.1/../../../../arm-none-eabi/lib/thumb/v7e-m+fp/hard\libc_nano.a(libc_a-memset.o)
 .ARM.attributes
                0x00000523       0x34 C:/ST/STM32CubeIDE_1.17.0/STM32CubeIDE/plugins/com.st.stm32cube.ide.mcu.externaltools.gnu-tools-for-stm32.13.3.rel1.win32_1.0.0.202411081344/tools/bin/../lib/gcc/arm-none-eabi/13.3.1/../../../../arm-none-eabi/lib/thumb/v7e-m+fp/hard\libc_nano.a(libc_a-init.o)
 .ARM.attributes
                0x00000557       0x22 C:/ST/STM32CubeIDE_1.17.0/STM32CubeIDE/plugins/com.st.stm32cube.ide.mcu.externaltools.gnu-tools-for-stm32.13.3.rel1.win32_1.0.0.202411081344/tools/bin/../lib/gcc/arm-none-eabi/13.3.1/thumb/v7e-m+fp/hard\libgcc.a(_aeabi_uldivmod.o)
 .ARM.attributes
                0x00000579       0x34 C:/ST/STM32CubeIDE_1.17.0/STM32CubeIDE/plugins/com.st.stm32cube.ide.mcu.externaltools.gnu-tools-for-stm32.13.3.rel1.win32_1.0.0.202411081344/tools/bin/../lib/gcc/arm-none-eabi/13.3.1/thumb/v7e-m+fp/hard\libgcc.a(_udivmoddi4.o)
 .ARM.attributes
                0x000005ad       0x22 C:/ST/STM32CubeIDE_1.17.0/STM32CubeIDE/plugins/com.st.stm32cube.ide.mcu.externaltools.gnu-tools-for-stm32.13.3.rel1.win32_1.0.0.202411081344/tools/bin/../lib/gcc/arm-none-eabi/13.3.1/thumb/v7e-m+fp/hard\libgcc.a(_dvmd_tls.o)
 .ARM.attributes
                0x000005cf       0x22 C:/ST/STM32CubeIDE_1.17.0/STM32CubeIDE/plugins/com.st.stm32cube.ide.mcu.externaltools.gnu-tools-for-stm32.13.3.rel1.win32_1.0.0.202411081344/tools/bin/../lib/gcc/arm-none-eabi/13.3.1/thumb/v7e-m+fp/hard/crtn.o
OUTPUT(plotter_testing.elf elf32-littlearm)
LOAD linker stubs
LOAD C:/ST/STM32CubeIDE_1.17.0/STM32CubeIDE/plugins/com.st.stm32cube.ide.mcu.externaltools.gnu-tools-for-stm32.13.3.rel1.win32_1.0.0.202411081344/tools/bin/../lib/gcc/arm-none-eabi/13.3.1/../../../../arm-none-eabi/lib/thumb/v7e-m+fp/hard\libc.a
LOAD C:/ST/STM32CubeIDE_1.17.0/STM32CubeIDE/plugins/com.st.stm32cube.ide.mcu.externaltools.gnu-tools-for-stm32.13.3.rel1.win32_1.0.0.202411081344/tools/bin/../lib/gcc/arm-none-eabi/13.3.1/../../../../arm-none-eabi/lib/thumb/v7e-m+fp/hard\libm.a
LOAD C:/ST/STM32CubeIDE_1.17.0/STM32CubeIDE/plugins/com.st.stm32cube.ide.mcu.externaltools.gnu-tools-for-stm32.13.3.rel1.win32_1.0.0.202411081344/tools/bin/../lib/gcc/arm-none-eabi/13.3.1/thumb/v7e-m+fp/hard\libgcc.a

.debug_info     0x00000000    0x1a6d8
 .debug_info    0x00000000      0xf8a ./Core/Src/adc.o
 .debug_info    0x00000f8a      0x5ac ./Core/Src/dma.o
 .debug_info    0x00001536      0x75e ./Core/Src/gpio.o
 .debug_info    0x00001c94     0x1316 ./Core/Src/main.o
 .debug_info    0x00002faa      0x2da ./Core/Src/stm32g4xx_hal_msp.o
 .debug_info    0x00003284     0x107a ./Core/Src/stm32g4xx_it.o
 .debug_info    0x000042fe      0x58e ./Core/Src/system_stm32g4xx.o
 .debug_info    0x0000488c     0x1832 ./Core/Src/tim.o
 .debug_info    0x000060be     0x1241 ./Core/Src/usart.o
 .debug_info    0x000072ff       0x30 ./Core/Startup/startup_stm32g474retx.o
 .debug_info    0x0000732f      0xb95 ./Drivers/STM32G4xx_HAL_Driver/Src/stm32g4xx_hal.o
 .debug_info    0x00007ec4     0x2063 ./Drivers/STM32G4xx_HAL_Driver/Src/stm32g4xx_hal_adc.o
 .debug_info    0x00009f27     0x1d80 ./Drivers/STM32G4xx_HAL_Driver/Src/stm32g4xx_hal_adc_ex.o
 .debug_info    0x0000bca7      0xdf9 ./Drivers/STM32G4xx_HAL_Driver/Src/stm32g4xx_hal_cortex.o
 .debug_info    0x0000caa0      0x85f ./Drivers/STM32G4xx_HAL_Driver/Src/stm32g4xx_hal_dma.o
 .debug_info    0x0000d2ff      0x763 ./Drivers/STM32G4xx_HAL_Driver/Src/stm32g4xx_hal_gpio.o
 .debug_info    0x0000da62      0x93f ./Drivers/STM32G4xx_HAL_Driver/Src/stm32g4xx_hal_pwr_ex.o
 .debug_info    0x0000e3a1      0xbe0 ./Drivers/STM32G4xx_HAL_Driver/Src/stm32g4xx_hal_rcc.o
 .debug_info    0x0000ef81      0xc45 ./Drivers/STM32G4xx_HAL_Driver/Src/stm32g4xx_hal_rcc_ex.o
 .debug_info    0x0000fbc6     0x301a ./Drivers/STM32G4xx_HAL_Driver/Src/stm32g4xx_hal_tim.o
 .debug_info    0x00012be0     0x1f5e ./Drivers/STM32G4xx_HAL_Driver/Src/stm32g4xx_hal_tim_ex.o
 .debug_info    0x00014b3e     0x4ad2 ./Drivers/STM32G4xx_HAL_Driver/Src/stm32g4xx_hal_uart.o
 .debug_info    0x00019610     0x10c8 ./Drivers/STM32G4xx_HAL_Driver/Src/stm32g4xx_hal_uart_ex.o

.debug_abbrev   0x00000000     0x31cd
 .debug_abbrev  0x00000000      0x204 ./Core/Src/adc.o
 .debug_abbrev  0x00000204      0x109 ./Core/Src/dma.o
 .debug_abbrev  0x0000030d      0x15b ./Core/Src/gpio.o
 .debug_abbrev  0x00000468      0x289 ./Core/Src/main.o
 .debug_abbrev  0x000006f1       0xd9 ./Core/Src/stm32g4xx_hal_msp.o
 .debug_abbrev  0x000007ca      0x1f7 ./Core/Src/stm32g4xx_it.o
 .debug_abbrev  0x000009c1      0x11a ./Core/Src/system_stm32g4xx.o
 .debug_abbrev  0x00000adb      0x2b8 ./Core/Src/tim.o
 .debug_abbrev  0x00000d93      0x257 ./Core/Src/usart.o
 .debug_abbrev  0x00000fea       0x24 ./Core/Startup/startup_stm32g474retx.o
 .debug_abbrev  0x0000100e      0x271 ./Drivers/STM32G4xx_HAL_Driver/Src/stm32g4xx_hal.o
 .debug_abbrev  0x0000127f      0x2d3 ./Drivers/STM32G4xx_HAL_Driver/Src/stm32g4xx_hal_adc.o
 .debug_abbrev  0x00001552      0x2ee ./Drivers/STM32G4xx_HAL_Driver/Src/stm32g4xx_hal_adc_ex.o
 .debug_abbrev  0x00001840      0x31c ./Drivers/STM32G4xx_HAL_Driver/Src/stm32g4xx_hal_cortex.o
 .debug_abbrev  0x00001b5c      0x1e2 ./Drivers/STM32G4xx_HAL_Driver/Src/stm32g4xx_hal_dma.o
 .debug_abbrev  0x00001d3e      0x1cb ./Drivers/STM32G4xx_HAL_Driver/Src/stm32g4xx_hal_gpio.o
 .debug_abbrev  0x00001f09      0x22c ./Drivers/STM32G4xx_HAL_Driver/Src/stm32g4xx_hal_pwr_ex.o
 .debug_abbrev  0x00002135      0x2c9 ./Drivers/STM32G4xx_HAL_Driver/Src/stm32g4xx_hal_rcc.o
 .debug_abbrev  0x000023fe      0x258 ./Drivers/STM32G4xx_HAL_Driver/Src/stm32g4xx_hal_rcc_ex.o
 .debug_abbrev  0x00002656      0x2b8 ./Drivers/STM32G4xx_HAL_Driver/Src/stm32g4xx_hal_tim.o
 .debug_abbrev  0x0000290e      0x2d6 ./Drivers/STM32G4xx_HAL_Driver/Src/stm32g4xx_hal_tim_ex.o
 .debug_abbrev  0x00002be4      0x317 ./Drivers/STM32G4xx_HAL_Driver/Src/stm32g4xx_hal_uart.o
 .debug_abbrev  0x00002efb      0x2d2 ./Drivers/STM32G4xx_HAL_Driver/Src/stm32g4xx_hal_uart_ex.o

.debug_aranges  0x00000000     0x15e0
 .debug_aranges
                0x00000000       0x30 ./Core/Src/adc.o
 .debug_aranges
                0x00000030       0x20 ./Core/Src/dma.o
 .debug_aranges
                0x00000050       0x20 ./Core/Src/gpio.o
 .debug_aranges
                0x00000070       0x30 ./Core/Src/main.o
 .debug_aranges
                0x000000a0       0x20 ./Core/Src/stm32g4xx_hal_msp.o
 .debug_aranges
                0x000000c0       0xd8 ./Core/Src/stm32g4xx_it.o
 .debug_aranges
                0x00000198       0x28 ./Core/Src/system_stm32g4xx.o
 .debug_aranges
                0x000001c0       0x88 ./Core/Src/tim.o
 .debug_aranges
                0x00000248       0x38 ./Core/Src/usart.o
 .debug_aranges
                0x00000280       0x28 ./Core/Startup/startup_stm32g474retx.o
 .debug_aranges
                0x000002a8      0x148 ./Drivers/STM32G4xx_HAL_Driver/Src/stm32g4xx_hal.o
 .debug_aranges
                0x000003f0      0x248 ./Drivers/STM32G4xx_HAL_Driver/Src/stm32g4xx_hal_adc.o
 .debug_aranges
                0x00000638      0x1c0 ./Drivers/STM32G4xx_HAL_Driver/Src/stm32g4xx_hal_adc_ex.o
 .debug_aranges
                0x000007f8      0x128 ./Drivers/STM32G4xx_HAL_Driver/Src/stm32g4xx_hal_cortex.o
 .debug_aranges
                0x00000920       0x90 ./Drivers/STM32G4xx_HAL_Driver/Src/stm32g4xx_hal_dma.o
 .debug_aranges
                0x000009b0       0x58 ./Drivers/STM32G4xx_HAL_Driver/Src/stm32g4xx_hal_gpio.o
 .debug_aranges
                0x00000a08      0x140 ./Drivers/STM32G4xx_HAL_Driver/Src/stm32g4xx_hal_pwr_ex.o
 .debug_aranges
                0x00000b48       0x98 ./Drivers/STM32G4xx_HAL_Driver/Src/stm32g4xx_hal_rcc.o
 .debug_aranges
                0x00000be0       0xb0 ./Drivers/STM32G4xx_HAL_Driver/Src/stm32g4xx_hal_rcc_ex.o
 .debug_aranges
                0x00000c90      0x3f8 ./Drivers/STM32G4xx_HAL_Driver/Src/stm32g4xx_hal_tim.o
 .debug_aranges
                0x00001088      0x240 ./Drivers/STM32G4xx_HAL_Driver/Src/stm32g4xx_hal_tim_ex.o
 .debug_aranges
                0x000012c8      0x270 ./Drivers/STM32G4xx_HAL_Driver/Src/stm32g4xx_hal_uart.o
 .debug_aranges
                0x00001538       0xa8 ./Drivers/STM32G4xx_HAL_Driver/Src/stm32g4xx_hal_uart_ex.o

.debug_rnglists
                0x00000000     0x1106
 .debug_rnglists
                0x00000000       0x21 ./Core/Src/adc.o
 .debug_rnglists
                0x00000021       0x14 ./Core/Src/dma.o
 .debug_rnglists
                0x00000035       0x14 ./Core/Src/gpio.o
 .debug_rnglists
                0x00000049       0x21 ./Core/Src/main.o
 .debug_rnglists
                0x0000006a       0x13 ./Core/Src/stm32g4xx_hal_msp.o
 .debug_rnglists
                0x0000007d       0x9d ./Core/Src/stm32g4xx_it.o
 .debug_rnglists
                0x0000011a       0x1a ./Core/Src/system_stm32g4xx.o
 .debug_rnglists
                0x00000134       0x6b ./Core/Src/tim.o
 .debug_rnglists
                0x0000019f       0x29 ./Core/Src/usart.o
 .debug_rnglists
                0x000001c8       0x19 ./Core/Startup/startup_stm32g474retx.o
 .debug_rnglists
                0x000001e1       0xf1 ./Drivers/STM32G4xx_HAL_Driver/Src/stm32g4xx_hal.o
 .debug_rnglists
                0x000002d2      0x1c0 ./Drivers/STM32G4xx_HAL_Driver/Src/stm32g4xx_hal_adc.o
 .debug_rnglists
                0x00000492      0x15a ./Drivers/STM32G4xx_HAL_Driver/Src/stm32g4xx_hal_adc_ex.o
 .debug_rnglists
                0x000005ec       0xda ./Drivers/STM32G4xx_HAL_Driver/Src/stm32g4xx_hal_cortex.o
 .debug_rnglists
                0x000006c6       0x71 ./Drivers/STM32G4xx_HAL_Driver/Src/stm32g4xx_hal_dma.o
 .debug_rnglists
                0x00000737       0x3f ./Drivers/STM32G4xx_HAL_Driver/Src/stm32g4xx_hal_gpio.o
 .debug_rnglists
                0x00000776       0xf1 ./Drivers/STM32G4xx_HAL_Driver/Src/stm32g4xx_hal_pwr_ex.o
 .debug_rnglists
                0x00000867       0x74 ./Drivers/STM32G4xx_HAL_Driver/Src/stm32g4xx_hal_rcc.o
 .debug_rnglists
                0x000008db       0x87 ./Drivers/STM32G4xx_HAL_Driver/Src/stm32g4xx_hal_rcc_ex.o
 .debug_rnglists
                0x00000962      0x33d ./Drivers/STM32G4xx_HAL_Driver/Src/stm32g4xx_hal_tim.o
 .debug_rnglists
                0x00000c9f      0x1cc ./Drivers/STM32G4xx_HAL_Driver/Src/stm32g4xx_hal_tim_ex.o
 .debug_rnglists
                0x00000e6b      0x21c ./Drivers/STM32G4xx_HAL_Driver/Src/stm32g4xx_hal_uart.o
 .debug_rnglists
                0x00001087       0x7f ./Drivers/STM32G4xx_HAL_Driver/Src/stm32g4xx_hal_uart_ex.o

.debug_macro    0x00000000    0x2860d
 .debug_macro   0x00000000      0x20a ./Core/Src/adc.o
 .debug_macro   0x0000020a      0xad8 ./Core/Src/adc.o
 .debug_macro   0x00000ce2      0x161 ./Core/Src/adc.o
 .debug_macro   0x00000e43       0x2e ./Core/Src/adc.o
 .debug_macro   0x00000e71       0x28 ./Core/Src/adc.o
 .debug_macro   0x00000e99       0x22 ./Core/Src/adc.o
 .debug_macro   0x00000ebb       0x8e ./Core/Src/adc.o
 .debug_macro   0x00000f49       0x51 ./Core/Src/adc.o
 .debug_macro   0x00000f9a      0x103 ./Core/Src/adc.o
 .debug_macro   0x0000109d       0x6a ./Core/Src/adc.o
 .debug_macro   0x00001107      0x1df ./Core/Src/adc.o
 .debug_macro   0x000012e6       0x1c ./Core/Src/adc.o
 .debug_macro   0x00001302       0x22 ./Core/Src/adc.o
 .debug_macro   0x00001324       0xfb ./Core/Src/adc.o
 .debug_macro   0x0000141f     0x1011 ./Core/Src/adc.o
 .debug_macro   0x00002430      0x11f ./Core/Src/adc.o
 .debug_macro   0x0000254f    0x18b8c ./Core/Src/adc.o
 .debug_macro   0x0001b0db       0x6d ./Core/Src/adc.o
 .debug_macro   0x0001b148     0x3558 ./Core/Src/adc.o
 .debug_macro   0x0001e6a0      0x190 ./Core/Src/adc.o
 .debug_macro   0x0001e830       0x5c ./Core/Src/adc.o
 .debug_macro   0x0001e88c     0x171f ./Core/Src/adc.o
 .debug_macro   0x0001ffab      0x600 ./Core/Src/adc.o
 .debug_macro   0x000205ab      0x1b6 ./Core/Src/adc.o
 .debug_macro   0x00020761      0x34a ./Core/Src/adc.o
 .debug_macro   0x00020aab      0x53c ./Core/Src/adc.o
 .debug_macro   0x00020fe7      0x18b ./Core/Src/adc.o
 .debug_macro   0x00021172       0x43 ./Core/Src/adc.o
 .debug_macro   0x000211b5      0x23d ./Core/Src/adc.o
 .debug_macro   0x000213f2     0x1112 ./Core/Src/adc.o
 .debug_macro   0x00022504      0x72e ./Core/Src/adc.o
 .debug_macro   0x00022c32      0x391 ./Core/Src/adc.o
 .debug_macro   0x00022fc3      0x211 ./Core/Src/adc.o
 .debug_macro   0x000231d4      0x45c ./Core/Src/adc.o
 .debug_macro   0x00023630      0x11c ./Core/Src/adc.o
 .debug_macro   0x0002374c      0x122 ./Core/Src/adc.o
 .debug_macro   0x0002386e      0x3d1 ./Core/Src/adc.o
 .debug_macro   0x00023c3f      0xc0b ./Core/Src/adc.o
 .debug_macro   0x0002484a      0x718 ./Core/Src/adc.o
 .debug_macro   0x00024f62      0x69a ./Core/Src/adc.o
 .debug_macro   0x000255fc       0xa6 ./Core/Src/adc.o
 .debug_macro   0x000256a2      0x358 ./Core/Src/adc.o
 .debug_macro   0x000259fa      0x124 ./Core/Src/adc.o
 .debug_macro   0x00025b1e      0x20a ./Core/Src/dma.o
 .debug_macro   0x00025d28      0x20a ./Core/Src/gpio.o
 .debug_macro   0x00025f32      0x236 ./Core/Src/main.o
 .debug_macro   0x00026168      0x200 ./Core/Src/stm32g4xx_hal_msp.o
 .debug_macro   0x00026368      0x20a ./Core/Src/stm32g4xx_it.o
 .debug_macro   0x00026572      0x1f1 ./Core/Src/system_stm32g4xx.o
 .debug_macro   0x00026763      0x20a ./Core/Src/tim.o
 .debug_macro   0x0002696d      0x20a ./Core/Src/usart.o
 .debug_macro   0x00026b77      0x23f ./Drivers/STM32G4xx_HAL_Driver/Src/stm32g4xx_hal.o
 .debug_macro   0x00026db6      0x20e ./Drivers/STM32G4xx_HAL_Driver/Src/stm32g4xx_hal_adc.o
 .debug_macro   0x00026fc4      0x1fd ./Drivers/STM32G4xx_HAL_Driver/Src/stm32g4xx_hal_adc_ex.o
 .debug_macro   0x000271c1      0x1f1 ./Drivers/STM32G4xx_HAL_Driver/Src/stm32g4xx_hal_cortex.o
 .debug_macro   0x000273b2      0x1f1 ./Drivers/STM32G4xx_HAL_Driver/Src/stm32g4xx_hal_dma.o
 .debug_macro   0x000275a3      0x1f8 ./Drivers/STM32G4xx_HAL_Driver/Src/stm32g4xx_hal_gpio.o
 .debug_macro   0x0002779b      0x21b ./Drivers/STM32G4xx_HAL_Driver/Src/stm32g4xx_hal_pwr_ex.o
 .debug_macro   0x000279b6      0x233 ./Drivers/STM32G4xx_HAL_Driver/Src/stm32g4xx_hal_rcc.o
 .debug_macro   0x00027be9      0x21b ./Drivers/STM32G4xx_HAL_Driver/Src/stm32g4xx_hal_rcc_ex.o
 .debug_macro   0x00027e04      0x1f9 ./Drivers/STM32G4xx_HAL_Driver/Src/stm32g4xx_hal_tim.o
 .debug_macro   0x00027ffd      0x1f7 ./Drivers/STM32G4xx_HAL_Driver/Src/stm32g4xx_hal_tim_ex.o
 .debug_macro   0x000281f4      0x21c ./Drivers/STM32G4xx_HAL_Driver/Src/stm32g4xx_hal_uart.o
 .debug_macro   0x00028410      0x1fd ./Drivers/STM32G4xx_HAL_Driver/Src/stm32g4xx_hal_uart_ex.o

.debug_line     0x00000000    0x1a00e
 .debug_line    0x00000000      0x8ab ./Core/Src/adc.o
 .debug_line    0x000008ab      0x7ad ./Core/Src/dma.o
 .debug_line    0x00001058      0x81e ./Core/Src/gpio.o
 .debug_line    0x00001876      0x917 ./Core/Src/main.o
 .debug_line    0x0000218d      0x7a9 ./Core/Src/stm32g4xx_hal_msp.o
 .debug_line    0x00002936      0x9c4 ./Core/Src/stm32g4xx_it.o
 .debug_line    0x000032fa      0x815 ./Core/Src/system_stm32g4xx.o
 .debug_line    0x00003b0f      0xc87 ./Core/Src/tim.o
 .debug_line    0x00004796      0x9b7 ./Core/Src/usart.o
 .debug_line    0x0000514d       0x7b ./Core/Startup/startup_stm32g474retx.o
 .debug_line    0x000051c8      0xbe1 ./Drivers/STM32G4xx_HAL_Driver/Src/stm32g4xx_hal.o
 .debug_line    0x00005da9     0x22b0 ./Drivers/STM32G4xx_HAL_Driver/Src/stm32g4xx_hal_adc.o
 .debug_line    0x00008059     0x1c08 ./Drivers/STM32G4xx_HAL_Driver/Src/stm32g4xx_hal_adc_ex.o
 .debug_line    0x00009c61      0xd46 ./Drivers/STM32G4xx_HAL_Driver/Src/stm32g4xx_hal_cortex.o
 .debug_line    0x0000a9a7      0xee0 ./Drivers/STM32G4xx_HAL_Driver/Src/stm32g4xx_hal_dma.o
 .debug_line    0x0000b887      0xbba ./Drivers/STM32G4xx_HAL_Driver/Src/stm32g4xx_hal_gpio.o
 .debug_line    0x0000c441      0xd40 ./Drivers/STM32G4xx_HAL_Driver/Src/stm32g4xx_hal_pwr_ex.o
 .debug_line    0x0000d181     0x1064 ./Drivers/STM32G4xx_HAL_Driver/Src/stm32g4xx_hal_rcc.o
 .debug_line    0x0000e1e5     0x12d9 ./Drivers/STM32G4xx_HAL_Driver/Src/stm32g4xx_hal_rcc_ex.o
 .debug_line    0x0000f4be     0x445b ./Drivers/STM32G4xx_HAL_Driver/Src/stm32g4xx_hal_tim.o
 .debug_line    0x00013919     0x2109 ./Drivers/STM32G4xx_HAL_Driver/Src/stm32g4xx_hal_tim_ex.o
 .debug_line    0x00015a22     0x38c9 ./Drivers/STM32G4xx_HAL_Driver/Src/stm32g4xx_hal_uart.o
 .debug_line    0x000192eb      0xd23 ./Drivers/STM32G4xx_HAL_Driver/Src/stm32g4xx_hal_uart_ex.o

.debug_str      0x00000000   0x10fd81
 .debug_str     0x00000000   0x10fd81 ./Core/Src/adc.o
                             0x109741 (size before relaxing)
 .debug_str     0x0010fd81   0x109429 ./Core/Src/dma.o
 .debug_str     0x0010fd81   0x1094f7 ./Core/Src/gpio.o
 .debug_str     0x0010fd81   0x109c0d ./Core/Src/main.o
 .debug_str     0x0010fd81   0x108df3 ./Core/Src/stm32g4xx_hal_msp.o
 .debug_str     0x0010fd81   0x109b8e ./Core/Src/stm32g4xx_it.o
 .debug_str     0x0010fd81   0x1089f4 ./Core/Src/system_stm32g4xx.o
 .debug_str     0x0010fd81   0x10a2bf ./Core/Src/tim.o
 .debug_str     0x0010fd81   0x109e71 ./Core/Src/usart.o
 .debug_str     0x0010fd81       0x6f ./Core/Startup/startup_stm32g474retx.o
 .debug_str     0x0010fd81   0x109706 ./Drivers/STM32G4xx_HAL_Driver/Src/stm32g4xx_hal.o
 .debug_str     0x0010fd81   0x109a21 ./Drivers/STM32G4xx_HAL_Driver/Src/stm32g4xx_hal_adc.o
 .debug_str     0x0010fd81   0x1099c7 ./Drivers/STM32G4xx_HAL_Driver/Src/stm32g4xx_hal_adc_ex.o
 .debug_str     0x0010fd81   0x1093c2 ./Drivers/STM32G4xx_HAL_Driver/Src/stm32g4xx_hal_cortex.o
 .debug_str     0x0010fd81   0x108dce ./Drivers/STM32G4xx_HAL_Driver/Src/stm32g4xx_hal_dma.o
 .debug_str     0x0010fd81   0x108b7f ./Drivers/STM32G4xx_HAL_Driver/Src/stm32g4xx_hal_gpio.o
 .debug_str     0x0010fd81   0x108ee2 ./Drivers/STM32G4xx_HAL_Driver/Src/stm32g4xx_hal_pwr_ex.o
 .debug_str     0x0010fd81   0x109113 ./Drivers/STM32G4xx_HAL_Driver/Src/stm32g4xx_hal_rcc.o
 .debug_str     0x0010fd81   0x10913d ./Drivers/STM32G4xx_HAL_Driver/Src/stm32g4xx_hal_rcc_ex.o
 .debug_str     0x0010fd81   0x10a655 ./Drivers/STM32G4xx_HAL_Driver/Src/stm32g4xx_hal_tim.o
 .debug_str     0x0010fd81   0x109e29 ./Drivers/STM32G4xx_HAL_Driver/Src/stm32g4xx_hal_tim_ex.o
 .debug_str     0x0010fd81   0x109d21 ./Drivers/STM32G4xx_HAL_Driver/Src/stm32g4xx_hal_uart.o
 .debug_str     0x0010fd81   0x1092c8 ./Drivers/STM32G4xx_HAL_Driver/Src/stm32g4xx_hal_uart_ex.o

.comment        0x00000000       0x43
 .comment       0x00000000       0x43 ./Core/Src/adc.o
                                 0x44 (size before relaxing)
 .comment       0x00000043       0x44 ./Core/Src/dma.o
 .comment       0x00000043       0x44 ./Core/Src/gpio.o
 .comment       0x00000043       0x44 ./Core/Src/main.o
 .comment       0x00000043       0x44 ./Core/Src/stm32g4xx_hal_msp.o
 .comment       0x00000043       0x44 ./Core/Src/stm32g4xx_it.o
 .comment       0x00000043       0x44 ./Core/Src/system_stm32g4xx.o
 .comment       0x00000043       0x44 ./Core/Src/tim.o
 .comment       0x00000043       0x44 ./Core/Src/usart.o
 .comment       0x00000043       0x44 ./Drivers/STM32G4xx_HAL_Driver/Src/stm32g4xx_hal.o
 .comment       0x00000043       0x44 ./Drivers/STM32G4xx_HAL_Driver/Src/stm32g4xx_hal_adc.o
 .comment       0x00000043       0x44 ./Drivers/STM32G4xx_HAL_Driver/Src/stm32g4xx_hal_adc_ex.o
 .comment       0x00000043       0x44 ./Drivers/STM32G4xx_HAL_Driver/Src/stm32g4xx_hal_cortex.o
 .comment       0x00000043       0x44 ./Drivers/STM32G4xx_HAL_Driver/Src/stm32g4xx_hal_dma.o
 .comment       0x00000043       0x44 ./Drivers/STM32G4xx_HAL_Driver/Src/stm32g4xx_hal_gpio.o
 .comment       0x00000043       0x44 ./Drivers/STM32G4xx_HAL_Driver/Src/stm32g4xx_hal_pwr_ex.o
 .comment       0x00000043       0x44 ./Drivers/STM32G4xx_HAL_Driver/Src/stm32g4xx_hal_rcc.o
 .comment       0x00000043       0x44 ./Drivers/STM32G4xx_HAL_Driver/Src/stm32g4xx_hal_rcc_ex.o
 .comment       0x00000043       0x44 ./Drivers/STM32G4xx_HAL_Driver/Src/stm32g4xx_hal_tim.o
 .comment       0x00000043       0x44 ./Drivers/STM32G4xx_HAL_Driver/Src/stm32g4xx_hal_tim_ex.o
 .comment       0x00000043       0x44 ./Drivers/STM32G4xx_HAL_Driver/Src/stm32g4xx_hal_uart.o
 .comment       0x00000043       0x44 ./Drivers/STM32G4xx_HAL_Driver/Src/stm32g4xx_hal_uart_ex.o

.debug_frame    0x00000000     0x5d38
 .debug_frame   0x00000000       0x80 ./Core/Src/adc.o
 .debug_frame   0x00000080       0x34 ./Core/Src/dma.o
 .debug_frame   0x000000b4       0x34 ./Core/Src/gpio.o
 .debug_frame   0x000000e8       0x68 ./Core/Src/main.o
 .debug_frame   0x00000150       0x34 ./Core/Src/stm32g4xx_hal_msp.o
 .debug_frame   0x00000184      0x2a8 ./Core/Src/stm32g4xx_it.o
 .debug_frame   0x0000042c       0x58 ./Core/Src/system_stm32g4xx.o
 .debug_frame   0x00000484      0x204 ./Core/Src/tim.o
 .debug_frame   0x00000688       0x94 ./Core/Src/usart.o
 .debug_frame   0x0000071c      0x500 ./Drivers/STM32G4xx_HAL_Driver/Src/stm32g4xx_hal.o
 .debug_frame   0x00000c1c      0xacc ./Drivers/STM32G4xx_HAL_Driver/Src/stm32g4xx_hal_adc.o
 .debug_frame   0x000016e8      0x81c ./Drivers/STM32G4xx_HAL_Driver/Src/stm32g4xx_hal_adc_ex.o
 .debug_frame   0x00001f04      0x4e8 ./Drivers/STM32G4xx_HAL_Driver/Src/stm32g4xx_hal_cortex.o
 .debug_frame   0x000023ec      0x24c ./Drivers/STM32G4xx_HAL_Driver/Src/stm32g4xx_hal_dma.o
 .debug_frame   0x00002638      0x14c ./Drivers/STM32G4xx_HAL_Driver/Src/stm32g4xx_hal_gpio.o
 .debug_frame   0x00002784      0x4fc ./Drivers/STM32G4xx_HAL_Driver/Src/stm32g4xx_hal_pwr_ex.o
 .debug_frame   0x00002c80      0x23c ./Drivers/STM32G4xx_HAL_Driver/Src/stm32g4xx_hal_rcc.o
 .debug_frame   0x00002ebc      0x2ac ./Drivers/STM32G4xx_HAL_Driver/Src/stm32g4xx_hal_rcc_ex.o
 .debug_frame   0x00003168     0x1298 ./Drivers/STM32G4xx_HAL_Driver/Src/stm32g4xx_hal_tim.o
 .debug_frame   0x00004400      0xa70 ./Drivers/STM32G4xx_HAL_Driver/Src/stm32g4xx_hal_tim_ex.o
 .debug_frame   0x00004e70      0xb5c ./Drivers/STM32G4xx_HAL_Driver/Src/stm32g4xx_hal_uart.o
 .debug_frame   0x000059cc      0x2c0 ./Drivers/STM32G4xx_HAL_Driver/Src/stm32g4xx_hal_uart_ex.o
 .debug_frame   0x00005c8c       0x20 C:/ST/STM32CubeIDE_1.17.0/STM32CubeIDE/plugins/com.st.stm32cube.ide.mcu.externaltools.gnu-tools-for-stm32.13.3.rel1.win32_1.0.0.202411081344/tools/bin/../lib/gcc/arm-none-eabi/13.3.1/../../../../arm-none-eabi/lib/thumb/v7e-m+fp/hard\libc_nano.a(libc_a-memset.o)
 .debug_frame   0x00005cac       0x2c C:/ST/STM32CubeIDE_1.17.0/STM32CubeIDE/plugins/com.st.stm32cube.ide.mcu.externaltools.gnu-tools-for-stm32.13.3.rel1.win32_1.0.0.202411081344/tools/bin/../lib/gcc/arm-none-eabi/13.3.1/../../../../arm-none-eabi/lib/thumb/v7e-m+fp/hard\libc_nano.a(libc_a-init.o)
 .debug_frame   0x00005cd8       0x2c C:/ST/STM32CubeIDE_1.17.0/STM32CubeIDE/plugins/com.st.stm32cube.ide.mcu.externaltools.gnu-tools-for-stm32.13.3.rel1.win32_1.0.0.202411081344/tools/bin/../lib/gcc/arm-none-eabi/13.3.1/thumb/v7e-m+fp/hard\libgcc.a(_aeabi_uldivmod.o)
 .debug_frame   0x00005d04       0x34 C:/ST/STM32CubeIDE_1.17.0/STM32CubeIDE/plugins/com.st.stm32cube.ide.mcu.externaltools.gnu-tools-for-stm32.13.3.rel1.win32_1.0.0.202411081344/tools/bin/../lib/gcc/arm-none-eabi/13.3.1/thumb/v7e-m+fp/hard\libgcc.a(_udivmoddi4.o)

.debug_line_str
                0x00000000       0x53
 .debug_line_str
                0x00000000       0x53 ./Core/Startup/startup_stm32g474retx.o
